APPSMITH_GIT_ROOT: /appsmith-stacks/git-storage
{"level":"info","ts":1773002722.1171792,"msg":"using config from file","file":"/tmp/appsmith/Caddyfile"}
{"level":"warn","ts":1773002722.1176484,"msg":"The nested 'metrics' option inside `servers` is deprecated and will be removed in the next major version. Use the global 'metrics' option instead."}
{"level":"info","ts":1773002722.1186097,"msg":"adapted config to JSON","adapter":"caddyfile"}
{"level":"info","ts":1773002722.1503422,"msg":"maxprocs: Leaving GOMAXPROCS=8: CPU quota undefined"}
{"level":"info","ts":1773002722.1504347,"msg":"GOMEMLIMIT is updated","package":"github.com/KimMachineGun/automemlimit/memlimit","GOMEMLIMIT":7395607756,"previous":9223372036854775807}
{"level":"info","ts":1773002722.1504538,"msg":"using config from file","file":"/tmp/appsmith/Caddyfile"}
{"level":"warn","ts":1773002722.1507282,"msg":"The nested 'metrics' option inside `servers` is deprecated and will be removed in the next major version. Use the global 'metrics' option instead."}
{"level":"info","ts":1773002722.1518974,"msg":"adapted config to JSON","adapter":"caddyfile"}
{"level":"info","ts":1773002722.1564364,"logger":"admin","msg":"admin endpoint started","address":"0.0.0.0:2019","enforce_origin":false,"origins":["//0.0.0.0:2019"]}
{"level":"warn","ts":1773002722.1564503,"logger":"admin","msg":"admin endpoint on open interface; host checking disabled","address":"0.0.0.0:2019"}
{"level":"info","ts":1773002722.157183,"logger":"tls.cache.maintenance","msg":"started background certificate maintenance","cache":"0x40006a5c80"}
{"level":"warn","ts":1773002722.1616306,"logger":"http.auto_https","msg":"server is listening only on the HTTP port, so no automatic HTTPS will be applied to this server","server_name":"srv0","http_port":80}
{"level":"warn","ts":1773002722.1634347,"logger":"http","msg":"HTTP/2 skipped because it requires TLS","network":"tcp","addr":":80"}
{"level":"warn","ts":1773002722.163445,"logger":"http","msg":"HTTP/3 skipped because it requires TLS","network":"tcp","addr":":80"}
{"level":"info","ts":1773002722.1634462,"logger":"http.log","msg":"server running","name":"srv0","protocols":["h1","h2","h3"]}
{"level":"info","ts":1773002722.1634653,"msg":"serving initial configuration"}
{"level":"info","ts":1773002722.165081,"logger":"tls","msg":"storage cleaning happened too recently; skipping for now","storage":"FileStorage:/appsmith-stacks/data/caddy","instance":"e5b5cdbf-d8c6-4b6e-9f02-e2b0dbe74def","try_again":1773089122.1650803,"try_again_in":86399.99999975}
{"level":"info","ts":1773002722.1652584,"logger":"tls","msg":"finished cleaning storage units"}
{"level":"info","ts":1773004839.529698,"msg":"quitting process immediately","signal":"SIGQUIT"}
