APPSMITH_GIT_ROOT: /appsmith-stacks/git-storage
{"level":"info","ts":1776787559.82357,"msg":"using config from file","file":"/tmp/appsmith/Caddyfile"}
{"level":"warn","ts":1776787559.82395,"msg":"The nested 'metrics' option inside `servers` is deprecated and will be removed in the next major version. Use the global 'metrics' option instead."}
{"level":"info","ts":1776787559.8252099,"msg":"adapted config to JSON","adapter":"caddyfile"}
{"level":"info","ts":1776787559.8472369,"msg":"maxprocs: Leaving GOMAXPROCS=8: CPU quota undefined"}
{"level":"info","ts":1776787559.8473825,"msg":"GOMEMLIMIT is updated","package":"github.com/KimMachineGun/automemlimit/memlimit","GOMEMLIMIT":7395607756,"previous":9223372036854775807}
{"level":"info","ts":1776787559.847397,"msg":"using config from file","file":"/tmp/appsmith/Caddyfile"}
{"level":"warn","ts":1776787559.8475976,"msg":"The nested 'metrics' option inside `servers` is deprecated and will be removed in the next major version. Use the global 'metrics' option instead."}
{"level":"info","ts":1776787559.848524,"msg":"adapted config to JSON","adapter":"caddyfile"}
{"level":"info","ts":1776787559.8509736,"logger":"admin","msg":"admin endpoint started","address":"0.0.0.0:2019","enforce_origin":false,"origins":["//0.0.0.0:2019"]}
{"level":"warn","ts":1776787559.8509905,"logger":"admin","msg":"admin endpoint on open interface; host checking disabled","address":"0.0.0.0:2019"}
{"level":"info","ts":1776787559.8520546,"logger":"tls.cache.maintenance","msg":"started background certificate maintenance","cache":"0x40001ae180"}
{"level":"warn","ts":1776787559.855297,"logger":"http.auto_https","msg":"server is listening only on the HTTP port, so no automatic HTTPS will be applied to this server","server_name":"srv0","http_port":80}
{"level":"warn","ts":1776787559.8578908,"logger":"http","msg":"HTTP/2 skipped because it requires TLS","network":"tcp","addr":":80"}
{"level":"warn","ts":1776787559.8579028,"logger":"http","msg":"HTTP/3 skipped because it requires TLS","network":"tcp","addr":":80"}
{"level":"info","ts":1776787559.8579047,"logger":"http.log","msg":"server running","name":"srv0","protocols":["h1","h2","h3"]}
{"level":"info","ts":1776787559.857925,"msg":"serving initial configuration"}
{"level":"info","ts":1776787559.8589647,"logger":"tls","msg":"storage cleaning happened too recently; skipping for now","storage":"FileStorage:/appsmith-stacks/data/caddy","instance":"e5b5cdbf-d8c6-4b6e-9f02-e2b0dbe74def","try_again":1776873959.8589642,"try_again_in":86399.999999792}
{"level":"info","ts":1776787559.859059,"logger":"tls","msg":"finished cleaning storage units"}
{"level":"info","ts":1776789398.8660116,"msg":"quitting process immediately","signal":"SIGQUIT"}
APPSMITH_GIT_ROOT: /appsmith-stacks/git-storage
{"level":"info","ts":1776870002.8195906,"msg":"using config from file","file":"/tmp/appsmith/Caddyfile"}
{"level":"warn","ts":1776870002.8197985,"msg":"The nested 'metrics' option inside `servers` is deprecated and will be removed in the next major version. Use the global 'metrics' option instead."}
{"level":"info","ts":1776870002.820829,"msg":"adapted config to JSON","adapter":"caddyfile"}
{"level":"info","ts":1776870002.84269,"msg":"maxprocs: Leaving GOMAXPROCS=8: CPU quota undefined"}
{"level":"info","ts":1776870002.8427653,"msg":"GOMEMLIMIT is updated","package":"github.com/KimMachineGun/automemlimit/memlimit","GOMEMLIMIT":7395607756,"previous":9223372036854775807}
{"level":"info","ts":1776870002.842779,"msg":"using config from file","file":"/tmp/appsmith/Caddyfile"}
{"level":"warn","ts":1776870002.8429925,"msg":"The nested 'metrics' option inside `servers` is deprecated and will be removed in the next major version. Use the global 'metrics' option instead."}
{"level":"info","ts":1776870002.8440166,"msg":"adapted config to JSON","adapter":"caddyfile"}
{"level":"info","ts":1776870002.8468313,"logger":"admin","msg":"admin endpoint started","address":"0.0.0.0:2019","enforce_origin":false,"origins":["//0.0.0.0:2019"]}
{"level":"warn","ts":1776870002.8468478,"logger":"admin","msg":"admin endpoint on open interface; host checking disabled","address":"0.0.0.0:2019"}
{"level":"info","ts":1776870002.8481834,"logger":"tls.cache.maintenance","msg":"started background certificate maintenance","cache":"0x4000746800"}
{"level":"warn","ts":1776870002.8509207,"logger":"http.auto_https","msg":"server is listening only on the HTTP port, so no automatic HTTPS will be applied to this server","server_name":"srv0","http_port":80}
{"level":"warn","ts":1776870002.8532035,"logger":"http","msg":"HTTP/2 skipped because it requires TLS","network":"tcp","addr":":80"}
{"level":"warn","ts":1776870002.853211,"logger":"http","msg":"HTTP/3 skipped because it requires TLS","network":"tcp","addr":":80"}
{"level":"info","ts":1776870002.8532145,"logger":"http.log","msg":"server running","name":"srv0","protocols":["h1","h2","h3"]}
{"level":"info","ts":1776870002.853236,"msg":"serving initial configuration"}
{"level":"info","ts":1776870002.8540783,"logger":"tls","msg":"storage cleaning happened too recently; skipping for now","storage":"FileStorage:/appsmith-stacks/data/caddy","instance":"e5b5cdbf-d8c6-4b6e-9f02-e2b0dbe74def","try_again":1776956402.8540773,"try_again_in":86399.999999667}
{"level":"info","ts":1776870002.8542516,"logger":"tls","msg":"finished cleaning storage units"}
{"level":"info","ts":1776870103.8644211,"msg":"quitting process immediately","signal":"SIGQUIT"}
