APPSMITH_GIT_ROOT: /appsmith-stacks/git-storage
{"level":"info","ts":1772213590.6157932,"msg":"using config from file","file":"/tmp/appsmith/Caddyfile"}
{"level":"warn","ts":1772213590.6160226,"msg":"The nested 'metrics' option inside `servers` is deprecated and will be removed in the next major version. Use the global 'metrics' option instead."}
{"level":"info","ts":1772213590.6188002,"msg":"adapted config to JSON","adapter":"caddyfile"}
{"level":"info","ts":1772213590.646203,"msg":"maxprocs: Leaving GOMAXPROCS=8: CPU quota undefined"}
{"level":"info","ts":1772213590.6463835,"msg":"GOMEMLIMIT is updated","package":"github.com/KimMachineGun/automemlimit/memlimit","GOMEMLIMIT":7395898982,"previous":9223372036854775807}
{"level":"info","ts":1772213590.6464033,"msg":"using config from file","file":"/tmp/appsmith/Caddyfile"}
{"level":"warn","ts":1772213590.646734,"msg":"The nested 'metrics' option inside `servers` is deprecated and will be removed in the next major version. Use the global 'metrics' option instead."}
{"level":"info","ts":1772213590.6476865,"msg":"adapted config to JSON","adapter":"caddyfile"}
{"level":"info","ts":1772213590.6501224,"logger":"admin","msg":"admin endpoint started","address":"0.0.0.0:2019","enforce_origin":false,"origins":["//0.0.0.0:2019"]}
{"level":"warn","ts":1772213590.65013,"logger":"admin","msg":"admin endpoint on open interface; host checking disabled","address":"0.0.0.0:2019"}
{"level":"info","ts":1772213590.6512125,"logger":"tls.cache.maintenance","msg":"started background certificate maintenance","cache":"0x40004a3880"}
{"level":"warn","ts":1772213590.6538231,"logger":"http.auto_https","msg":"server is listening only on the HTTP port, so no automatic HTTPS will be applied to this server","server_name":"srv0","http_port":80}
{"level":"warn","ts":1772213590.655661,"logger":"http","msg":"HTTP/2 skipped because it requires TLS","network":"tcp","addr":":80"}
{"level":"warn","ts":1772213590.6556668,"logger":"http","msg":"HTTP/3 skipped because it requires TLS","network":"tcp","addr":":80"}
{"level":"info","ts":1772213590.6556683,"logger":"http.log","msg":"server running","name":"srv0","protocols":["h1","h2","h3"]}
{"level":"info","ts":1772213590.6556845,"msg":"serving initial configuration"}
{"level":"info","ts":1772213590.6568644,"logger":"tls","msg":"storage cleaning happened too recently; skipping for now","storage":"FileStorage:/appsmith-stacks/data/caddy","instance":"e5b5cdbf-d8c6-4b6e-9f02-e2b0dbe74def","try_again":1772299990.6568637,"try_again_in":86399.999999791}
{"level":"info","ts":1772213590.6570005,"logger":"tls","msg":"finished cleaning storage units"}
{"level":"info","ts":1772214453.6371715,"msg":"quitting process immediately","signal":"SIGQUIT"}
