APPSMITH_GIT_ROOT: /appsmith-stacks/git-storage
{"level":"info","ts":1773244110.8177903,"msg":"using config from file","file":"/tmp/appsmith/Caddyfile"}
{"level":"warn","ts":1773244110.8180227,"msg":"The nested 'metrics' option inside `servers` is deprecated and will be removed in the next major version. Use the global 'metrics' option instead."}
{"level":"info","ts":1773244110.8190794,"msg":"adapted config to JSON","adapter":"caddyfile"}
{"level":"info","ts":1773244110.8462183,"msg":"maxprocs: Leaving GOMAXPROCS=8: CPU quota undefined"}
{"level":"info","ts":1773244110.8462913,"msg":"GOMEMLIMIT is updated","package":"github.com/KimMachineGun/automemlimit/memlimit","GOMEMLIMIT":7395607756,"previous":9223372036854775807}
{"level":"info","ts":1773244110.8463078,"msg":"using config from file","file":"/tmp/appsmith/Caddyfile"}
{"level":"warn","ts":1773244110.846526,"msg":"The nested 'metrics' option inside `servers` is deprecated and will be removed in the next major version. Use the global 'metrics' option instead."}
{"level":"info","ts":1773244110.8478465,"msg":"adapted config to JSON","adapter":"caddyfile"}
{"level":"info","ts":1773244110.8505375,"logger":"admin","msg":"admin endpoint started","address":"0.0.0.0:2019","enforce_origin":false,"origins":["//0.0.0.0:2019"]}
{"level":"warn","ts":1773244110.8506029,"logger":"admin","msg":"admin endpoint on open interface; host checking disabled","address":"0.0.0.0:2019"}
{"level":"info","ts":1773244110.852539,"logger":"tls.cache.maintenance","msg":"started background certificate maintenance","cache":"0x40001aef00"}
{"level":"warn","ts":1773244110.8565922,"logger":"http.auto_https","msg":"server is listening only on the HTTP port, so no automatic HTTPS will be applied to this server","server_name":"srv0","http_port":80}
{"level":"warn","ts":1773244110.8597848,"logger":"http","msg":"HTTP/2 skipped because it requires TLS","network":"tcp","addr":":80"}
{"level":"warn","ts":1773244110.8597984,"logger":"http","msg":"HTTP/3 skipped because it requires TLS","network":"tcp","addr":":80"}
{"level":"info","ts":1773244110.8598,"logger":"http.log","msg":"server running","name":"srv0","protocols":["h1","h2","h3"]}
{"level":"info","ts":1773244110.8598194,"msg":"serving initial configuration"}
{"level":"info","ts":1773244110.8611062,"logger":"tls","msg":"storage cleaning happened too recently; skipping for now","storage":"FileStorage:/appsmith-stacks/data/caddy","instance":"e5b5cdbf-d8c6-4b6e-9f02-e2b0dbe74def","try_again":1773330510.8611052,"try_again_in":86399.999999791}
{"level":"info","ts":1773244110.861286,"logger":"tls","msg":"finished cleaning storage units"}
{"level":"info","ts":1773249567.3866768,"msg":"quitting process immediately","signal":"SIGQUIT"}
