{"t":{"$date":"2026-04-24T16:03:53.276+00:00"},"s":"I",  "c":"CONTROL",  "id":23285,   "ctx":"-","msg":"Automatically disabling TLS 1.0, to force-enable TLS 1.0 specify --sslDisabledProtocols 'none'"}
{"t":{"$date":"2026-04-24T16:03:53.276+00:00"},"s":"I",  "c":"NETWORK",  "id":4915701, "ctx":"-","msg":"Initialized wire specification","attr":{"spec":{"incomingExternalClient":{"minWireVersion":0,"maxWireVersion":17},"incomingInternalClient":{"minWireVersion":0,"maxWireVersion":17},"outgoing":{"minWireVersion":6,"maxWireVersion":17},"isInternalClient":true}}}
{"t":{"$date":"2026-04-24T16:03:53.277+00:00"},"s":"I",  "c":"NETWORK",  "id":4648601, "ctx":"main","msg":"Implicit TCP FastOpen unavailable. If TCP FastOpen is required, set tcpFastOpenServer, tcpFastOpenClient, and tcpFastOpenQueueSize."}
{"t":{"$date":"2026-04-24T16:03:53.298+00:00"},"s":"I",  "c":"REPL",     "id":5123008, "ctx":"main","msg":"Successfully registered PrimaryOnlyService","attr":{"service":"TenantMigrationDonorService","namespace":"config.tenantMigrationDonors"}}
{"t":{"$date":"2026-04-24T16:03:53.298+00:00"},"s":"I",  "c":"REPL",     "id":5123008, "ctx":"main","msg":"Successfully registered PrimaryOnlyService","attr":{"service":"TenantMigrationRecipientService","namespace":"config.tenantMigrationRecipients"}}
{"t":{"$date":"2026-04-24T16:03:53.298+00:00"},"s":"I",  "c":"REPL",     "id":5123008, "ctx":"main","msg":"Successfully registered PrimaryOnlyService","attr":{"service":"ShardSplitDonorService","namespace":"config.tenantSplitDonors"}}
{"t":{"$date":"2026-04-24T16:03:53.298+00:00"},"s":"I",  "c":"CONTROL",  "id":5945603, "ctx":"main","msg":"Multi threading initialized"}
{"t":{"$date":"2026-04-24T16:03:53.298+00:00"},"s":"I",  "c":"CONTROL",  "id":4615611, "ctx":"initandlisten","msg":"MongoDB starting","attr":{"pid":1679,"port":27017,"dbPath":".","architecture":"64-bit","host":"feb47b4d48a4"}}
{"t":{"$date":"2026-04-24T16:03:53.298+00:00"},"s":"I",  "c":"CONTROL",  "id":23403,   "ctx":"initandlisten","msg":"Build Info","attr":{"buildInfo":{"version":"6.0.27","gitVersion":"fc88ca137231d7457aed6265d4f32a361ae71716","openSSLVersion":"OpenSSL 3.0.13 30 Jan 2024","modules":[],"allocator":"tcmalloc","environment":{"distmod":"ubuntu2204","distarch":"aarch64","target_arch":"aarch64"}}}}
{"t":{"$date":"2026-04-24T16:03:53.299+00:00"},"s":"I",  "c":"CONTROL",  "id":51765,   "ctx":"initandlisten","msg":"Operating System","attr":{"os":{"name":"Ubuntu","version":"24.04"}}}
{"t":{"$date":"2026-04-24T16:03:53.299+00:00"},"s":"I",  "c":"CONTROL",  "id":21951,   "ctx":"initandlisten","msg":"Options set by command line","attr":{"options":{"net":{"bindIp":"localhost","port":27017},"replication":{"replSet":"mr1"},"security":{"keyFile":"/tmp/appsmith/mongodb-key"},"storage":{"dbPath":"."},"systemLog":{"destination":"file","path":"/appsmith-stacks/logs/mongodb/db.log"}}}}
{"t":{"$date":"2026-04-24T16:03:53.300+00:00"},"s":"W",  "c":"STORAGE",  "id":22271,   "ctx":"initandlisten","msg":"Detected unclean shutdown - Lock file is not empty","attr":{"lockFile":"./mongod.lock"}}
{"t":{"$date":"2026-04-24T16:03:53.301+00:00"},"s":"I",  "c":"STORAGE",  "id":22270,   "ctx":"initandlisten","msg":"Storage engine to use detected by data files","attr":{"dbpath":".","storageEngine":"wiredTiger"}}
{"t":{"$date":"2026-04-24T16:03:53.301+00:00"},"s":"W",  "c":"STORAGE",  "id":22302,   "ctx":"initandlisten","msg":"Recovering data from the last clean checkpoint."}
{"t":{"$date":"2026-04-24T16:03:53.301+00:00"},"s":"I",  "c":"STORAGE",  "id":22315,   "ctx":"initandlisten","msg":"Opening WiredTiger","attr":{"config":"create,cache_size=3456M,session_max=33000,eviction=(threads_min=4,threads_max=4),config_base=false,statistics=(fast),log=(enabled=true,remove=true,path=journal,compressor=snappy),builtin_extension_config=(zstd=(compression_level=6)),file_manager=(close_idle_time=600,close_scan_interval=10,close_handle_minimum=2000),statistics_log=(wait=0),json_output=(error,message),verbose=[recovery_progress:1,checkpoint_progress:1,compact_progress:1,backup:0,checkpoint:0,compact:0,evict:0,history_store:0,recovery:0,rts:0,salvage:0,tiered:0,timestamp:0,transaction:0,verify:0,log:0],"}}
{"t":{"$date":"2026-04-24T16:03:53.786+00:00"},"s":"I",  "c":"WTRECOV",  "id":22430,   "ctx":"initandlisten","msg":"WiredTiger message","attr":{"message":{"ts_sec":1777046633,"ts_usec":785352,"thread":"1679:0xffff98d67040","session_name":"txn-recover","category":"WT_VERB_RECOVERY_PROGRESS","category_id":30,"verbose_level":"DEBUG","verbose_level_id":1,"msg":"Recovering log 16 through 17"}}}
{"t":{"$date":"2026-04-24T16:03:53.882+00:00"},"s":"I",  "c":"WTRECOV",  "id":22430,   "ctx":"initandlisten","msg":"WiredTiger message","attr":{"message":{"ts_sec":1777046633,"ts_usec":882266,"thread":"1679:0xffff98d67040","session_name":"txn-recover","category":"WT_VERB_RECOVERY_PROGRESS","category_id":30,"verbose_level":"DEBUG","verbose_level_id":1,"msg":"Recovering log 17 through 17"}}}
{"t":{"$date":"2026-04-24T16:03:53.973+00:00"},"s":"I",  "c":"WTRECOV",  "id":22430,   "ctx":"initandlisten","msg":"WiredTiger message","attr":{"message":{"ts_sec":1777046633,"ts_usec":973497,"thread":"1679:0xffff98d67040","session_name":"txn-recover","category":"WT_VERB_RECOVERY_PROGRESS","category_id":30,"verbose_level":"DEBUG","verbose_level_id":1,"msg":"Main recovery loop: starting at 16/252544 to 17/256"}}}
{"t":{"$date":"2026-04-24T16:03:53.975+00:00"},"s":"I",  "c":"WTRECOV",  "id":22430,   "ctx":"initandlisten","msg":"WiredTiger message","attr":{"message":{"ts_sec":1777046633,"ts_usec":975903,"thread":"1679:0xffff98d67040","session_name":"txn-recover","category":"WT_VERB_RECOVERY_PROGRESS","category_id":30,"verbose_level":"DEBUG","verbose_level_id":1,"msg":"Recovering log 16 through 17"}}}
{"t":{"$date":"2026-04-24T16:03:54.046+00:00"},"s":"I",  "c":"WTRECOV",  "id":22430,   "ctx":"initandlisten","msg":"WiredTiger message","attr":{"message":{"ts_sec":1777046634,"ts_usec":46668,"thread":"1679:0xffff98d67040","session_dhandle_name":"file:collection-0--5824192986450501387.wt","session_name":"txn-recover","category":"WT_VERB_RECOVERY_PROGRESS","category_id":30,"verbose_level":"DEBUG","verbose_level_id":1,"msg":"Recovering log 17 through 17"}}}
{"t":{"$date":"2026-04-24T16:03:54.064+00:00"},"s":"I",  "c":"WTRECOV",  "id":22430,   "ctx":"initandlisten","msg":"WiredTiger message","attr":{"message":{"ts_sec":1777046634,"ts_usec":64254,"thread":"1679:0xffff98d67040","session_dhandle_name":"file:collection-0--5824192986450501387.wt","session_name":"txn-recover","category":"WT_VERB_RECOVERY_PROGRESS","category_id":30,"verbose_level":"DEBUG","verbose_level_id":1,"msg":"recovery log replay has successfully finished and ran for 280 milliseconds"}}}
{"t":{"$date":"2026-04-24T16:03:54.064+00:00"},"s":"I",  "c":"WTRECOV",  "id":22430,   "ctx":"initandlisten","msg":"WiredTiger message","attr":{"message":{"ts_sec":1777046634,"ts_usec":64393,"thread":"1679:0xffff98d67040","session_dhandle_name":"file:collection-0--5824192986450501387.wt","session_name":"txn-recover","category":"WT_VERB_RECOVERY_PROGRESS","category_id":30,"verbose_level":"DEBUG","verbose_level_id":1,"msg":"Set global recovery timestamp: (1776875691, 1)"}}}
{"t":{"$date":"2026-04-24T16:03:54.064+00:00"},"s":"I",  "c":"WTRECOV",  "id":22430,   "ctx":"initandlisten","msg":"WiredTiger message","attr":{"message":{"ts_sec":1777046634,"ts_usec":64431,"thread":"1679:0xffff98d67040","session_dhandle_name":"file:collection-0--5824192986450501387.wt","session_name":"txn-recover","category":"WT_VERB_RECOVERY_PROGRESS","category_id":30,"verbose_level":"DEBUG","verbose_level_id":1,"msg":"Set global oldest timestamp: (1776875391, 1)"}}}
{"t":{"$date":"2026-04-24T16:03:54.067+00:00"},"s":"I",  "c":"WTRECOV",  "id":22430,   "ctx":"initandlisten","msg":"WiredTiger message","attr":{"message":{"ts_sec":1777046634,"ts_usec":67868,"thread":"1679:0xffff98d67040","session_dhandle_name":"file:collection-0--5824192986450501387.wt","session_name":"txn-recover","category":"WT_VERB_RECOVERY_PROGRESS","category_id":30,"verbose_level":"DEBUG","verbose_level_id":1,"msg":"recovery rollback to stable has successfully finished and ran for 3 milliseconds"}}}
{"t":{"$date":"2026-04-24T16:03:54.073+00:00"},"s":"I",  "c":"WTCHKPT",  "id":22430,   "ctx":"initandlisten","msg":"WiredTiger message","attr":{"message":{"ts_sec":1777046634,"ts_usec":73179,"thread":"1679:0xffff98d67040","session_name":"WT_SESSION.checkpoint","category":"WT_VERB_CHECKPOINT_PROGRESS","category_id":6,"verbose_level":"DEBUG","verbose_level_id":1,"msg":"saving checkpoint snapshot min: 26, snapshot max: 26 snapshot count: 0, oldest timestamp: (1776875391, 1) , meta checkpoint timestamp: (1776875691, 1) base write gen: 2523"}}}
{"t":{"$date":"2026-04-24T16:03:54.076+00:00"},"s":"I",  "c":"WTRECOV",  "id":22430,   "ctx":"initandlisten","msg":"WiredTiger message","attr":{"message":{"ts_sec":1777046634,"ts_usec":76279,"thread":"1679:0xffff98d67040","session_dhandle_name":"file:collection-0--5824192986450501387.wt","session_name":"txn-recover","category":"WT_VERB_RECOVERY_PROGRESS","category_id":30,"verbose_level":"DEBUG","verbose_level_id":1,"msg":"recovery checkpoint has successfully finished and ran for 8 milliseconds"}}}
{"t":{"$date":"2026-04-24T16:03:54.076+00:00"},"s":"I",  "c":"WTRECOV",  "id":22430,   "ctx":"initandlisten","msg":"WiredTiger message","attr":{"message":{"ts_sec":1777046634,"ts_usec":76649,"thread":"1679:0xffff98d67040","session_dhandle_name":"file:collection-0--5824192986450501387.wt","session_name":"txn-recover","category":"WT_VERB_RECOVERY_PROGRESS","category_id":30,"verbose_level":"DEBUG","verbose_level_id":1,"msg":"recovery was completed successfully and took 292ms, including 280ms for the log replay, 3ms for the rollback to stable, and 8ms for the checkpoint."}}}
{"t":{"$date":"2026-04-24T16:03:54.077+00:00"},"s":"I",  "c":"STORAGE",  "id":4795906, "ctx":"initandlisten","msg":"WiredTiger opened","attr":{"durationMillis":776}}
{"t":{"$date":"2026-04-24T16:03:54.077+00:00"},"s":"I",  "c":"RECOVERY", "id":23987,   "ctx":"initandlisten","msg":"WiredTiger recoveryTimestamp","attr":{"recoveryTimestamp":{"$timestamp":{"t":1776875691,"i":1}}}}
{"t":{"$date":"2026-04-24T16:03:54.077+00:00"},"s":"I",  "c":"RECOVERY", "id":5380106, "ctx":"initandlisten","msg":"WiredTiger oldestTimestamp","attr":{"oldestTimestamp":{"$timestamp":{"t":1776875391,"i":1}}}}
{"t":{"$date":"2026-04-24T16:03:54.137+00:00"},"s":"I",  "c":"STORAGE",  "id":22383,   "ctx":"initandlisten","msg":"The size storer reports that the oplog contains","attr":{"numRecords":3387,"dataSize":4416563}}
{"t":{"$date":"2026-04-24T16:03:54.137+00:00"},"s":"I",  "c":"STORAGE",  "id":22384,   "ctx":"initandlisten","msg":"Scanning the oplog to determine where to place markers for truncation"}
{"t":{"$date":"2026-04-24T16:03:54.140+00:00"},"s":"I",  "c":"STORAGE",  "id":22382,   "ctx":"initandlisten","msg":"WiredTiger record store oplog processing finished","attr":{"durationMillis":3}}
{"t":{"$date":"2026-04-24T16:03:54.149+00:00"},"s":"W",  "c":"CONTROL",  "id":22138,   "ctx":"initandlisten","msg":"You are running this process as the root user, which is not recommended","tags":["startupWarnings"]}
{"t":{"$date":"2026-04-24T16:03:54.149+00:00"},"s":"W",  "c":"CONTROL",  "id":22178,   "ctx":"initandlisten","msg":"/sys/kernel/mm/transparent_hugepage/enabled is 'always'. We suggest setting it to 'never' in this binary version","tags":["startupWarnings"]}
{"t":{"$date":"2026-04-24T16:03:54.149+00:00"},"s":"W",  "c":"CONTROL",  "id":5123300, "ctx":"initandlisten","msg":"vm.max_map_count is too low","attr":{"currentValue":262144,"recommendedMinimum":1677720,"maxConns":838860},"tags":["startupWarnings"]}
{"t":{"$date":"2026-04-24T16:03:54.154+00:00"},"s":"I",  "c":"NETWORK",  "id":4915702, "ctx":"initandlisten","msg":"Updated wire specification","attr":{"oldSpec":{"incomingExternalClient":{"minWireVersion":0,"maxWireVersion":17},"incomingInternalClient":{"minWireVersion":0,"maxWireVersion":17},"outgoing":{"minWireVersion":6,"maxWireVersion":17},"isInternalClient":true},"newSpec":{"incomingExternalClient":{"minWireVersion":0,"maxWireVersion":17},"incomingInternalClient":{"minWireVersion":17,"maxWireVersion":17},"outgoing":{"minWireVersion":17,"maxWireVersion":17},"isInternalClient":true}}}
{"t":{"$date":"2026-04-24T16:03:54.154+00:00"},"s":"I",  "c":"REPL",     "id":5853300, "ctx":"initandlisten","msg":"current featureCompatibilityVersion value","attr":{"featureCompatibilityVersion":"6.0","context":"startup"}}
{"t":{"$date":"2026-04-24T16:03:54.154+00:00"},"s":"I",  "c":"STORAGE",  "id":5071100, "ctx":"initandlisten","msg":"Clearing temp directory"}
{"t":{"$date":"2026-04-24T16:03:54.187+00:00"},"s":"I",  "c":"CONTROL",  "id":20536,   "ctx":"initandlisten","msg":"Flow Control is enabled on this deployment"}
{"t":{"$date":"2026-04-24T16:03:54.187+00:00"},"s":"I",  "c":"STORAGE",  "id":5380103, "ctx":"initandlisten","msg":"Unpin oldest timestamp request","attr":{"service":"_wt_startup","requestedTs":{"$timestamp":{"t":1776875391,"i":1}}}}
{"t":{"$date":"2026-04-24T16:03:54.187+00:00"},"s":"I",  "c":"FTDC",     "id":20625,   "ctx":"initandlisten","msg":"Initializing full-time diagnostic data capture","attr":{"dataDirectory":"./diagnostic.data"}}
{"t":{"$date":"2026-04-24T16:03:54.244+00:00"},"s":"I",  "c":"REPL",     "id":6015317, "ctx":"initandlisten","msg":"Setting new configuration state","attr":{"newState":"ConfigStartingUp","oldState":"ConfigPreStart"}}
{"t":{"$date":"2026-04-24T16:03:54.244+00:00"},"s":"I",  "c":"REPL",     "id":6005300, "ctx":"initandlisten","msg":"Starting up replica set aware services"}
{"t":{"$date":"2026-04-24T16:03:54.246+00:00"},"s":"I",  "c":"REPL",     "id":4280500, "ctx":"initandlisten","msg":"Attempting to create internal replication collections"}
{"t":{"$date":"2026-04-24T16:03:54.250+00:00"},"s":"I",  "c":"-",        "id":4939300, "ctx":"monitoring-keys-for-HMAC","msg":"Failed to refresh key cache","attr":{"error":"ReadConcernMajorityNotAvailableYet: Read concern majority reads are currently not possible.","nextWakeupMillis":200}}
{"t":{"$date":"2026-04-24T16:03:54.252+00:00"},"s":"I",  "c":"REPL",     "id":4280501, "ctx":"initandlisten","msg":"Attempting to load local voted for document"}
{"t":{"$date":"2026-04-24T16:03:54.252+00:00"},"s":"I",  "c":"REPL",     "id":4280502, "ctx":"initandlisten","msg":"Searching for local Rollback ID document"}
{"t":{"$date":"2026-04-24T16:03:54.261+00:00"},"s":"I",  "c":"REPL",     "id":21529,   "ctx":"initandlisten","msg":"Initializing rollback ID","attr":{"rbid":14}}
{"t":{"$date":"2026-04-24T16:03:54.261+00:00"},"s":"I",  "c":"REPL",     "id":501401,  "ctx":"initandlisten","msg":"Incrementing the rollback ID after unclean shutdown"}
{"t":{"$date":"2026-04-24T16:03:54.261+00:00"},"s":"I",  "c":"REPL",     "id":21532,   "ctx":"initandlisten","msg":"Incremented the rollback ID","attr":{"rbid":15}}
{"t":{"$date":"2026-04-24T16:03:54.262+00:00"},"s":"I",  "c":"REPL",     "id":4280504, "ctx":"initandlisten","msg":"Cleaning up any partially applied oplog batches & reading last op from oplog"}
{"t":{"$date":"2026-04-24T16:03:54.266+00:00"},"s":"I",  "c":"REPL",     "id":21557,   "ctx":"initandlisten","msg":"Removing unapplied oplog entries after oplogTruncateAfterPoint","attr":{"oplogTruncateAfterPoint":{"":{"$timestamp":{"t":1776879620,"i":1}}}}}
{"t":{"$date":"2026-04-24T16:03:54.266+00:00"},"s":"I",  "c":"REPL",     "id":21553,   "ctx":"initandlisten","msg":"Truncating oplog from truncateAfterOplogEntryTimestamp (non-inclusive)","attr":{"truncateAfterOplogEntryTimestamp":{"$timestamp":{"t":1776879620,"i":1}},"oplogTruncateAfterPoint":{"$timestamp":{"t":1776879620,"i":1}}}}
{"t":{"$date":"2026-04-24T16:03:54.266+00:00"},"s":"I",  "c":"REPL",     "id":21554,   "ctx":"initandlisten","msg":"Replication recovery oplog truncation finished","attr":{"durationMillis":0}}
{"t":{"$date":"2026-04-24T16:03:54.266+00:00"},"s":"I",  "c":"CONTROL",  "id":6608200, "ctx":"initandlisten","msg":"Initializing cluster server parameters from disk"}
{"t":{"$date":"2026-04-24T16:03:54.267+00:00"},"s":"I",  "c":"REPL",     "id":21544,   "ctx":"initandlisten","msg":"Recovering from stable timestamp","attr":{"stableTimestamp":{"$timestamp":{"t":1776875691,"i":1}},"topOfOplog":{"ts":{"$timestamp":{"t":1776879620,"i":1}},"t":15},"appliedThrough":{"ts":{"$timestamp":{"t":0,"i":0}},"t":-1}}}
{"t":{"$date":"2026-04-24T16:03:54.267+00:00"},"s":"I",  "c":"REPL",     "id":21545,   "ctx":"initandlisten","msg":"Starting recovery oplog application at the stable timestamp","attr":{"stableTimestamp":{"$timestamp":{"t":1776875691,"i":1}}}}
{"t":{"$date":"2026-04-24T16:03:54.267+00:00"},"s":"I",  "c":"REPL",     "id":5466604, "ctx":"initandlisten","msg":"Start point for recovery oplog application exists in oplog. No adjustment necessary","attr":{"startPoint":{"$timestamp":{"t":1776875691,"i":1}}}}
{"t":{"$date":"2026-04-24T16:03:54.267+00:00"},"s":"I",  "c":"REPL",     "id":21550,   "ctx":"initandlisten","msg":"Replaying stored operations from startPoint (exclusive) to endPoint (inclusive)","attr":{"startPoint":{"$timestamp":{"t":1776875691,"i":1}},"endPoint":{"$timestamp":{"t":1776879620,"i":1}}}}
{"t":{"$date":"2026-04-24T16:03:54.298+00:00"},"s":"I",  "c":"REPL",     "id":21536,   "ctx":"initandlisten","msg":"Completed oplog application for recovery","attr":{"numOpsApplied":9,"numBatches":1,"applyThroughOpTime":{"ts":{"$timestamp":{"t":1776879620,"i":1}},"t":15}}}
{"t":{"$date":"2026-04-24T16:03:54.298+00:00"},"s":"I",  "c":"REPL",     "id":4280505, "ctx":"initandlisten","msg":"Creating any necessary TenantMigrationAccessBlockers for unfinished migrations"}
{"t":{"$date":"2026-04-24T16:03:54.304+00:00"},"s":"I",  "c":"REPL",     "id":4280506, "ctx":"initandlisten","msg":"Reconstructing prepared transactions"}
{"t":{"$date":"2026-04-24T16:03:54.305+00:00"},"s":"I",  "c":"REPL",     "id":4280507, "ctx":"initandlisten","msg":"Loaded replica set config, scheduled callback to set local config"}
{"t":{"$date":"2026-04-24T16:03:54.305+00:00"},"s":"I",  "c":"STORAGE",  "id":22262,   "ctx":"initandlisten","msg":"Timestamp monitor starting"}
{"t":{"$date":"2026-04-24T16:03:54.305+00:00"},"s":"I",  "c":"REPL",     "id":4280508, "ctx":"ReplCoord-0","msg":"Attempting to set local replica set config; validating config for startup"}
{"t":{"$date":"2026-04-24T16:03:54.315+00:00"},"s":"I",  "c":"REPL",     "id":40440,   "ctx":"initandlisten","msg":"Starting the TopologyVersionObserver"}
{"t":{"$date":"2026-04-24T16:03:54.315+00:00"},"s":"I",  "c":"REPL",     "id":40445,   "ctx":"TopologyVersionObserver","msg":"Started TopologyVersionObserver"}
{"t":{"$date":"2026-04-24T16:03:54.316+00:00"},"s":"I",  "c":"NETWORK",  "id":23015,   "ctx":"listener","msg":"Listening on","attr":{"address":"/tmp/mongodb-27017.sock"}}
{"t":{"$date":"2026-04-24T16:03:54.316+00:00"},"s":"I",  "c":"NETWORK",  "id":23015,   "ctx":"listener","msg":"Listening on","attr":{"address":"127.0.0.1"}}
{"t":{"$date":"2026-04-24T16:03:54.316+00:00"},"s":"I",  "c":"NETWORK",  "id":23016,   "ctx":"listener","msg":"Waiting for connections","attr":{"port":27017,"ssl":"off"}}
{"t":{"$date":"2026-04-24T16:03:54.316+00:00"},"s":"I",  "c":"CONTROL",  "id":8423403, "ctx":"initandlisten","msg":"mongod startup complete","attr":{"Summary of time elapsed":{"Startup from clean shutdown?":false,"Statistics":{"Transport layer setup":"0 ms","Run initial syncer crash recovery":"0 ms","Create storage engine lock file in the data directory":"0 ms","Create storage engine lock file in the data directory":"0 ms","Get metadata describing storage engine":"0 ms","Get metadata describing storage engine":"0 ms","Validate options in metadata against current startup options":"0 ms","Validate options in metadata against current startup options":"0 ms","Create storage engine":"0 ms","Create storage engine":"844 ms","Write current PID to file":"0 ms","Write current PID to file":"0 ms","Initialize FCV before rebuilding indexes":"0 ms","Initialize FCV before rebuilding indexes":"5 ms","Drop abandoned idents and get back indexes that need to be rebuilt or builds that need to be restarted":"0 ms","Drop abandoned idents and get back indexes that need to be rebuilt or builds that need to be restarted":"0 ms","Rebuild indexes for collections":"0 ms","Rebuild indexes for collections":"0 ms","Build user and roles graph":"0 ms","Verify indexes for admin.system.users collection":"0 ms","Verify indexes for admin.system.users collection":"0 ms","Set up the background thread pool responsible for waiting for opTimes to be majority committed":"0 ms","Start up cluster time keys manager with a local/direct keys client":"0 ms","Start up the replication coordinator":"64 ms","Create an oplog view for tenant migrations":"0 ms","Start transport layer":"0 ms","_initAndListen total elapsed time":"1018 ms"}}}}
{"t":{"$date":"2026-04-24T16:03:54.316+00:00"},"s":"I",  "c":"NETWORK",  "id":22943,   "ctx":"listener","msg":"Connection accepted","attr":{"remote":"127.0.0.1:34578","uuid":"d6b9c061-617d-41e2-b798-f2722c362cd3","connectionId":2,"connectionCount":1}}
{"t":{"$date":"2026-04-24T16:03:54.330+00:00"},"s":"I",  "c":"CONTROL",  "id":20714,   "ctx":"LogicalSessionCacheRefresh","msg":"Failed to refresh session cache, will try again at the next refresh interval","attr":{"error":"NotYetInitialized: Replication has not yet been configured"}}
{"t":{"$date":"2026-04-24T16:03:54.330+00:00"},"s":"I",  "c":"CONTROL",  "id":20711,   "ctx":"LogicalSessionCacheReap","msg":"Failed to reap transaction table","attr":{"error":"NotYetInitialized: Replication has not yet been configured"}}
{"t":{"$date":"2026-04-24T16:03:54.338+00:00"},"s":"I",  "c":"ACCESS",   "id":20250,   "ctx":"conn2","msg":"Authentication succeeded","attr":{"mechanism":"SCRAM-SHA-256","speculative":false,"principalName":"__system","authenticationDatabase":"local","remote":"127.0.0.1:34578","extraInfo":{}}}
{"t":{"$date":"2026-04-24T16:03:54.338+00:00"},"s":"I",  "c":"REPL",     "id":4280509, "ctx":"ReplCoord-0","msg":"Local configuration validated for startup"}
{"t":{"$date":"2026-04-24T16:03:54.338+00:00"},"s":"I",  "c":"NETWORK",  "id":22944,   "ctx":"conn2","msg":"Connection ended","attr":{"remote":"127.0.0.1:34578","uuid":"d6b9c061-617d-41e2-b798-f2722c362cd3","connectionId":2,"connectionCount":0}}
{"t":{"$date":"2026-04-24T16:03:54.338+00:00"},"s":"I",  "c":"REPL",     "id":6015317, "ctx":"ReplCoord-0","msg":"Setting new configuration state","attr":{"newState":"ConfigSteady","oldState":"ConfigStartingUp"}}
{"t":{"$date":"2026-04-24T16:03:54.338+00:00"},"s":"I",  "c":"REPL",     "id":21392,   "ctx":"ReplCoord-0","msg":"New replica set config in use","attr":{"config":{"_id":"mr1","version":1,"term":15,"members":[{"_id":0,"host":"localhost:27017","arbiterOnly":false,"buildIndexes":true,"hidden":false,"priority":1,"tags":{},"secondaryDelaySecs":0,"votes":1}],"protocolVersion":1,"writeConcernMajorityJournalDefault":true,"settings":{"chainingAllowed":true,"heartbeatIntervalMillis":2000,"heartbeatTimeoutSecs":10,"electionTimeoutMillis":10000,"catchUpTimeoutMillis":-1,"catchUpTakeoverDelayMillis":30000,"getLastErrorModes":{},"getLastErrorDefaults":{"w":1,"wtimeout":0},"replicaSetId":{"$oid":"69a1d089dc508b6ae65c53ff"}}}}}
{"t":{"$date":"2026-04-24T16:03:54.338+00:00"},"s":"I",  "c":"REPL",     "id":21393,   "ctx":"ReplCoord-0","msg":"Found self in config","attr":{"hostAndPort":"localhost:27017"}}
{"t":{"$date":"2026-04-24T16:03:54.338+00:00"},"s":"I",  "c":"REPL",     "id":21358,   "ctx":"ReplCoord-0","msg":"Replica set state transition","attr":{"newState":"STARTUP2","oldState":"STARTUP"}}
{"t":{"$date":"2026-04-24T16:03:54.338+00:00"},"s":"I",  "c":"REPL",     "id":21320,   "ctx":"ReplCoord-0","msg":"Updated term","attr":{"term":15}}
{"t":{"$date":"2026-04-24T16:03:54.338+00:00"},"s":"I",  "c":"REPL",     "id":21306,   "ctx":"ReplCoord-0","msg":"Starting replication storage threads"}
{"t":{"$date":"2026-04-24T16:03:54.339+00:00"},"s":"I",  "c":"REPL",     "id":4280512, "ctx":"ReplCoord-0","msg":"No initial sync required. Attempting to begin steady replication"}
{"t":{"$date":"2026-04-24T16:03:54.339+00:00"},"s":"I",  "c":"REPL",     "id":21358,   "ctx":"ReplCoord-0","msg":"Replica set state transition","attr":{"newState":"RECOVERING","oldState":"STARTUP2"}}
{"t":{"$date":"2026-04-24T16:03:54.340+00:00"},"s":"I",  "c":"REPL",     "id":21299,   "ctx":"ReplCoord-0","msg":"Starting replication fetcher thread"}
{"t":{"$date":"2026-04-24T16:03:54.340+00:00"},"s":"I",  "c":"REPL",     "id":21300,   "ctx":"ReplCoord-0","msg":"Starting replication applier thread"}
{"t":{"$date":"2026-04-24T16:03:54.340+00:00"},"s":"I",  "c":"REPL",     "id":8423402, "ctx":"BackgroundSync","msg":"Failed to select a sync source on the first attempt. Starting second attempt"}
{"t":{"$date":"2026-04-24T16:03:54.340+00:00"},"s":"I",  "c":"REPL",     "id":21301,   "ctx":"ReplCoord-0","msg":"Starting replication reporter thread"}
{"t":{"$date":"2026-04-24T16:03:54.340+00:00"},"s":"I",  "c":"REPL",     "id":21224,   "ctx":"OplogApplier-0","msg":"Starting oplog application"}
{"t":{"$date":"2026-04-24T16:03:54.340+00:00"},"s":"I",  "c":"REPL",     "id":4280511, "ctx":"ReplCoord-0","msg":"Set local replica set config"}
{"t":{"$date":"2026-04-24T16:03:54.340+00:00"},"s":"I",  "c":"REPL",     "id":21358,   "ctx":"OplogApplier-0","msg":"Replica set state transition","attr":{"newState":"SECONDARY","oldState":"RECOVERING"}}
{"t":{"$date":"2026-04-24T16:03:54.340+00:00"},"s":"I",  "c":"ELECTION", "id":4615652, "ctx":"OplogApplier-0","msg":"Starting an election, since we've seen no PRIMARY in election timeout period","attr":{"electionTimeoutPeriodMillis":10000}}
{"t":{"$date":"2026-04-24T16:03:54.340+00:00"},"s":"I",  "c":"ELECTION", "id":21438,   "ctx":"OplogApplier-0","msg":"Conducting a dry run election to see if we could be elected","attr":{"currentTerm":15}}
{"t":{"$date":"2026-04-24T16:03:54.340+00:00"},"s":"I",  "c":"ELECTION", "id":21444,   "ctx":"ReplCoord-0","msg":"Dry election run succeeded, running for election","attr":{"newTerm":16}}
{"t":{"$date":"2026-04-24T16:03:54.341+00:00"},"s":"I",  "c":"ELECTION", "id":6015300, "ctx":"ReplCoord-0","msg":"Storing last vote document in local storage for my election","attr":{"lastVote":{"term":16,"candidateIndex":0}}}
{"t":{"$date":"2026-04-24T16:03:54.341+00:00"},"s":"I",  "c":"ELECTION", "id":21450,   "ctx":"ReplCoord-0","msg":"Election succeeded, assuming primary role","attr":{"term":16}}
{"t":{"$date":"2026-04-24T16:03:54.341+00:00"},"s":"I",  "c":"REPL",     "id":21358,   "ctx":"ReplCoord-0","msg":"Replica set state transition","attr":{"newState":"PRIMARY","oldState":"SECONDARY"}}
{"t":{"$date":"2026-04-24T16:03:54.341+00:00"},"s":"I",  "c":"REPL",     "id":21106,   "ctx":"ReplCoord-0","msg":"Resetting sync source to empty","attr":{"previousSyncSource":":27017"}}
{"t":{"$date":"2026-04-24T16:03:54.341+00:00"},"s":"I",  "c":"REPL",     "id":21359,   "ctx":"ReplCoord-0","msg":"Entering primary catch-up mode"}
{"t":{"$date":"2026-04-24T16:03:54.341+00:00"},"s":"I",  "c":"REPL",     "id":6015304, "ctx":"ReplCoord-0","msg":"Skipping primary catchup since we are the only node in the replica set."}
{"t":{"$date":"2026-04-24T16:03:54.341+00:00"},"s":"I",  "c":"REPL",     "id":21363,   "ctx":"ReplCoord-0","msg":"Exited primary catch-up mode"}
{"t":{"$date":"2026-04-24T16:03:54.341+00:00"},"s":"I",  "c":"REPL",     "id":21107,   "ctx":"ReplCoord-0","msg":"Stopping replication producer"}
{"t":{"$date":"2026-04-24T16:03:54.341+00:00"},"s":"I",  "c":"REPL",     "id":21239,   "ctx":"ReplBatcher","msg":"Oplog buffer has been drained","attr":{"term":16}}
{"t":{"$date":"2026-04-24T16:03:54.341+00:00"},"s":"I",  "c":"REPL",     "id":21343,   "ctx":"RstlKillOpThread","msg":"Starting to kill user operations"}
{"t":{"$date":"2026-04-24T16:03:54.341+00:00"},"s":"I",  "c":"REPL",     "id":21344,   "ctx":"RstlKillOpThread","msg":"Stopped killing user operations"}
{"t":{"$date":"2026-04-24T16:03:54.341+00:00"},"s":"I",  "c":"REPL",     "id":21340,   "ctx":"RstlKillOpThread","msg":"State transition ops metrics","attr":{"metrics":{"lastStateTransition":"stepUp","userOpsKilled":0,"userOpsRunning":1}}}
{"t":{"$date":"2026-04-24T16:03:54.341+00:00"},"s":"I",  "c":"REPL",     "id":4508103, "ctx":"OplogApplier-0","msg":"Increment the config term via reconfig"}
{"t":{"$date":"2026-04-24T16:03:54.342+00:00"},"s":"I",  "c":"REPL",     "id":6015313, "ctx":"OplogApplier-0","msg":"Replication config state is Steady, starting reconfig"}
{"t":{"$date":"2026-04-24T16:03:54.342+00:00"},"s":"I",  "c":"REPL",     "id":6015317, "ctx":"OplogApplier-0","msg":"Setting new configuration state","attr":{"newState":"ConfigReconfiguring","oldState":"ConfigSteady"}}
{"t":{"$date":"2026-04-24T16:03:54.342+00:00"},"s":"I",  "c":"REPL",     "id":21353,   "ctx":"OplogApplier-0","msg":"replSetReconfig config object parses ok","attr":{"numMembers":1}}
{"t":{"$date":"2026-04-24T16:03:54.342+00:00"},"s":"I",  "c":"REPL",     "id":51814,   "ctx":"OplogApplier-0","msg":"Persisting new config to disk"}
{"t":{"$date":"2026-04-24T16:03:54.342+00:00"},"s":"I",  "c":"REPL",     "id":6015315, "ctx":"OplogApplier-0","msg":"Persisted new config to disk"}
{"t":{"$date":"2026-04-24T16:03:54.342+00:00"},"s":"I",  "c":"REPL",     "id":6015317, "ctx":"OplogApplier-0","msg":"Setting new configuration state","attr":{"newState":"ConfigSteady","oldState":"ConfigReconfiguring"}}
{"t":{"$date":"2026-04-24T16:03:54.342+00:00"},"s":"I",  "c":"REPL",     "id":21392,   "ctx":"OplogApplier-0","msg":"New replica set config in use","attr":{"config":{"_id":"mr1","version":1,"term":16,"members":[{"_id":0,"host":"localhost:27017","arbiterOnly":false,"buildIndexes":true,"hidden":false,"priority":1,"tags":{},"secondaryDelaySecs":0,"votes":1}],"protocolVersion":1,"writeConcernMajorityJournalDefault":true,"settings":{"chainingAllowed":true,"heartbeatIntervalMillis":2000,"heartbeatTimeoutSecs":10,"electionTimeoutMillis":10000,"catchUpTimeoutMillis":-1,"catchUpTakeoverDelayMillis":30000,"getLastErrorModes":{},"getLastErrorDefaults":{"w":1,"wtimeout":0},"replicaSetId":{"$oid":"69a1d089dc508b6ae65c53ff"}}}}}
{"t":{"$date":"2026-04-24T16:03:54.342+00:00"},"s":"I",  "c":"REPL",     "id":21393,   "ctx":"OplogApplier-0","msg":"Found self in config","attr":{"hostAndPort":"localhost:27017"}}
{"t":{"$date":"2026-04-24T16:03:54.342+00:00"},"s":"I",  "c":"REPL",     "id":6015310, "ctx":"OplogApplier-0","msg":"Starting to transition to primary."}
{"t":{"$date":"2026-04-24T16:03:54.342+00:00"},"s":"I",  "c":"REPL",     "id":6015309, "ctx":"OplogApplier-0","msg":"Logging transition to primary to oplog on stepup"}
{"t":{"$date":"2026-04-24T16:03:54.343+00:00"},"s":"I",  "c":"STORAGE",  "id":20657,   "ctx":"OplogApplier-0","msg":"IndexBuildsCoordinator::onStepUp - this node is stepping up to primary"}
{"t":{"$date":"2026-04-24T16:03:54.343+00:00"},"s":"I",  "c":"REPL",     "id":21331,   "ctx":"OplogApplier-0","msg":"Transition to primary complete; database writes are now permitted"}
{"t":{"$date":"2026-04-24T16:03:54.344+00:00"},"s":"I",  "c":"REPL",     "id":5123005, "ctx":"ShardSplitDonorService-0","msg":"Rebuilding PrimaryOnlyService due to stepUp","attr":{"service":"ShardSplitDonorService"}}
{"t":{"$date":"2026-04-24T16:03:54.344+00:00"},"s":"I",  "c":"REPL",     "id":5123005, "ctx":"TenantMigrationDonorService-0","msg":"Rebuilding PrimaryOnlyService due to stepUp","attr":{"service":"TenantMigrationDonorService"}}
{"t":{"$date":"2026-04-24T16:03:54.344+00:00"},"s":"I",  "c":"REPL",     "id":5123005, "ctx":"TenantMigrationRecipientService-0","msg":"Rebuilding PrimaryOnlyService due to stepUp","attr":{"service":"TenantMigrationRecipientService"}}
{"t":{"$date":"2026-04-24T16:03:54.825+00:00"},"s":"I",  "c":"NETWORK",  "id":22943,   "ctx":"listener","msg":"Connection accepted","attr":{"remote":"127.0.0.1:34590","uuid":"ff9f0deb-f293-495a-ba4e-bca212863183","connectionId":3,"connectionCount":1}}
{"t":{"$date":"2026-04-24T16:03:54.827+00:00"},"s":"I",  "c":"NETWORK",  "id":51800,   "ctx":"conn3","msg":"client metadata","attr":{"remote":"127.0.0.1:34590","client":"conn3","negotiatedCompressors":[],"doc":{"application":{"name":"mongosh 2.6.0"},"driver":{"name":"nodejs|mongosh","version":"6.19.0|2.6.0"},"platform":"Node.js v20.20.0, LE","os":{"name":"linux","architecture":"arm64","version":"4.14.209-160.339.amzn2.aarch64","type":"Linux"},"env":{"container":{"runtime":"docker"}}}}}
{"t":{"$date":"2026-04-24T16:03:54.831+00:00"},"s":"I",  "c":"NETWORK",  "id":22943,   "ctx":"listener","msg":"Connection accepted","attr":{"remote":"127.0.0.1:34598","uuid":"d72d76c8-631e-4458-a8ed-121c84d6d2fc","connectionId":4,"connectionCount":2}}
{"t":{"$date":"2026-04-24T16:03:54.832+00:00"},"s":"I",  "c":"NETWORK",  "id":51800,   "ctx":"conn4","msg":"client metadata","attr":{"remote":"127.0.0.1:34598","client":"conn4","negotiatedCompressors":[],"doc":{"application":{"name":"mongosh 2.6.0"},"driver":{"name":"nodejs|mongosh","version":"6.19.0|2.6.0"},"platform":"Node.js v20.20.0, LE","os":{"name":"linux","architecture":"arm64","version":"4.14.209-160.339.amzn2.aarch64","type":"Linux"},"env":{"container":{"runtime":"docker"}}}}}
{"t":{"$date":"2026-04-24T16:03:54.839+00:00"},"s":"I",  "c":"ACCESS",   "id":20250,   "ctx":"conn4","msg":"Authentication succeeded","attr":{"mechanism":"SCRAM-SHA-256","speculative":true,"principalName":"appsmith","authenticationDatabase":"appsmith","remote":"127.0.0.1:34598","extraInfo":{}}}
{"t":{"$date":"2026-04-24T16:03:54.889+00:00"},"s":"I",  "c":"NETWORK",  "id":22943,   "ctx":"listener","msg":"Connection accepted","attr":{"remote":"127.0.0.1:34610","uuid":"70716516-3bd2-44f4-a887-3232b0a3672b","connectionId":5,"connectionCount":3}}
{"t":{"$date":"2026-04-24T16:03:54.890+00:00"},"s":"I",  "c":"NETWORK",  "id":51800,   "ctx":"conn5","msg":"client metadata","attr":{"remote":"127.0.0.1:34610","client":"conn5","negotiatedCompressors":[],"doc":{"application":{"name":"mongosh 2.6.0"},"driver":{"name":"nodejs|mongosh","version":"6.19.0|2.6.0"},"platform":"Node.js v20.20.0, LE","os":{"name":"linux","architecture":"arm64","version":"4.14.209-160.339.amzn2.aarch64","type":"Linux"},"env":{"container":{"runtime":"docker"}}}}}
{"t":{"$date":"2026-04-24T16:03:54.890+00:00"},"s":"I",  "c":"NETWORK",  "id":22943,   "ctx":"listener","msg":"Connection accepted","attr":{"remote":"127.0.0.1:34620","uuid":"822c6f2a-9870-4714-b43a-ba693adc6c7d","connectionId":6,"connectionCount":4}}
{"t":{"$date":"2026-04-24T16:03:54.891+00:00"},"s":"I",  "c":"NETWORK",  "id":51800,   "ctx":"conn6","msg":"client metadata","attr":{"remote":"127.0.0.1:34620","client":"conn6","negotiatedCompressors":[],"doc":{"application":{"name":"mongosh 2.6.0"},"driver":{"name":"nodejs|mongosh","version":"6.19.0|2.6.0"},"platform":"Node.js v20.20.0, LE","os":{"name":"linux","architecture":"arm64","version":"4.14.209-160.339.amzn2.aarch64","type":"Linux"},"env":{"container":{"runtime":"docker"}}}}}
{"t":{"$date":"2026-04-24T16:03:54.893+00:00"},"s":"I",  "c":"ACCESS",   "id":20250,   "ctx":"conn5","msg":"Authentication succeeded","attr":{"mechanism":"SCRAM-SHA-256","speculative":true,"principalName":"appsmith","authenticationDatabase":"appsmith","remote":"127.0.0.1:34610","extraInfo":{}}}
{"t":{"$date":"2026-04-24T16:03:54.893+00:00"},"s":"I",  "c":"ACCESS",   "id":20250,   "ctx":"conn6","msg":"Authentication succeeded","attr":{"mechanism":"SCRAM-SHA-256","speculative":true,"principalName":"appsmith","authenticationDatabase":"appsmith","remote":"127.0.0.1:34620","extraInfo":{}}}
{"t":{"$date":"2026-04-24T16:03:54.902+00:00"},"s":"I",  "c":"NETWORK",  "id":22944,   "ctx":"conn3","msg":"Connection ended","attr":{"remote":"127.0.0.1:34590","uuid":"ff9f0deb-f293-495a-ba4e-bca212863183","connectionId":3,"connectionCount":1}}
{"t":{"$date":"2026-04-24T16:03:54.902+00:00"},"s":"I",  "c":"NETWORK",  "id":22944,   "ctx":"conn4","msg":"Connection ended","attr":{"remote":"127.0.0.1:34598","uuid":"d72d76c8-631e-4458-a8ed-121c84d6d2fc","connectionId":4,"connectionCount":2}}
{"t":{"$date":"2026-04-24T16:03:54.902+00:00"},"s":"I",  "c":"NETWORK",  "id":22944,   "ctx":"conn6","msg":"Connection ended","attr":{"remote":"127.0.0.1:34620","uuid":"822c6f2a-9870-4714-b43a-ba693adc6c7d","connectionId":6,"connectionCount":3}}
{"t":{"$date":"2026-04-24T16:03:54.902+00:00"},"s":"I",  "c":"NETWORK",  "id":22944,   "ctx":"conn5","msg":"Connection ended","attr":{"remote":"127.0.0.1:34610","uuid":"70716516-3bd2-44f4-a887-3232b0a3672b","connectionId":5,"connectionCount":0}}
{"t":{"$date":"2026-04-24T16:03:55.014+00:00"},"s":"I",  "c":"FTDC",     "id":20631,   "ctx":"ftdc","msg":"Unclean full-time diagnostic data capture shutdown detected, found interim file, some metrics may have been lost","attr":{"error":{"code":0,"codeName":"OK"}}}
{"t":{"$date":"2026-04-24T16:03:57.980+00:00"},"s":"I",  "c":"NETWORK",  "id":22943,   "ctx":"listener","msg":"Connection accepted","attr":{"remote":"127.0.0.1:34636","uuid":"cdc4a490-b62d-4e03-a344-ec8f5d7b3a93","connectionId":7,"connectionCount":1}}
{"t":{"$date":"2026-04-24T16:03:57.981+00:00"},"s":"I",  "c":"NETWORK",  "id":22943,   "ctx":"listener","msg":"Connection accepted","attr":{"remote":"127.0.0.1:34642","uuid":"cd78789d-9011-4ee0-848b-1936fe05c7ad","connectionId":8,"connectionCount":2}}
{"t":{"$date":"2026-04-24T16:03:57.998+00:00"},"s":"I",  "c":"NETWORK",  "id":51800,   "ctx":"conn8","msg":"client metadata","attr":{"remote":"127.0.0.1:34642","client":"conn8","negotiatedCompressors":[],"doc":{"driver":{"name":"mongo-java-driver|reactive-streams|spring-boot","version":"5.0.1"},"os":{"type":"Linux","name":"Linux","architecture":"aarch64","version":"6.12.76-linuxkit"},"platform":"Java/Eclipse Adoptium/17.0.9+9","env":{"container":{"runtime":"docker"}}}}}
{"t":{"$date":"2026-04-24T16:03:57.998+00:00"},"s":"I",  "c":"NETWORK",  "id":51800,   "ctx":"conn7","msg":"client metadata","attr":{"remote":"127.0.0.1:34636","client":"conn7","negotiatedCompressors":[],"doc":{"driver":{"name":"mongo-java-driver|reactive-streams|spring-boot","version":"5.0.1"},"os":{"type":"Linux","name":"Linux","architecture":"aarch64","version":"6.12.76-linuxkit"},"platform":"Java/Eclipse Adoptium/17.0.9+9","env":{"container":{"runtime":"docker"}}}}}
{"t":{"$date":"2026-04-24T16:03:58.990+00:00"},"s":"I",  "c":"NETWORK",  "id":22943,   "ctx":"listener","msg":"Connection accepted","attr":{"remote":"127.0.0.1:34652","uuid":"c8d4c760-0282-4271-99bd-1999827f8987","connectionId":9,"connectionCount":3}}
{"t":{"$date":"2026-04-24T16:03:58.990+00:00"},"s":"I",  "c":"NETWORK",  "id":22943,   "ctx":"listener","msg":"Connection accepted","attr":{"remote":"127.0.0.1:34662","uuid":"eb7dfd71-7138-4499-9c8d-8a1db9932d22","connectionId":10,"connectionCount":4}}
{"t":{"$date":"2026-04-24T16:03:58.993+00:00"},"s":"I",  "c":"NETWORK",  "id":51800,   "ctx":"conn9","msg":"client metadata","attr":{"remote":"127.0.0.1:34652","client":"conn9","negotiatedCompressors":[],"doc":{"driver":{"name":"mongo-java-driver|sync|spring-boot","version":"5.0.1"},"os":{"type":"Linux","name":"Linux","architecture":"aarch64","version":"6.12.76-linuxkit"},"platform":"Java/Eclipse Adoptium/17.0.9+9","env":{"container":{"runtime":"docker"}}}}}
{"t":{"$date":"2026-04-24T16:03:58.993+00:00"},"s":"I",  "c":"NETWORK",  "id":51800,   "ctx":"conn10","msg":"client metadata","attr":{"remote":"127.0.0.1:34662","client":"conn10","negotiatedCompressors":[],"doc":{"driver":{"name":"mongo-java-driver|sync|spring-boot","version":"5.0.1"},"os":{"type":"Linux","name":"Linux","architecture":"aarch64","version":"6.12.76-linuxkit"},"platform":"Java/Eclipse Adoptium/17.0.9+9","env":{"container":{"runtime":"docker"}}}}}
{"t":{"$date":"2026-04-24T16:04:01.043+00:00"},"s":"I",  "c":"NETWORK",  "id":22943,   "ctx":"listener","msg":"Connection accepted","attr":{"remote":"127.0.0.1:34676","uuid":"43cc89c5-e961-492b-97d8-9bb24fe3a195","connectionId":11,"connectionCount":5}}
{"t":{"$date":"2026-04-24T16:04:01.048+00:00"},"s":"I",  "c":"NETWORK",  "id":51800,   "ctx":"conn11","msg":"client metadata","attr":{"remote":"127.0.0.1:34676","client":"conn11","negotiatedCompressors":[],"doc":{"driver":{"name":"mongo-java-driver|reactive-streams|spring-boot","version":"5.0.1"},"os":{"type":"Linux","name":"Linux","architecture":"aarch64","version":"6.12.76-linuxkit"},"platform":"Java/Eclipse Adoptium/17.0.9+9","env":{"container":{"runtime":"docker"}}}}}
{"t":{"$date":"2026-04-24T16:04:01.069+00:00"},"s":"I",  "c":"ACCESS",   "id":20250,   "ctx":"conn11","msg":"Authentication succeeded","attr":{"mechanism":"SCRAM-SHA-256","speculative":true,"principalName":"appsmith","authenticationDatabase":"appsmith","remote":"127.0.0.1:34676","extraInfo":{}}}
{"t":{"$date":"2026-04-24T16:04:01.214+00:00"},"s":"I",  "c":"NETWORK",  "id":22943,   "ctx":"listener","msg":"Connection accepted","attr":{"remote":"127.0.0.1:55162","uuid":"d7563a15-69bb-4ded-a470-6dc3bdb59a6f","connectionId":12,"connectionCount":6}}
{"t":{"$date":"2026-04-24T16:04:01.217+00:00"},"s":"I",  "c":"NETWORK",  "id":51800,   "ctx":"conn12","msg":"client metadata","attr":{"remote":"127.0.0.1:55162","client":"conn12","negotiatedCompressors":[],"doc":{"driver":{"name":"mongo-java-driver|reactive-streams|spring-boot","version":"5.0.1"},"os":{"type":"Linux","name":"Linux","architecture":"aarch64","version":"6.12.76-linuxkit"},"platform":"Java/Eclipse Adoptium/17.0.9+9","env":{"container":{"runtime":"docker"}}}}}
{"t":{"$date":"2026-04-24T16:04:01.226+00:00"},"s":"I",  "c":"ACCESS",   "id":20250,   "ctx":"conn12","msg":"Authentication succeeded","attr":{"mechanism":"SCRAM-SHA-256","speculative":true,"principalName":"appsmith","authenticationDatabase":"appsmith","remote":"127.0.0.1:55162","extraInfo":{}}}
{"t":{"$date":"2026-04-24T16:04:01.298+00:00"},"s":"I",  "c":"NETWORK",  "id":22943,   "ctx":"listener","msg":"Connection accepted","attr":{"remote":"127.0.0.1:55176","uuid":"ee047054-4d76-4362-97a5-19041a21ea95","connectionId":13,"connectionCount":7}}
{"t":{"$date":"2026-04-24T16:04:01.299+00:00"},"s":"I",  "c":"NETWORK",  "id":51800,   "ctx":"conn13","msg":"client metadata","attr":{"remote":"127.0.0.1:55176","client":"conn13","negotiatedCompressors":[],"doc":{"driver":{"name":"mongo-java-driver|sync|spring-boot","version":"5.0.1"},"os":{"type":"Linux","name":"Linux","architecture":"aarch64","version":"6.12.76-linuxkit"},"platform":"Java/Eclipse Adoptium/17.0.9+9","env":{"container":{"runtime":"docker"}}}}}
{"t":{"$date":"2026-04-24T16:04:01.304+00:00"},"s":"I",  "c":"ACCESS",   "id":20250,   "ctx":"conn13","msg":"Authentication succeeded","attr":{"mechanism":"SCRAM-SHA-256","speculative":true,"principalName":"appsmith","authenticationDatabase":"appsmith","remote":"127.0.0.1:55176","extraInfo":{}}}
{"t":{"$date":"2026-04-24T16:04:31.455+00:00"},"s":"I",  "c":"NETWORK",  "id":22943,   "ctx":"listener","msg":"Connection accepted","attr":{"remote":"127.0.0.1:53664","uuid":"8ac8dc93-22a9-45c9-9436-d520e4f01290","connectionId":14,"connectionCount":8}}
{"t":{"$date":"2026-04-24T16:04:31.456+00:00"},"s":"I",  "c":"NETWORK",  "id":51800,   "ctx":"conn14","msg":"client metadata","attr":{"remote":"127.0.0.1:53664","client":"conn14","negotiatedCompressors":[],"doc":{"driver":{"name":"mongo-java-driver|reactive-streams|spring-boot","version":"5.0.1"},"os":{"type":"Linux","name":"Linux","architecture":"aarch64","version":"6.12.76-linuxkit"},"platform":"Java/Eclipse Adoptium/17.0.9+9","env":{"container":{"runtime":"docker"}}}}}
{"t":{"$date":"2026-04-24T16:04:31.481+00:00"},"s":"I",  "c":"ACCESS",   "id":20250,   "ctx":"conn14","msg":"Authentication succeeded","attr":{"mechanism":"SCRAM-SHA-256","speculative":true,"principalName":"appsmith","authenticationDatabase":"appsmith","remote":"127.0.0.1:53664","extraInfo":{}}}
{"t":{"$date":"2026-04-24T16:04:54.179+00:00"},"s":"I",  "c":"WTCHKPT",  "id":22430,   "ctx":"Checkpointer","msg":"WiredTiger message","attr":{"message":{"ts_sec":1777046694,"ts_usec":179379,"thread":"1679:0xffff8ed2ec40","session_name":"WT_SESSION.checkpoint","category":"WT_VERB_CHECKPOINT_PROGRESS","category_id":6,"verbose_level":"DEBUG","verbose_level_id":1,"msg":"saving checkpoint snapshot min: 64, snapshot max: 64 snapshot count: 0, oldest timestamp: (1777046384, 1) , meta checkpoint timestamp: (1777046684, 1) base write gen: 2523"}}}
{"t":{"$date":"2026-04-24T16:05:54.192+00:00"},"s":"I",  "c":"WTCHKPT",  "id":22430,   "ctx":"Checkpointer","msg":"WiredTiger message","attr":{"message":{"ts_sec":1777046754,"ts_usec":192535,"thread":"1679:0xffff8ed2ec40","session_name":"WT_SESSION.checkpoint","category":"WT_VERB_CHECKPOINT_PROGRESS","category_id":6,"verbose_level":"DEBUG","verbose_level_id":1,"msg":"saving checkpoint snapshot min: 79, snapshot max: 79 snapshot count: 0, oldest timestamp: (1777046444, 1) , meta checkpoint timestamp: (1777046744, 1) base write gen: 2523"}}}
{"t":{"$date":"2026-04-24T16:06:02.631+00:00"},"s":"I",  "c":"NETWORK",  "id":22943,   "ctx":"listener","msg":"Connection accepted","attr":{"remote":"127.0.0.1:54906","uuid":"0ff85f8f-cf66-4c5b-91b2-e0f931506bdb","connectionId":15,"connectionCount":9}}
{"t":{"$date":"2026-04-24T16:06:02.634+00:00"},"s":"I",  "c":"NETWORK",  "id":22943,   "ctx":"listener","msg":"Connection accepted","attr":{"remote":"127.0.0.1:54922","uuid":"670073a2-17c7-42e3-b25c-7d9d9af6312d","connectionId":16,"connectionCount":10}}
{"t":{"$date":"2026-04-24T16:06:02.635+00:00"},"s":"I",  "c":"NETWORK",  "id":51800,   "ctx":"conn15","msg":"client metadata","attr":{"remote":"127.0.0.1:54906","client":"conn15","negotiatedCompressors":[],"doc":{"driver":{"name":"mongo-java-driver|reactive-streams|spring-boot","version":"5.0.1"},"os":{"type":"Linux","name":"Linux","architecture":"aarch64","version":"6.12.76-linuxkit"},"platform":"Java/Eclipse Adoptium/17.0.9+9","env":{"container":{"runtime":"docker"}}}}}
{"t":{"$date":"2026-04-24T16:06:02.636+00:00"},"s":"I",  "c":"NETWORK",  "id":51800,   "ctx":"conn16","msg":"client metadata","attr":{"remote":"127.0.0.1:54922","client":"conn16","negotiatedCompressors":[],"doc":{"driver":{"name":"mongo-java-driver|reactive-streams|spring-boot","version":"5.0.1"},"os":{"type":"Linux","name":"Linux","architecture":"aarch64","version":"6.12.76-linuxkit"},"platform":"Java/Eclipse Adoptium/17.0.9+9","env":{"container":{"runtime":"docker"}}}}}
{"t":{"$date":"2026-04-24T16:06:02.641+00:00"},"s":"I",  "c":"ACCESS",   "id":20250,   "ctx":"conn15","msg":"Authentication succeeded","attr":{"mechanism":"SCRAM-SHA-256","speculative":true,"principalName":"appsmith","authenticationDatabase":"appsmith","remote":"127.0.0.1:54906","extraInfo":{}}}
{"t":{"$date":"2026-04-24T16:06:02.643+00:00"},"s":"I",  "c":"ACCESS",   "id":20250,   "ctx":"conn16","msg":"Authentication succeeded","attr":{"mechanism":"SCRAM-SHA-256","speculative":true,"principalName":"appsmith","authenticationDatabase":"appsmith","remote":"127.0.0.1:54922","extraInfo":{}}}
{"t":{"$date":"2026-04-24T16:06:31.494+00:00"},"s":"I",  "c":"TXN",      "id":51802,   "ctx":"conn11","msg":"transaction","attr":{"parameters":{"lsid":{"id":{"$uuid":"5661d75b-b431-4cbf-a85a-e0e2fc733268"},"uid":{"$binary":{"base64":"36OVKiS44JdD6Kg1iV5QeE27b7ll1XrRr0J40V91lX4=","subType":"0"}}},"txnNumber":10,"txnRetryCounter":0,"autocommit":false,"readConcern":{"level":"local","provenance":"implicitDefault"}},"readTimestamp":"Timestamp(0, 0)","keysExamined":88,"docsExamined":88,"nreturned":80,"nBatches":34,"ninserted":5,"keysInserted":48,"terminationCause":"committed","timeActiveMicros":48030,"timeInactiveMicros":236709,"numYields":0,"locks":{"FeatureCompatibilityVersion":{"acquireCount":{"w":1}},"ReplicationStateTransition":{"acquireCount":{"w":3}},"Global":{"acquireCount":{"w":1}},"Database":{"acquireCount":{"w":2}},"Collection":{"acquireCount":{"w":10}},"Mutex":{"acquireCount":{"r":45}}},"storage":{"data":{"bytesRead":15266,"timeReadingMicros":2996}},"wasPrepared":false,"durationMillis":284}}
{"t":{"$date":"2026-04-24T16:06:38.492+00:00"},"s":"I",  "c":"NETWORK",  "id":22943,   "ctx":"listener","msg":"Connection accepted","attr":{"remote":"127.0.0.1:50410","uuid":"5ed885ed-9dbc-45c0-acce-e0f3c4cef153","connectionId":17,"connectionCount":11}}
{"t":{"$date":"2026-04-24T16:06:38.492+00:00"},"s":"I",  "c":"NETWORK",  "id":51800,   "ctx":"conn17","msg":"client metadata","attr":{"remote":"127.0.0.1:50410","client":"conn17","negotiatedCompressors":[],"doc":{"driver":{"name":"mongo-java-driver|reactive-streams|spring-boot","version":"5.0.1"},"os":{"type":"Linux","name":"Linux","architecture":"aarch64","version":"6.12.76-linuxkit"},"platform":"Java/Eclipse Adoptium/17.0.9+9","env":{"container":{"runtime":"docker"}}}}}
{"t":{"$date":"2026-04-24T16:06:38.496+00:00"},"s":"I",  "c":"ACCESS",   "id":20250,   "ctx":"conn17","msg":"Authentication succeeded","attr":{"mechanism":"SCRAM-SHA-256","speculative":true,"principalName":"appsmith","authenticationDatabase":"appsmith","remote":"127.0.0.1:50410","extraInfo":{}}}
{"t":{"$date":"2026-04-24T16:06:38.552+00:00"},"s":"I",  "c":"NETWORK",  "id":22943,   "ctx":"listener","msg":"Connection accepted","attr":{"remote":"127.0.0.1:50414","uuid":"932da4b1-47d8-4ff7-9490-18deb6407769","connectionId":18,"connectionCount":12}}
{"t":{"$date":"2026-04-24T16:06:38.556+00:00"},"s":"I",  "c":"NETWORK",  "id":22943,   "ctx":"listener","msg":"Connection accepted","attr":{"remote":"127.0.0.1:50418","uuid":"e46148c7-2779-4f25-b3e5-2073cd9e0236","connectionId":19,"connectionCount":13}}
{"t":{"$date":"2026-04-24T16:06:38.556+00:00"},"s":"I",  "c":"NETWORK",  "id":51800,   "ctx":"conn18","msg":"client metadata","attr":{"remote":"127.0.0.1:50414","client":"conn18","negotiatedCompressors":[],"doc":{"driver":{"name":"mongo-java-driver|reactive-streams|spring-boot","version":"5.0.1"},"os":{"type":"Linux","name":"Linux","architecture":"aarch64","version":"6.12.76-linuxkit"},"platform":"Java/Eclipse Adoptium/17.0.9+9","env":{"container":{"runtime":"docker"}}}}}
{"t":{"$date":"2026-04-24T16:06:38.560+00:00"},"s":"I",  "c":"NETWORK",  "id":51800,   "ctx":"conn19","msg":"client metadata","attr":{"remote":"127.0.0.1:50418","client":"conn19","negotiatedCompressors":[],"doc":{"driver":{"name":"mongo-java-driver|reactive-streams|spring-boot","version":"5.0.1"},"os":{"type":"Linux","name":"Linux","architecture":"aarch64","version":"6.12.76-linuxkit"},"platform":"Java/Eclipse Adoptium/17.0.9+9","env":{"container":{"runtime":"docker"}}}}}
{"t":{"$date":"2026-04-24T16:06:38.562+00:00"},"s":"I",  "c":"ACCESS",   "id":20250,   "ctx":"conn18","msg":"Authentication succeeded","attr":{"mechanism":"SCRAM-SHA-256","speculative":true,"principalName":"appsmith","authenticationDatabase":"appsmith","remote":"127.0.0.1:50414","extraInfo":{}}}
{"t":{"$date":"2026-04-24T16:06:38.565+00:00"},"s":"I",  "c":"ACCESS",   "id":20250,   "ctx":"conn19","msg":"Authentication succeeded","attr":{"mechanism":"SCRAM-SHA-256","speculative":true,"principalName":"appsmith","authenticationDatabase":"appsmith","remote":"127.0.0.1:50418","extraInfo":{}}}
{"t":{"$date":"2026-04-24T16:06:54.254+00:00"},"s":"I",  "c":"WTCHKPT",  "id":22430,   "ctx":"Checkpointer","msg":"WiredTiger message","attr":{"message":{"ts_sec":1777046814,"ts_usec":254830,"thread":"1679:0xffff8ed2ec40","session_name":"WT_SESSION.checkpoint","category":"WT_VERB_CHECKPOINT_PROGRESS","category_id":6,"verbose_level":"DEBUG","verbose_level_id":1,"msg":"saving checkpoint snapshot min: 123, snapshot max: 123 snapshot count: 0, oldest timestamp: (1777046498, 3) , meta checkpoint timestamp: (1777046798, 3) base write gen: 2523"}}}
{"t":{"$date":"2026-04-24T16:07:54.274+00:00"},"s":"I",  "c":"WTCHKPT",  "id":22430,   "ctx":"Checkpointer","msg":"WiredTiger message","attr":{"message":{"ts_sec":1777046874,"ts_usec":274749,"thread":"1679:0xffff8ed2ec40","session_name":"WT_SESSION.checkpoint","category":"WT_VERB_CHECKPOINT_PROGRESS","category_id":6,"verbose_level":"DEBUG","verbose_level_id":1,"msg":"saving checkpoint snapshot min: 138, snapshot max: 138 snapshot count: 0, oldest timestamp: (1777046564, 1) , meta checkpoint timestamp: (1777046864, 1) base write gen: 2523"}}}
{"t":{"$date":"2026-04-24T16:08:54.301+00:00"},"s":"I",  "c":"WTCHKPT",  "id":22430,   "ctx":"Checkpointer","msg":"WiredTiger message","attr":{"message":{"ts_sec":1777046934,"ts_usec":301668,"thread":"1679:0xffff8ed2ec40","session_name":"WT_SESSION.checkpoint","category":"WT_VERB_CHECKPOINT_PROGRESS","category_id":6,"verbose_level":"DEBUG","verbose_level_id":1,"msg":"saving checkpoint snapshot min: 159, snapshot max: 159 snapshot count: 0, oldest timestamp: (1777046624, 1) , meta checkpoint timestamp: (1777046924, 1) base write gen: 2523"}}}
{"t":{"$date":"2026-04-24T16:09:54.325+00:00"},"s":"I",  "c":"WTCHKPT",  "id":22430,   "ctx":"Checkpointer","msg":"WiredTiger message","attr":{"message":{"ts_sec":1777046994,"ts_usec":325235,"thread":"1679:0xffff8ed2ec40","session_name":"WT_SESSION.checkpoint","category":"WT_VERB_CHECKPOINT_PROGRESS","category_id":6,"verbose_level":"DEBUG","verbose_level_id":1,"msg":"saving checkpoint snapshot min: 182, snapshot max: 182 snapshot count: 0, oldest timestamp: (1777046684, 1) , meta checkpoint timestamp: (1777046984, 1) base write gen: 2523"}}}
{"t":{"$date":"2026-04-24T16:10:54.345+00:00"},"s":"I",  "c":"WTCHKPT",  "id":22430,   "ctx":"Checkpointer","msg":"WiredTiger message","attr":{"message":{"ts_sec":1777047054,"ts_usec":345122,"thread":"1679:0xffff8ed2ec40","session_name":"WT_SESSION.checkpoint","category":"WT_VERB_CHECKPOINT_PROGRESS","category_id":6,"verbose_level":"DEBUG","verbose_level_id":1,"msg":"saving checkpoint snapshot min: 197, snapshot max: 197 snapshot count: 0, oldest timestamp: (1777046744, 1) , meta checkpoint timestamp: (1777047044, 1) base write gen: 2523"}}}
{"t":{"$date":"2026-04-24T16:11:54.361+00:00"},"s":"I",  "c":"WTCHKPT",  "id":22430,   "ctx":"Checkpointer","msg":"WiredTiger message","attr":{"message":{"ts_sec":1777047114,"ts_usec":361208,"thread":"1679:0xffff8ed2ec40","session_name":"WT_SESSION.checkpoint","category":"WT_VERB_CHECKPOINT_PROGRESS","category_id":6,"verbose_level":"DEBUG","verbose_level_id":1,"msg":"saving checkpoint snapshot min: 212, snapshot max: 212 snapshot count: 0, oldest timestamp: (1777046804, 1) , meta checkpoint timestamp: (1777047104, 1) base write gen: 2523"}}}
{"t":{"$date":"2026-04-24T16:12:54.378+00:00"},"s":"I",  "c":"WTCHKPT",  "id":22430,   "ctx":"Checkpointer","msg":"WiredTiger message","attr":{"message":{"ts_sec":1777047174,"ts_usec":378090,"thread":"1679:0xffff8ed2ec40","session_name":"WT_SESSION.checkpoint","category":"WT_VERB_CHECKPOINT_PROGRESS","category_id":6,"verbose_level":"DEBUG","verbose_level_id":1,"msg":"saving checkpoint snapshot min: 227, snapshot max: 227 snapshot count: 0, oldest timestamp: (1777046864, 1) , meta checkpoint timestamp: (1777047164, 1) base write gen: 2523"}}}
{"t":{"$date":"2026-04-24T16:13:54.401+00:00"},"s":"I",  "c":"WTCHKPT",  "id":22430,   "ctx":"Checkpointer","msg":"WiredTiger message","attr":{"message":{"ts_sec":1777047234,"ts_usec":400864,"thread":"1679:0xffff8ed2ec40","session_name":"WT_SESSION.checkpoint","category":"WT_VERB_CHECKPOINT_PROGRESS","category_id":6,"verbose_level":"DEBUG","verbose_level_id":1,"msg":"saving checkpoint snapshot min: 242, snapshot max: 242 snapshot count: 0, oldest timestamp: (1777046924, 1) , meta checkpoint timestamp: (1777047224, 1) base write gen: 2523"}}}
{"t":{"$date":"2026-04-24T16:14:54.422+00:00"},"s":"I",  "c":"WTCHKPT",  "id":22430,   "ctx":"Checkpointer","msg":"WiredTiger message","attr":{"message":{"ts_sec":1777047294,"ts_usec":422472,"thread":"1679:0xffff8ed2ec40","session_name":"WT_SESSION.checkpoint","category":"WT_VERB_CHECKPOINT_PROGRESS","category_id":6,"verbose_level":"DEBUG","verbose_level_id":1,"msg":"saving checkpoint snapshot min: 257, snapshot max: 257 snapshot count: 0, oldest timestamp: (1777046984, 1) , meta checkpoint timestamp: (1777047284, 1) base write gen: 2523"}}}
{"t":{"$date":"2026-04-24T16:15:54.438+00:00"},"s":"I",  "c":"WTCHKPT",  "id":22430,   "ctx":"Checkpointer","msg":"WiredTiger message","attr":{"message":{"ts_sec":1777047354,"ts_usec":438001,"thread":"1679:0xffff8ed2ec40","session_name":"WT_SESSION.checkpoint","category":"WT_VERB_CHECKPOINT_PROGRESS","category_id":6,"verbose_level":"DEBUG","verbose_level_id":1,"msg":"saving checkpoint snapshot min: 272, snapshot max: 272 snapshot count: 0, oldest timestamp: (1777047044, 1) , meta checkpoint timestamp: (1777047344, 1) base write gen: 2523"}}}
{"t":{"$date":"2026-04-24T16:16:54.454+00:00"},"s":"I",  "c":"WTCHKPT",  "id":22430,   "ctx":"Checkpointer","msg":"WiredTiger message","attr":{"message":{"ts_sec":1777047414,"ts_usec":454675,"thread":"1679:0xffff8ed2ec40","session_name":"WT_SESSION.checkpoint","category":"WT_VERB_CHECKPOINT_PROGRESS","category_id":6,"verbose_level":"DEBUG","verbose_level_id":1,"msg":"saving checkpoint snapshot min: 287, snapshot max: 287 snapshot count: 0, oldest timestamp: (1777047104, 1) , meta checkpoint timestamp: (1777047404, 1) base write gen: 2523"}}}
{"t":{"$date":"2026-04-24T16:17:54.472+00:00"},"s":"I",  "c":"WTCHKPT",  "id":22430,   "ctx":"Checkpointer","msg":"WiredTiger message","attr":{"message":{"ts_sec":1777047474,"ts_usec":472307,"thread":"1679:0xffff8ed2ec40","session_name":"WT_SESSION.checkpoint","category":"WT_VERB_CHECKPOINT_PROGRESS","category_id":6,"verbose_level":"DEBUG","verbose_level_id":1,"msg":"saving checkpoint snapshot min: 302, snapshot max: 302 snapshot count: 0, oldest timestamp: (1777047164, 1) , meta checkpoint timestamp: (1777047464, 1) base write gen: 2523"}}}
{"t":{"$date":"2026-04-24T16:18:54.495+00:00"},"s":"I",  "c":"WTCHKPT",  "id":22430,   "ctx":"Checkpointer","msg":"WiredTiger message","attr":{"message":{"ts_sec":1777047534,"ts_usec":494964,"thread":"1679:0xffff8ed2ec40","session_name":"WT_SESSION.checkpoint","category":"WT_VERB_CHECKPOINT_PROGRESS","category_id":6,"verbose_level":"DEBUG","verbose_level_id":1,"msg":"saving checkpoint snapshot min: 317, snapshot max: 317 snapshot count: 0, oldest timestamp: (1777047224, 1) , meta checkpoint timestamp: (1777047524, 1) base write gen: 2523"}}}
{"t":{"$date":"2026-04-24T16:19:54.513+00:00"},"s":"I",  "c":"WTCHKPT",  "id":22430,   "ctx":"Checkpointer","msg":"WiredTiger message","attr":{"message":{"ts_sec":1777047594,"ts_usec":512975,"thread":"1679:0xffff8ed2ec40","session_name":"WT_SESSION.checkpoint","category":"WT_VERB_CHECKPOINT_PROGRESS","category_id":6,"verbose_level":"DEBUG","verbose_level_id":1,"msg":"saving checkpoint snapshot min: 332, snapshot max: 332 snapshot count: 0, oldest timestamp: (1777047284, 1) , meta checkpoint timestamp: (1777047584, 1) base write gen: 2523"}}}
{"t":{"$date":"2026-04-24T16:20:54.529+00:00"},"s":"I",  "c":"WTCHKPT",  "id":22430,   "ctx":"Checkpointer","msg":"WiredTiger message","attr":{"message":{"ts_sec":1777047654,"ts_usec":529083,"thread":"1679:0xffff8ed2ec40","session_name":"WT_SESSION.checkpoint","category":"WT_VERB_CHECKPOINT_PROGRESS","category_id":6,"verbose_level":"DEBUG","verbose_level_id":1,"msg":"saving checkpoint snapshot min: 347, snapshot max: 347 snapshot count: 0, oldest timestamp: (1777047344, 1) , meta checkpoint timestamp: (1777047644, 1) base write gen: 2523"}}}
{"t":{"$date":"2026-04-24T16:21:54.545+00:00"},"s":"I",  "c":"WTCHKPT",  "id":22430,   "ctx":"Checkpointer","msg":"WiredTiger message","attr":{"message":{"ts_sec":1777047714,"ts_usec":545624,"thread":"1679:0xffff8ed2ec40","session_name":"WT_SESSION.checkpoint","category":"WT_VERB_CHECKPOINT_PROGRESS","category_id":6,"verbose_level":"DEBUG","verbose_level_id":1,"msg":"saving checkpoint snapshot min: 362, snapshot max: 362 snapshot count: 0, oldest timestamp: (1777047404, 1) , meta checkpoint timestamp: (1777047704, 1) base write gen: 2523"}}}
{"t":{"$date":"2026-04-24T16:22:54.567+00:00"},"s":"I",  "c":"WTCHKPT",  "id":22430,   "ctx":"Checkpointer","msg":"WiredTiger message","attr":{"message":{"ts_sec":1777047774,"ts_usec":566997,"thread":"1679:0xffff8ed2ec40","session_name":"WT_SESSION.checkpoint","category":"WT_VERB_CHECKPOINT_PROGRESS","category_id":6,"verbose_level":"DEBUG","verbose_level_id":1,"msg":"saving checkpoint snapshot min: 377, snapshot max: 377 snapshot count: 0, oldest timestamp: (1777047464, 1) , meta checkpoint timestamp: (1777047764, 1) base write gen: 2523"}}}
{"t":{"$date":"2026-04-24T16:23:54.579+00:00"},"s":"I",  "c":"WTCHKPT",  "id":22430,   "ctx":"Checkpointer","msg":"WiredTiger message","attr":{"message":{"ts_sec":1777047834,"ts_usec":579561,"thread":"1679:0xffff8ed2ec40","session_name":"WT_SESSION.checkpoint","category":"WT_VERB_CHECKPOINT_PROGRESS","category_id":6,"verbose_level":"DEBUG","verbose_level_id":1,"msg":"saving checkpoint snapshot min: 392, snapshot max: 392 snapshot count: 0, oldest timestamp: (1777047524, 1) , meta checkpoint timestamp: (1777047824, 1) base write gen: 2523"}}}
{"t":{"$date":"2026-04-24T16:24:54.601+00:00"},"s":"I",  "c":"WTCHKPT",  "id":22430,   "ctx":"Checkpointer","msg":"WiredTiger message","attr":{"message":{"ts_sec":1777047894,"ts_usec":601255,"thread":"1679:0xffff8ed2ec40","session_name":"WT_SESSION.checkpoint","category":"WT_VERB_CHECKPOINT_PROGRESS","category_id":6,"verbose_level":"DEBUG","verbose_level_id":1,"msg":"saving checkpoint snapshot min: 407, snapshot max: 407 snapshot count: 0, oldest timestamp: (1777047584, 1) , meta checkpoint timestamp: (1777047884, 1) base write gen: 2523"}}}
{"t":{"$date":"2026-04-24T16:25:54.619+00:00"},"s":"I",  "c":"WTCHKPT",  "id":22430,   "ctx":"Checkpointer","msg":"WiredTiger message","attr":{"message":{"ts_sec":1777047954,"ts_usec":619467,"thread":"1679:0xffff8ed2ec40","session_name":"WT_SESSION.checkpoint","category":"WT_VERB_CHECKPOINT_PROGRESS","category_id":6,"verbose_level":"DEBUG","verbose_level_id":1,"msg":"saving checkpoint snapshot min: 422, snapshot max: 422 snapshot count: 0, oldest timestamp: (1777047644, 1) , meta checkpoint timestamp: (1777047944, 1) base write gen: 2523"}}}
{"t":{"$date":"2026-04-24T16:26:54.639+00:00"},"s":"I",  "c":"WTCHKPT",  "id":22430,   "ctx":"Checkpointer","msg":"WiredTiger message","attr":{"message":{"ts_sec":1777048014,"ts_usec":639011,"thread":"1679:0xffff8ed2ec40","session_name":"WT_SESSION.checkpoint","category":"WT_VERB_CHECKPOINT_PROGRESS","category_id":6,"verbose_level":"DEBUG","verbose_level_id":1,"msg":"saving checkpoint snapshot min: 437, snapshot max: 437 snapshot count: 0, oldest timestamp: (1777047704, 1) , meta checkpoint timestamp: (1777048004, 1) base write gen: 2523"}}}
{"t":{"$date":"2026-04-24T16:27:54.658+00:00"},"s":"I",  "c":"WTCHKPT",  "id":22430,   "ctx":"Checkpointer","msg":"WiredTiger message","attr":{"message":{"ts_sec":1777048074,"ts_usec":657975,"thread":"1679:0xffff8ed2ec40","session_name":"WT_SESSION.checkpoint","category":"WT_VERB_CHECKPOINT_PROGRESS","category_id":6,"verbose_level":"DEBUG","verbose_level_id":1,"msg":"saving checkpoint snapshot min: 452, snapshot max: 452 snapshot count: 0, oldest timestamp: (1777047764, 1) , meta checkpoint timestamp: (1777048064, 1) base write gen: 2523"}}}
{"t":{"$date":"2026-04-24T16:28:54.676+00:00"},"s":"I",  "c":"WTCHKPT",  "id":22430,   "ctx":"Checkpointer","msg":"WiredTiger message","attr":{"message":{"ts_sec":1777048134,"ts_usec":676594,"thread":"1679:0xffff8ed2ec40","session_name":"WT_SESSION.checkpoint","category":"WT_VERB_CHECKPOINT_PROGRESS","category_id":6,"verbose_level":"DEBUG","verbose_level_id":1,"msg":"saving checkpoint snapshot min: 467, snapshot max: 467 snapshot count: 0, oldest timestamp: (1777047824, 1) , meta checkpoint timestamp: (1777048124, 1) base write gen: 2523"}}}
{"t":{"$date":"2026-04-24T16:29:54.695+00:00"},"s":"I",  "c":"WTCHKPT",  "id":22430,   "ctx":"Checkpointer","msg":"WiredTiger message","attr":{"message":{"ts_sec":1777048194,"ts_usec":695278,"thread":"1679:0xffff8ed2ec40","session_name":"WT_SESSION.checkpoint","category":"WT_VERB_CHECKPOINT_PROGRESS","category_id":6,"verbose_level":"DEBUG","verbose_level_id":1,"msg":"saving checkpoint snapshot min: 482, snapshot max: 482 snapshot count: 0, oldest timestamp: (1777047884, 1) , meta checkpoint timestamp: (1777048184, 1) base write gen: 2523"}}}
{"t":{"$date":"2026-04-24T16:30:54.715+00:00"},"s":"I",  "c":"WTCHKPT",  "id":22430,   "ctx":"Checkpointer","msg":"WiredTiger message","attr":{"message":{"ts_sec":1777048254,"ts_usec":715481,"thread":"1679:0xffff8ed2ec40","session_name":"WT_SESSION.checkpoint","category":"WT_VERB_CHECKPOINT_PROGRESS","category_id":6,"verbose_level":"DEBUG","verbose_level_id":1,"msg":"saving checkpoint snapshot min: 497, snapshot max: 497 snapshot count: 0, oldest timestamp: (1777047944, 1) , meta checkpoint timestamp: (1777048244, 1) base write gen: 2523"}}}
{"t":{"$date":"2026-04-24T16:31:54.731+00:00"},"s":"I",  "c":"WTCHKPT",  "id":22430,   "ctx":"Checkpointer","msg":"WiredTiger message","attr":{"message":{"ts_sec":1777048314,"ts_usec":731869,"thread":"1679:0xffff8ed2ec40","session_name":"WT_SESSION.checkpoint","category":"WT_VERB_CHECKPOINT_PROGRESS","category_id":6,"verbose_level":"DEBUG","verbose_level_id":1,"msg":"saving checkpoint snapshot min: 512, snapshot max: 512 snapshot count: 0, oldest timestamp: (1777048004, 1) , meta checkpoint timestamp: (1777048304, 1) base write gen: 2523"}}}
{"t":{"$date":"2026-04-24T16:32:54.750+00:00"},"s":"I",  "c":"WTCHKPT",  "id":22430,   "ctx":"Checkpointer","msg":"WiredTiger message","attr":{"message":{"ts_sec":1777048374,"ts_usec":750544,"thread":"1679:0xffff8ed2ec40","session_name":"WT_SESSION.checkpoint","category":"WT_VERB_CHECKPOINT_PROGRESS","category_id":6,"verbose_level":"DEBUG","verbose_level_id":1,"msg":"saving checkpoint snapshot min: 527, snapshot max: 527 snapshot count: 0, oldest timestamp: (1777048064, 1) , meta checkpoint timestamp: (1777048364, 1) base write gen: 2523"}}}
{"t":{"$date":"2026-04-24T16:33:54.767+00:00"},"s":"I",  "c":"WTCHKPT",  "id":22430,   "ctx":"Checkpointer","msg":"WiredTiger message","attr":{"message":{"ts_sec":1777048434,"ts_usec":767236,"thread":"1679:0xffff8ed2ec40","session_name":"WT_SESSION.checkpoint","category":"WT_VERB_CHECKPOINT_PROGRESS","category_id":6,"verbose_level":"DEBUG","verbose_level_id":1,"msg":"saving checkpoint snapshot min: 542, snapshot max: 542 snapshot count: 0, oldest timestamp: (1777048124, 1) , meta checkpoint timestamp: (1777048424, 1) base write gen: 2523"}}}
{"t":{"$date":"2026-04-24T16:34:54.785+00:00"},"s":"I",  "c":"WTCHKPT",  "id":22430,   "ctx":"Checkpointer","msg":"WiredTiger message","attr":{"message":{"ts_sec":1777048494,"ts_usec":784950,"thread":"1679:0xffff8ed2ec40","session_name":"WT_SESSION.checkpoint","category":"WT_VERB_CHECKPOINT_PROGRESS","category_id":6,"verbose_level":"DEBUG","verbose_level_id":1,"msg":"saving checkpoint snapshot min: 557, snapshot max: 557 snapshot count: 0, oldest timestamp: (1777048184, 1) , meta checkpoint timestamp: (1777048484, 1) base write gen: 2523"}}}
{"t":{"$date":"2026-04-24T16:35:54.805+00:00"},"s":"I",  "c":"WTCHKPT",  "id":22430,   "ctx":"Checkpointer","msg":"WiredTiger message","attr":{"message":{"ts_sec":1777048554,"ts_usec":804796,"thread":"1679:0xffff8ed2ec40","session_name":"WT_SESSION.checkpoint","category":"WT_VERB_CHECKPOINT_PROGRESS","category_id":6,"verbose_level":"DEBUG","verbose_level_id":1,"msg":"saving checkpoint snapshot min: 572, snapshot max: 572 snapshot count: 0, oldest timestamp: (1777048244, 1) , meta checkpoint timestamp: (1777048544, 1) base write gen: 2523"}}}
{"t":{"$date":"2026-04-24T16:36:54.824+00:00"},"s":"I",  "c":"WTCHKPT",  "id":22430,   "ctx":"Checkpointer","msg":"WiredTiger message","attr":{"message":{"ts_sec":1777048614,"ts_usec":824332,"thread":"1679:0xffff8ed2ec40","session_name":"WT_SESSION.checkpoint","category":"WT_VERB_CHECKPOINT_PROGRESS","category_id":6,"verbose_level":"DEBUG","verbose_level_id":1,"msg":"saving checkpoint snapshot min: 587, snapshot max: 587 snapshot count: 0, oldest timestamp: (1777048304, 1) , meta checkpoint timestamp: (1777048604, 1) base write gen: 2523"}}}
{"t":{"$date":"2026-04-24T16:37:54.842+00:00"},"s":"I",  "c":"WTCHKPT",  "id":22430,   "ctx":"Checkpointer","msg":"WiredTiger message","attr":{"message":{"ts_sec":1777048674,"ts_usec":842017,"thread":"1679:0xffff8ed2ec40","session_name":"WT_SESSION.checkpoint","category":"WT_VERB_CHECKPOINT_PROGRESS","category_id":6,"verbose_level":"DEBUG","verbose_level_id":1,"msg":"saving checkpoint snapshot min: 602, snapshot max: 602 snapshot count: 0, oldest timestamp: (1777048364, 1) , meta checkpoint timestamp: (1777048664, 1) base write gen: 2523"}}}
{"t":{"$date":"2026-04-24T16:38:54.864+00:00"},"s":"I",  "c":"WTCHKPT",  "id":22430,   "ctx":"Checkpointer","msg":"WiredTiger message","attr":{"message":{"ts_sec":1777048734,"ts_usec":864434,"thread":"1679:0xffff8ed2ec40","session_name":"WT_SESSION.checkpoint","category":"WT_VERB_CHECKPOINT_PROGRESS","category_id":6,"verbose_level":"DEBUG","verbose_level_id":1,"msg":"saving checkpoint snapshot min: 627, snapshot max: 627 snapshot count: 0, oldest timestamp: (1777048434, 9) , meta checkpoint timestamp: (1777048734, 9) base write gen: 2523"}}}
{"t":{"$date":"2026-04-24T16:39:54.880+00:00"},"s":"I",  "c":"WTCHKPT",  "id":22430,   "ctx":"Checkpointer","msg":"WiredTiger message","attr":{"message":{"ts_sec":1777048794,"ts_usec":880604,"thread":"1679:0xffff8ed2ec40","session_name":"WT_SESSION.checkpoint","category":"WT_VERB_CHECKPOINT_PROGRESS","category_id":6,"verbose_level":"DEBUG","verbose_level_id":1,"msg":"saving checkpoint snapshot min: 640, snapshot max: 640 snapshot count: 0, oldest timestamp: (1777048484, 1) , meta checkpoint timestamp: (1777048784, 1) base write gen: 2523"}}}
{"t":{"$date":"2026-04-24T16:40:54.897+00:00"},"s":"I",  "c":"WTCHKPT",  "id":22430,   "ctx":"Checkpointer","msg":"WiredTiger message","attr":{"message":{"ts_sec":1777048854,"ts_usec":897842,"thread":"1679:0xffff8ed2ec40","session_name":"WT_SESSION.checkpoint","category":"WT_VERB_CHECKPOINT_PROGRESS","category_id":6,"verbose_level":"DEBUG","verbose_level_id":1,"msg":"saving checkpoint snapshot min: 655, snapshot max: 655 snapshot count: 0, oldest timestamp: (1777048544, 1) , meta checkpoint timestamp: (1777048844, 1) base write gen: 2523"}}}
