2026-03-03 01:04:32.627 UTC [1688] LOG:  starting PostgreSQL 14.20 (Ubuntu 14.20-1.pgdg24.04+1) on aarch64-unknown-linux-gnu, compiled by gcc (Ubuntu 13.3.0-6ubuntu2~24.04) 13.3.0, 64-bit
2026-03-03 01:04:32.627 UTC [1688] LOG:  listening on IPv4 address "127.0.0.1", port 5432
2026-03-03 01:04:32.630 UTC [1688] LOG:  listening on Unix socket "/var/run/postgresql/.s.PGSQL.5432"
2026-03-03 01:04:32.640 UTC [1737] LOG:  database system was shut down at 2026-03-03 01:04:31 UTC
2026-03-03 01:04:32.648 UTC [1688] LOG:  database system is ready to accept connections
2026-03-03 01:15:45.008 UTC [1688] LOG:  received smart shutdown request
2026-03-03 01:15:45.011 UTC [1688] LOG:  background worker "logical replication launcher" (PID 1743) exited with exit code 1
2026-03-03 01:15:45.011 UTC [1738] LOG:  shutting down
2026-03-03 01:15:45.018 UTC [1688] LOG:  database system is shut down
2026-03-06 01:20:44.784 UTC [1716] LOG:  starting PostgreSQL 14.20 (Ubuntu 14.20-1.pgdg24.04+1) on aarch64-unknown-linux-gnu, compiled by gcc (Ubuntu 13.3.0-6ubuntu2~24.04) 13.3.0, 64-bit
2026-03-06 01:20:44.784 UTC [1716] LOG:  listening on IPv4 address "127.0.0.1", port 5432
2026-03-06 01:20:44.786 UTC [1716] LOG:  listening on Unix socket "/var/run/postgresql/.s.PGSQL.5432"
2026-03-06 01:20:44.792 UTC [1744] LOG:  database system was shut down at 2026-03-06 01:20:43 UTC
2026-03-06 01:20:44.799 UTC [1716] LOG:  database system is ready to accept connections
2026-03-06 01:21:12.442 UTC [1716] LOG:  received smart shutdown request
2026-03-06 01:21:12.444 UTC [1716] LOG:  background worker "logical replication launcher" (PID 1754) exited with exit code 1
2026-03-06 01:21:12.444 UTC [1749] LOG:  shutting down
2026-03-06 01:21:12.450 UTC [1716] LOG:  database system is shut down
2026-03-08 19:44:15.598 UTC [1714] LOG:  starting PostgreSQL 14.20 (Ubuntu 14.20-1.pgdg24.04+1) on aarch64-unknown-linux-gnu, compiled by gcc (Ubuntu 13.3.0-6ubuntu2~24.04) 13.3.0, 64-bit
2026-03-08 19:44:15.598 UTC [1714] LOG:  listening on IPv4 address "127.0.0.1", port 5432
2026-03-08 19:44:15.601 UTC [1714] LOG:  listening on Unix socket "/var/run/postgresql/.s.PGSQL.5432"
2026-03-08 19:44:15.609 UTC [1747] LOG:  database system was shut down at 2026-03-08 19:44:14 UTC
2026-03-08 19:44:15.619 UTC [1714] LOG:  database system is ready to accept connections
2026-03-08 20:44:05.575 UTC [1714] LOG:  received smart shutdown request
2026-03-08 20:44:05.579 UTC [1714] LOG:  background worker "logical replication launcher" (PID 1758) exited with exit code 1
2026-03-08 20:44:05.580 UTC [1753] LOG:  shutting down
2026-03-08 20:44:05.595 UTC [1714] LOG:  database system is shut down
