1678:C 08 Mar 2026 21:20:53.399 # oO0OoO0OoO0Oo Redis is starting oO0OoO0OoO0Oo
1678:C 08 Mar 2026 21:20:53.399 # Redis version=7.0.15, bits=64, commit=00000000, modified=0, pid=1678, just started
1678:C 08 Mar 2026 21:20:53.399 # Configuration loaded
1678:M 08 Mar 2026 21:20:53.399 * monotonic clock: POSIX clock_gettime
1678:M 08 Mar 2026 21:20:53.399 * Running mode=standalone, port=6379.
1678:M 08 Mar 2026 21:20:53.399 # Server initialized
1678:M 08 Mar 2026 21:20:53.404 * Loading RDB produced by version 7.0.15
1678:M 08 Mar 2026 21:20:53.404 * RDB age 20 seconds
1678:M 08 Mar 2026 21:20:53.404 * RDB memory usage when created 1.10 Mb
1678:M 08 Mar 2026 21:20:53.404 * Done loading RDB, keys loaded: 11, keys expired: 0.
1678:M 08 Mar 2026 21:20:53.404 * DB loaded from disk: 0.001 seconds
1678:M 08 Mar 2026 21:20:53.404 * Ready to accept connections
1678:M 08 Mar 2026 21:21:09.046 * 1 changes in 15 seconds. Saving...
1678:M 08 Mar 2026 21:21:09.049 * Background saving started by pid 2066
2066:C 08 Mar 2026 21:21:09.056 * DB saved on disk
2066:C 08 Mar 2026 21:21:09.056 * Fork CoW for RDB: current 0 MB, peak 0 MB, average 0 MB
1678:M 08 Mar 2026 21:21:09.150 * Background saving terminated with success
1678:M 08 Mar 2026 21:21:25.017 * 1 changes in 15 seconds. Saving...
1678:M 08 Mar 2026 21:21:25.017 * Background saving started by pid 2088
2088:C 08 Mar 2026 21:21:25.021 * DB saved on disk
2088:C 08 Mar 2026 21:21:25.022 * Fork CoW for RDB: current 0 MB, peak 0 MB, average 0 MB
1678:M 08 Mar 2026 21:21:25.120 * Background saving terminated with success
1678:M 08 Mar 2026 21:21:41.100 * 1 changes in 15 seconds. Saving...
1678:M 08 Mar 2026 21:21:41.101 * Background saving started by pid 2103
2103:C 08 Mar 2026 21:21:41.106 * DB saved on disk
2103:C 08 Mar 2026 21:21:41.107 * Fork CoW for RDB: current 0 MB, peak 0 MB, average 0 MB
1678:M 08 Mar 2026 21:21:41.205 * Background saving terminated with success
1678:M 08 Mar 2026 21:22:27.340 * 1 changes in 15 seconds. Saving...
1678:M 08 Mar 2026 21:22:27.340 * Background saving started by pid 2133
2133:C 08 Mar 2026 21:22:27.343 * DB saved on disk
2133:C 08 Mar 2026 21:22:27.343 * Fork CoW for RDB: current 0 MB, peak 0 MB, average 0 MB
1678:M 08 Mar 2026 21:22:27.443 * Background saving terminated with success
1678:M 08 Mar 2026 21:22:46.543 * 1 changes in 15 seconds. Saving...
1678:M 08 Mar 2026 21:22:46.543 * Background saving started by pid 2144
2144:C 08 Mar 2026 21:22:46.546 * DB saved on disk
2144:C 08 Mar 2026 21:22:46.546 * Fork CoW for RDB: current 0 MB, peak 0 MB, average 0 MB
1678:M 08 Mar 2026 21:22:46.648 * Background saving terminated with success
1678:M 08 Mar 2026 21:23:02.036 * 1 changes in 15 seconds. Saving...
1678:M 08 Mar 2026 21:23:02.037 * Background saving started by pid 2159
2159:C 08 Mar 2026 21:23:02.038 * DB saved on disk
2159:C 08 Mar 2026 21:23:02.038 * Fork CoW for RDB: current 0 MB, peak 0 MB, average 0 MB
1678:M 08 Mar 2026 21:23:02.139 * Background saving terminated with success
