1683:C 09 Mar 2026 16:07:37.820 # oO0OoO0OoO0Oo Redis is starting oO0OoO0OoO0Oo
1683:C 09 Mar 2026 16:07:37.820 # Redis version=7.0.15, bits=64, commit=00000000, modified=0, pid=1683, just started
1683:C 09 Mar 2026 16:07:37.820 # Configuration loaded
1683:M 09 Mar 2026 16:07:37.820 * monotonic clock: POSIX clock_gettime
1683:M 09 Mar 2026 16:07:37.823 * Running mode=standalone, port=6379.
1683:M 09 Mar 2026 16:07:37.823 # Server initialized
1683:M 09 Mar 2026 16:07:37.828 * Loading RDB produced by version 7.0.15
1683:M 09 Mar 2026 16:07:37.828 * RDB age 67475 seconds
1683:M 09 Mar 2026 16:07:37.828 * RDB memory usage when created 1.12 Mb
1683:M 09 Mar 2026 16:07:37.828 * Done loading RDB, keys loaded: 8, keys expired: 3.
1683:M 09 Mar 2026 16:07:37.828 * DB loaded from disk: 0.002 seconds
1683:M 09 Mar 2026 16:07:37.828 * Ready to accept connections
1683:M 09 Mar 2026 16:07:53.067 * 1 changes in 15 seconds. Saving...
1683:M 09 Mar 2026 16:07:53.068 * Background saving started by pid 2023
2023:C 09 Mar 2026 16:07:53.072 * DB saved on disk
2023:C 09 Mar 2026 16:07:53.073 * Fork CoW for RDB: current 0 MB, peak 0 MB, average 0 MB
1683:M 09 Mar 2026 16:07:53.171 * Background saving terminated with success
1683:M 09 Mar 2026 16:08:09.026 * 1 changes in 15 seconds. Saving...
1683:M 09 Mar 2026 16:08:09.026 * Background saving started by pid 2083
2083:C 09 Mar 2026 16:08:09.030 * DB saved on disk
2083:C 09 Mar 2026 16:08:09.030 * Fork CoW for RDB: current 0 MB, peak 0 MB, average 0 MB
1683:M 09 Mar 2026 16:08:09.129 * Background saving terminated with success
1683:M 09 Mar 2026 16:08:47.337 * 1 changes in 15 seconds. Saving...
1683:M 09 Mar 2026 16:08:47.338 * Background saving started by pid 2118
2118:C 09 Mar 2026 16:08:47.339 * DB saved on disk
2118:C 09 Mar 2026 16:08:47.339 * Fork CoW for RDB: current 0 MB, peak 0 MB, average 0 MB
1683:M 09 Mar 2026 16:08:47.439 * Background saving terminated with success
1683:M 09 Mar 2026 16:09:22.474 * 1 changes in 15 seconds. Saving...
1683:M 09 Mar 2026 16:09:22.474 * Background saving started by pid 2139
2139:C 09 Mar 2026 16:09:22.476 * DB saved on disk
2139:C 09 Mar 2026 16:09:22.477 * Fork CoW for RDB: current 0 MB, peak 0 MB, average 0 MB
1683:M 09 Mar 2026 16:09:22.578 * Background saving terminated with success
1683:M 09 Mar 2026 16:09:47.889 * 1 changes in 15 seconds. Saving...
1683:M 09 Mar 2026 16:09:47.889 * Background saving started by pid 2159
2159:C 09 Mar 2026 16:09:47.892 * DB saved on disk
2159:C 09 Mar 2026 16:09:47.892 * Fork CoW for RDB: current 0 MB, peak 0 MB, average 0 MB
1683:M 09 Mar 2026 16:09:47.991 * Background saving terminated with success
1683:M 09 Mar 2026 16:13:22.491 * 1 changes in 15 seconds. Saving...
1683:M 09 Mar 2026 16:13:22.491 * Background saving started by pid 2291
2291:C 09 Mar 2026 16:13:22.493 * DB saved on disk
2291:C 09 Mar 2026 16:13:22.494 * Fork CoW for RDB: current 0 MB, peak 0 MB, average 0 MB
1683:M 09 Mar 2026 16:13:22.593 * Background saving terminated with success
