1679:C 08 Mar 2026 20:45:21.997 # oO0OoO0OoO0Oo Redis is starting oO0OoO0OoO0Oo
1679:C 08 Mar 2026 20:45:21.997 # Redis version=7.0.15, bits=64, commit=00000000, modified=0, pid=1679, just started
1679:C 08 Mar 2026 20:45:21.997 # Configuration loaded
1679:M 08 Mar 2026 20:45:21.997 * monotonic clock: POSIX clock_gettime
1679:M 08 Mar 2026 20:45:21.998 * Running mode=standalone, port=6379.
1679:M 08 Mar 2026 20:45:21.998 # Server initialized
1679:M 08 Mar 2026 20:45:22.002 * Loading RDB produced by version 7.0.15
1679:M 08 Mar 2026 20:45:22.002 * RDB age 3290 seconds
1679:M 08 Mar 2026 20:45:22.002 * RDB memory usage when created 1.13 Mb
1679:M 08 Mar 2026 20:45:22.002 * Done loading RDB, keys loaded: 10, keys expired: 1.
1679:M 08 Mar 2026 20:45:22.002 * DB loaded from disk: 0.002 seconds
1679:M 08 Mar 2026 20:45:22.002 * Ready to accept connections
1679:M 08 Mar 2026 20:45:39.392 * 1 changes in 15 seconds. Saving...
1679:M 08 Mar 2026 20:45:39.392 * Background saving started by pid 2016
2016:C 08 Mar 2026 20:45:39.394 * DB saved on disk
2016:C 08 Mar 2026 20:45:39.394 * Fork CoW for RDB: current 0 MB, peak 0 MB, average 0 MB
1679:M 08 Mar 2026 20:45:39.492 * Background saving terminated with success
1679:M 08 Mar 2026 20:58:52.756 * 1 changes in 15 seconds. Saving...
1679:M 08 Mar 2026 20:58:52.756 * Background saving started by pid 2524
2524:C 08 Mar 2026 20:58:52.760 * DB saved on disk
2524:C 08 Mar 2026 20:58:52.761 * Fork CoW for RDB: current 0 MB, peak 0 MB, average 0 MB
1679:M 08 Mar 2026 20:58:52.857 * Background saving terminated with success
1679:M 08 Mar 2026 20:59:08.014 * 1 changes in 15 seconds. Saving...
1679:M 08 Mar 2026 20:59:08.015 * Background saving started by pid 2576
2576:C 08 Mar 2026 20:59:08.020 * DB saved on disk
2576:C 08 Mar 2026 20:59:08.021 * Fork CoW for RDB: current 0 MB, peak 0 MB, average 0 MB
1679:M 08 Mar 2026 20:59:08.117 * Background saving terminated with success
1679:M 08 Mar 2026 20:59:25.548 * 1 changes in 15 seconds. Saving...
1679:M 08 Mar 2026 20:59:25.548 * Background saving started by pid 2589
2589:C 08 Mar 2026 20:59:25.550 * DB saved on disk
2589:C 08 Mar 2026 20:59:25.551 * Fork CoW for RDB: current 0 MB, peak 0 MB, average 0 MB
1679:M 08 Mar 2026 20:59:25.651 * Background saving terminated with success
1679:M 08 Mar 2026 20:59:41.078 * 1 changes in 15 seconds. Saving...
1679:M 08 Mar 2026 20:59:41.079 * Background saving started by pid 2601
2601:C 08 Mar 2026 20:59:41.083 * DB saved on disk
2601:C 08 Mar 2026 20:59:41.083 * Fork CoW for RDB: current 0 MB, peak 0 MB, average 0 MB
1679:M 08 Mar 2026 20:59:41.184 * Background saving terminated with success
1679:M 08 Mar 2026 20:59:57.085 * 1 changes in 15 seconds. Saving...
1679:M 08 Mar 2026 20:59:57.085 * Background saving started by pid 2612
2612:C 08 Mar 2026 20:59:57.090 * DB saved on disk
2612:C 08 Mar 2026 20:59:57.090 * Fork CoW for RDB: current 0 MB, peak 0 MB, average 0 MB
1679:M 08 Mar 2026 20:59:57.188 * Background saving terminated with success
1679:M 08 Mar 2026 21:00:13.090 * 1 changes in 15 seconds. Saving...
1679:M 08 Mar 2026 21:00:13.091 * Background saving started by pid 2624
2624:C 08 Mar 2026 21:00:13.096 * DB saved on disk
2624:C 08 Mar 2026 21:00:13.096 * Fork CoW for RDB: current 0 MB, peak 0 MB, average 0 MB
1679:M 08 Mar 2026 21:00:13.196 * Background saving terminated with success
1679:M 08 Mar 2026 21:00:29.103 * 1 changes in 15 seconds. Saving...
1679:M 08 Mar 2026 21:00:29.104 * Background saving started by pid 2640
2640:C 08 Mar 2026 21:00:29.112 * DB saved on disk
2640:C 08 Mar 2026 21:00:29.112 * Fork CoW for RDB: current 0 MB, peak 0 MB, average 0 MB
1679:M 08 Mar 2026 21:00:29.206 * Background saving terminated with success
1679:M 08 Mar 2026 21:00:45.031 * 1 changes in 15 seconds. Saving...
1679:M 08 Mar 2026 21:00:45.032 * Background saving started by pid 2657
2657:C 08 Mar 2026 21:00:45.038 * DB saved on disk
2657:C 08 Mar 2026 21:00:45.039 * Fork CoW for RDB: current 0 MB, peak 0 MB, average 0 MB
1679:M 08 Mar 2026 21:00:45.134 * Background saving terminated with success
1679:M 08 Mar 2026 21:01:01.056 * 1 changes in 15 seconds. Saving...
1679:M 08 Mar 2026 21:01:01.057 * Background saving started by pid 2672
2672:C 08 Mar 2026 21:01:01.064 * DB saved on disk
2672:C 08 Mar 2026 21:01:01.064 * Fork CoW for RDB: current 0 MB, peak 0 MB, average 0 MB
1679:M 08 Mar 2026 21:01:01.159 * Background saving terminated with success
1679:M 08 Mar 2026 21:01:23.612 * 1 changes in 15 seconds. Saving...
1679:M 08 Mar 2026 21:01:23.612 * Background saving started by pid 2692
2692:C 08 Mar 2026 21:01:23.613 * DB saved on disk
2692:C 08 Mar 2026 21:01:23.614 * Fork CoW for RDB: current 0 MB, peak 0 MB, average 0 MB
1679:M 08 Mar 2026 21:01:23.714 * Background saving terminated with success
1679:M 08 Mar 2026 21:01:40.471 * 1 changes in 15 seconds. Saving...
1679:M 08 Mar 2026 21:01:40.472 * Background saving started by pid 2702
2702:C 08 Mar 2026 21:01:40.473 * DB saved on disk
2702:C 08 Mar 2026 21:01:40.473 * Fork CoW for RDB: current 0 MB, peak 0 MB, average 0 MB
1679:M 08 Mar 2026 21:01:40.573 * Background saving terminated with success
1679:M 08 Mar 2026 21:01:56.064 * 1 changes in 15 seconds. Saving...
1679:M 08 Mar 2026 21:01:56.065 * Background saving started by pid 2713
2713:C 08 Mar 2026 21:01:56.071 * DB saved on disk
2713:C 08 Mar 2026 21:01:56.072 * Fork CoW for RDB: current 0 MB, peak 0 MB, average 0 MB
1679:M 08 Mar 2026 21:01:56.169 * Background saving terminated with success
1679:M 08 Mar 2026 21:02:12.073 * 1 changes in 15 seconds. Saving...
1679:M 08 Mar 2026 21:02:12.073 * Background saving started by pid 2723
2723:C 08 Mar 2026 21:02:12.078 * DB saved on disk
2723:C 08 Mar 2026 21:02:12.079 * Fork CoW for RDB: current 0 MB, peak 0 MB, average 0 MB
1679:M 08 Mar 2026 21:02:12.174 * Background saving terminated with success
1679:M 08 Mar 2026 21:02:28.015 * 1 changes in 15 seconds. Saving...
1679:M 08 Mar 2026 21:02:28.015 * Background saving started by pid 2736
2736:C 08 Mar 2026 21:02:28.019 * DB saved on disk
2736:C 08 Mar 2026 21:02:28.020 * Fork CoW for RDB: current 0 MB, peak 0 MB, average 0 MB
1679:M 08 Mar 2026 21:02:28.118 * Background saving terminated with success
1679:M 08 Mar 2026 21:02:44.070 * 1 changes in 15 seconds. Saving...
1679:M 08 Mar 2026 21:02:44.071 * Background saving started by pid 2746
2746:C 08 Mar 2026 21:02:44.077 * DB saved on disk
2746:C 08 Mar 2026 21:02:44.077 * Fork CoW for RDB: current 0 MB, peak 0 MB, average 0 MB
1679:M 08 Mar 2026 21:02:44.175 * Background saving terminated with success
1679:M 08 Mar 2026 21:03:00.077 * 1 changes in 15 seconds. Saving...
1679:M 08 Mar 2026 21:03:00.078 * Background saving started by pid 2758
2758:C 08 Mar 2026 21:03:00.083 * DB saved on disk
2758:C 08 Mar 2026 21:03:00.083 * Fork CoW for RDB: current 0 MB, peak 0 MB, average 0 MB
1679:M 08 Mar 2026 21:03:00.180 * Background saving terminated with success
1679:M 08 Mar 2026 21:03:16.010 * 1 changes in 15 seconds. Saving...
1679:M 08 Mar 2026 21:03:16.011 * Background saving started by pid 2768
2768:C 08 Mar 2026 21:03:16.017 * DB saved on disk
2768:C 08 Mar 2026 21:03:16.017 * Fork CoW for RDB: current 0 MB, peak 0 MB, average 0 MB
1679:M 08 Mar 2026 21:03:16.117 * Background saving terminated with success
1679:M 08 Mar 2026 21:03:32.074 * 1 changes in 15 seconds. Saving...
1679:M 08 Mar 2026 21:03:32.075 * Background saving started by pid 2780
2780:C 08 Mar 2026 21:03:32.082 * DB saved on disk
2780:C 08 Mar 2026 21:03:32.082 * Fork CoW for RDB: current 0 MB, peak 0 MB, average 0 MB
1679:M 08 Mar 2026 21:03:32.176 * Background saving terminated with success
1679:M 08 Mar 2026 21:03:48.029 * 1 changes in 15 seconds. Saving...
1679:M 08 Mar 2026 21:03:48.030 * Background saving started by pid 2791
2791:C 08 Mar 2026 21:03:48.036 * DB saved on disk
2791:C 08 Mar 2026 21:03:48.036 * Fork CoW for RDB: current 0 MB, peak 0 MB, average 0 MB
1679:M 08 Mar 2026 21:03:48.134 * Background saving terminated with success
1679:M 08 Mar 2026 21:04:04.009 * 1 changes in 15 seconds. Saving...
1679:M 08 Mar 2026 21:04:04.010 * Background saving started by pid 2802
2802:C 08 Mar 2026 21:04:04.016 * DB saved on disk
2802:C 08 Mar 2026 21:04:04.016 * Fork CoW for RDB: current 0 MB, peak 0 MB, average 0 MB
1679:M 08 Mar 2026 21:04:04.112 * Background saving terminated with success
1679:M 08 Mar 2026 21:05:19.653 * 1 changes in 15 seconds. Saving...
1679:M 08 Mar 2026 21:05:19.654 * Background saving started by pid 2848
2848:C 08 Mar 2026 21:05:19.656 * DB saved on disk
2848:C 08 Mar 2026 21:05:19.656 * Fork CoW for RDB: current 0 MB, peak 0 MB, average 0 MB
1679:M 08 Mar 2026 21:05:19.756 * Background saving terminated with success
1679:M 08 Mar 2026 21:07:09.706 * 1 changes in 15 seconds. Saving...
1679:M 08 Mar 2026 21:07:09.706 * Background saving started by pid 2919
2919:C 08 Mar 2026 21:07:09.708 * DB saved on disk
2919:C 08 Mar 2026 21:07:09.708 * Fork CoW for RDB: current 0 MB, peak 0 MB, average 0 MB
1679:M 08 Mar 2026 21:07:09.810 * Background saving terminated with success
1679:M 08 Mar 2026 21:07:25.090 * 1 changes in 15 seconds. Saving...
1679:M 08 Mar 2026 21:07:25.091 * Background saving started by pid 2935
2935:C 08 Mar 2026 21:07:25.097 * DB saved on disk
2935:C 08 Mar 2026 21:07:25.098 * Fork CoW for RDB: current 0 MB, peak 0 MB, average 0 MB
1679:M 08 Mar 2026 21:07:25.192 * Background saving terminated with success
1679:M 08 Mar 2026 21:07:41.093 * 1 changes in 15 seconds. Saving...
1679:M 08 Mar 2026 21:07:41.093 * Background saving started by pid 2945
2945:C 08 Mar 2026 21:07:41.098 * DB saved on disk
2945:C 08 Mar 2026 21:07:41.098 * Fork CoW for RDB: current 0 MB, peak 0 MB, average 0 MB
1679:M 08 Mar 2026 21:07:41.195 * Background saving terminated with success
1679:M 08 Mar 2026 21:08:21.983 * 1 changes in 15 seconds. Saving...
1679:M 08 Mar 2026 21:08:21.983 * Background saving started by pid 2973
2973:C 08 Mar 2026 21:08:21.985 * DB saved on disk
2973:C 08 Mar 2026 21:08:21.985 * Fork CoW for RDB: current 0 MB, peak 0 MB, average 0 MB
1679:M 08 Mar 2026 21:08:22.084 * Background saving terminated with success
1679:M 08 Mar 2026 21:08:40.916 * 1 changes in 15 seconds. Saving...
1679:M 08 Mar 2026 21:08:40.916 * Background saving started by pid 2985
2985:C 08 Mar 2026 21:08:40.918 * DB saved on disk
2985:C 08 Mar 2026 21:08:40.919 * Fork CoW for RDB: current 0 MB, peak 0 MB, average 0 MB
1679:M 08 Mar 2026 21:08:41.018 * Background saving terminated with success
1679:M 08 Mar 2026 21:08:57.020 * 1 changes in 15 seconds. Saving...
1679:M 08 Mar 2026 21:08:57.020 * Background saving started by pid 3004
3004:C 08 Mar 2026 21:08:57.024 * DB saved on disk
3004:C 08 Mar 2026 21:08:57.024 * Fork CoW for RDB: current 0 MB, peak 0 MB, average 0 MB
1679:M 08 Mar 2026 21:08:57.123 * Background saving terminated with success
1679:M 08 Mar 2026 21:09:13.081 * 1 changes in 15 seconds. Saving...
1679:M 08 Mar 2026 21:09:13.081 * Background saving started by pid 3015
3015:C 08 Mar 2026 21:09:13.086 * DB saved on disk
3015:C 08 Mar 2026 21:09:13.086 * Fork CoW for RDB: current 0 MB, peak 0 MB, average 0 MB
1679:M 08 Mar 2026 21:09:13.183 * Background saving terminated with success
1679:M 08 Mar 2026 21:09:36.253 * 1 changes in 15 seconds. Saving...
1679:M 08 Mar 2026 21:09:36.254 * Background saving started by pid 3034
3034:C 08 Mar 2026 21:09:36.256 * DB saved on disk
3034:C 08 Mar 2026 21:09:36.256 * Fork CoW for RDB: current 0 MB, peak 0 MB, average 0 MB
1679:M 08 Mar 2026 21:09:36.358 * Background saving terminated with success
1679:M 08 Mar 2026 21:11:59.333 * 1 changes in 15 seconds. Saving...
1679:M 08 Mar 2026 21:11:59.333 * Background saving started by pid 3128
3128:C 08 Mar 2026 21:11:59.336 * DB saved on disk
3128:C 08 Mar 2026 21:11:59.336 * Fork CoW for RDB: current 0 MB, peak 0 MB, average 0 MB
1679:M 08 Mar 2026 21:11:59.436 * Background saving terminated with success
1679:M 08 Mar 2026 21:12:15.074 * 1 changes in 15 seconds. Saving...
1679:M 08 Mar 2026 21:12:15.075 * Background saving started by pid 3145
3145:C 08 Mar 2026 21:12:15.082 * DB saved on disk
3145:C 08 Mar 2026 21:12:15.082 * Fork CoW for RDB: current 0 MB, peak 0 MB, average 0 MB
1679:M 08 Mar 2026 21:12:15.179 * Background saving terminated with success
1679:M 08 Mar 2026 21:14:29.766 * 1 changes in 15 seconds. Saving...
1679:M 08 Mar 2026 21:14:29.766 * Background saving started by pid 3220
3220:C 08 Mar 2026 21:14:29.769 * DB saved on disk
3220:C 08 Mar 2026 21:14:29.769 * Fork CoW for RDB: current 0 MB, peak 0 MB, average 0 MB
1679:M 08 Mar 2026 21:14:29.871 * Background saving terminated with success
1679:M 08 Mar 2026 21:14:45.085 * 1 changes in 15 seconds. Saving...
1679:M 08 Mar 2026 21:14:45.086 * Background saving started by pid 3243
3243:C 08 Mar 2026 21:14:45.088 * DB saved on disk
3243:C 08 Mar 2026 21:14:45.088 * Fork CoW for RDB: current 0 MB, peak 0 MB, average 0 MB
1679:M 08 Mar 2026 21:14:45.187 * Background saving terminated with success
1679:M 08 Mar 2026 21:15:01.098 * 1 changes in 15 seconds. Saving...
1679:M 08 Mar 2026 21:15:01.099 * Background saving started by pid 3257
3257:C 08 Mar 2026 21:15:01.105 * DB saved on disk
3257:C 08 Mar 2026 21:15:01.106 * Fork CoW for RDB: current 0 MB, peak 0 MB, average 0 MB
1679:M 08 Mar 2026 21:15:01.204 * Background saving terminated with success
1679:M 08 Mar 2026 21:15:53.259 * 1 changes in 15 seconds. Saving...
1679:M 08 Mar 2026 21:15:53.260 * Background saving started by pid 3286
3286:C 08 Mar 2026 21:15:53.262 * DB saved on disk
3286:C 08 Mar 2026 21:15:53.263 * Fork CoW for RDB: current 0 MB, peak 0 MB, average 0 MB
1679:M 08 Mar 2026 21:15:53.363 * Background saving terminated with success
1679:M 08 Mar 2026 21:16:09.032 * 1 changes in 15 seconds. Saving...
1679:M 08 Mar 2026 21:16:09.033 * Background saving started by pid 3296
3296:C 08 Mar 2026 21:16:09.035 * DB saved on disk
3296:C 08 Mar 2026 21:16:09.036 * Fork CoW for RDB: current 0 MB, peak 0 MB, average 0 MB
1679:M 08 Mar 2026 21:16:09.135 * Background saving terminated with success
1679:M 08 Mar 2026 21:19:45.048 * 1 changes in 15 seconds. Saving...
1679:M 08 Mar 2026 21:19:45.049 * Background saving started by pid 3427
3427:C 08 Mar 2026 21:19:45.052 * DB saved on disk
3427:C 08 Mar 2026 21:19:45.052 * Fork CoW for RDB: current 0 MB, peak 0 MB, average 0 MB
1679:M 08 Mar 2026 21:19:45.151 * Background saving terminated with success
1679:M 08 Mar 2026 21:20:01.025 * 1 changes in 15 seconds. Saving...
1679:M 08 Mar 2026 21:20:01.026 * Background saving started by pid 3442
3442:C 08 Mar 2026 21:20:01.032 * DB saved on disk
3442:C 08 Mar 2026 21:20:01.033 * Fork CoW for RDB: current 0 MB, peak 0 MB, average 0 MB
1679:M 08 Mar 2026 21:20:01.128 * Background saving terminated with success
1679:M 08 Mar 2026 21:20:17.027 * 1 changes in 15 seconds. Saving...
1679:M 08 Mar 2026 21:20:17.028 * Background saving started by pid 3454
3454:C 08 Mar 2026 21:20:17.034 * DB saved on disk
3454:C 08 Mar 2026 21:20:17.035 * Fork CoW for RDB: current 0 MB, peak 0 MB, average 0 MB
1679:M 08 Mar 2026 21:20:17.133 * Background saving terminated with success
1679:M 08 Mar 2026 21:20:33.041 * 1 changes in 15 seconds. Saving...
1679:M 08 Mar 2026 21:20:33.043 * Background saving started by pid 3466
3466:C 08 Mar 2026 21:20:33.049 * DB saved on disk
3466:C 08 Mar 2026 21:20:33.050 * Fork CoW for RDB: current 0 MB, peak 0 MB, average 0 MB
1679:M 08 Mar 2026 21:20:33.145 * Background saving terminated with success
