1676:C 25 Mar 2026 16:37:03.472 # oO0OoO0OoO0Oo Redis is starting oO0OoO0OoO0Oo
1676:C 25 Mar 2026 16:37:03.472 # Redis version=7.0.15, bits=64, commit=00000000, modified=0, pid=1676, just started
1676:C 25 Mar 2026 16:37:03.472 # Configuration loaded
1676:M 25 Mar 2026 16:37:03.472 * monotonic clock: POSIX clock_gettime
1676:M 25 Mar 2026 16:37:03.477 * Running mode=standalone, port=6379.
1676:M 25 Mar 2026 16:37:03.477 # Server initialized
1676:M 25 Mar 2026 16:37:03.491 * Loading RDB produced by version 7.0.15
1676:M 25 Mar 2026 16:37:03.491 * RDB age 1210860 seconds
1676:M 25 Mar 2026 16:37:03.491 * RDB memory usage when created 1.15 Mb
1676:M 25 Mar 2026 16:37:03.491 * Done loading RDB, keys loaded: 8, keys expired: 3.
1676:M 25 Mar 2026 16:37:03.491 * DB loaded from disk: 0.005 seconds
1676:M 25 Mar 2026 16:37:03.495 * Ready to accept connections
1676:M 25 Mar 2026 16:37:19.075 * 1 changes in 15 seconds. Saving...
1676:M 25 Mar 2026 16:37:19.076 * Background saving started by pid 2016
2016:C 25 Mar 2026 16:37:19.078 * DB saved on disk
2016:C 25 Mar 2026 16:37:19.078 * Fork CoW for RDB: current 0 MB, peak 0 MB, average 0 MB
1676:M 25 Mar 2026 16:37:19.178 * Background saving terminated with success
1676:M 25 Mar 2026 16:37:35.077 * 1 changes in 15 seconds. Saving...
1676:M 25 Mar 2026 16:37:35.078 * Background saving started by pid 2083
2083:C 25 Mar 2026 16:37:35.084 * DB saved on disk
2083:C 25 Mar 2026 16:37:35.084 * Fork CoW for RDB: current 0 MB, peak 0 MB, average 0 MB
1676:M 25 Mar 2026 16:37:35.180 * Background saving terminated with success
1676:M 25 Mar 2026 16:38:31.355 * 1 changes in 15 seconds. Saving...
1676:M 25 Mar 2026 16:38:31.356 * Background saving started by pid 2127
2127:C 25 Mar 2026 16:38:31.358 * DB saved on disk
2127:C 25 Mar 2026 16:38:31.358 * Fork CoW for RDB: current 0 MB, peak 0 MB, average 0 MB
1676:M 25 Mar 2026 16:38:31.457 * Background saving terminated with success
1676:M 25 Mar 2026 16:39:16.024 * 1 changes in 15 seconds. Saving...
1676:M 25 Mar 2026 16:39:16.025 * Background saving started by pid 2162
2162:C 25 Mar 2026 16:39:16.027 * DB saved on disk
2162:C 25 Mar 2026 16:39:16.027 * Fork CoW for RDB: current 0 MB, peak 0 MB, average 0 MB
1676:M 25 Mar 2026 16:39:16.126 * Background saving terminated with success
1676:M 25 Mar 2026 16:44:24.541 * 1 changes in 15 seconds. Saving...
1676:M 25 Mar 2026 16:44:24.542 * Background saving started by pid 2348
2348:C 25 Mar 2026 16:44:24.545 * DB saved on disk
2348:C 25 Mar 2026 16:44:24.546 * Fork CoW for RDB: current 0 MB, peak 0 MB, average 0 MB
1676:M 25 Mar 2026 16:44:24.644 * Background saving terminated with success
1676:M 25 Mar 2026 16:44:40.047 * 1 changes in 15 seconds. Saving...
1676:M 25 Mar 2026 16:44:40.048 * Background saving started by pid 2369
2369:C 25 Mar 2026 16:44:40.055 * DB saved on disk
2369:C 25 Mar 2026 16:44:40.056 * Fork CoW for RDB: current 0 MB, peak 0 MB, average 0 MB
1676:M 25 Mar 2026 16:44:40.150 * Background saving terminated with success
1676:M 25 Mar 2026 16:44:56.030 * 1 changes in 15 seconds. Saving...
1676:M 25 Mar 2026 16:44:56.031 * Background saving started by pid 2383
2383:C 25 Mar 2026 16:44:56.035 * DB saved on disk
2383:C 25 Mar 2026 16:44:56.036 * Fork CoW for RDB: current 0 MB, peak 0 MB, average 0 MB
1676:M 25 Mar 2026 16:44:56.132 * Background saving terminated with success
1676:M 25 Mar 2026 16:45:12.085 * 1 changes in 15 seconds. Saving...
1676:M 25 Mar 2026 16:45:12.086 * Background saving started by pid 2395
2395:C 25 Mar 2026 16:45:12.094 * DB saved on disk
2395:C 25 Mar 2026 16:45:12.094 * Fork CoW for RDB: current 0 MB, peak 0 MB, average 0 MB
1676:M 25 Mar 2026 16:45:12.191 * Background saving terminated with success
