1678:C 21 Apr 2026 11:46:18.514 # oO0OoO0OoO0Oo Redis is starting oO0OoO0OoO0Oo
1678:C 21 Apr 2026 11:46:18.514 # Redis version=7.0.15, bits=64, commit=00000000, modified=0, pid=1678, just started
1678:C 21 Apr 2026 11:46:18.514 # Configuration loaded
1678:M 21 Apr 2026 11:46:18.514 * monotonic clock: POSIX clock_gettime
1678:M 21 Apr 2026 11:46:18.518 * Running mode=standalone, port=6379.
1678:M 21 Apr 2026 11:46:18.518 # Server initialized
1678:M 21 Apr 2026 11:46:18.524 * Loading RDB produced by version 7.0.15
1678:M 21 Apr 2026 11:46:18.524 * RDB age 2314866 seconds
1678:M 21 Apr 2026 11:46:18.524 * RDB memory usage when created 1.12 Mb
1678:M 21 Apr 2026 11:46:18.525 * Done loading RDB, keys loaded: 7, keys expired: 3.
1678:M 21 Apr 2026 11:46:18.525 * DB loaded from disk: 0.002 seconds
1678:M 21 Apr 2026 11:46:18.525 * Ready to accept connections
1678:M 21 Apr 2026 11:46:36.839 * 1 changes in 15 seconds. Saving...
1678:M 21 Apr 2026 11:46:36.840 * Background saving started by pid 2025
2025:C 21 Apr 2026 11:46:36.844 * DB saved on disk
2025:C 21 Apr 2026 11:46:36.844 * Fork CoW for RDB: current 0 MB, peak 0 MB, average 0 MB
1678:M 21 Apr 2026 11:46:36.946 * Background saving terminated with success
1678:M 21 Apr 2026 11:46:52.056 * 1 changes in 15 seconds. Saving...
1678:M 21 Apr 2026 11:46:52.057 * Background saving started by pid 2038
2038:C 21 Apr 2026 11:46:52.063 * DB saved on disk
2038:C 21 Apr 2026 11:46:52.064 * Fork CoW for RDB: current 0 MB, peak 0 MB, average 0 MB
1678:M 21 Apr 2026 11:46:52.160 * Background saving terminated with success
1678:M 21 Apr 2026 11:47:08.024 * 1 changes in 15 seconds. Saving...
1678:M 21 Apr 2026 11:47:08.024 * Background saving started by pid 2059
2059:C 21 Apr 2026 11:47:08.031 * DB saved on disk
2059:C 21 Apr 2026 11:47:08.032 * Fork CoW for RDB: current 0 MB, peak 0 MB, average 0 MB
1678:M 21 Apr 2026 11:47:08.127 * Background saving terminated with success
1678:M 21 Apr 2026 11:47:24.101 * 1 changes in 15 seconds. Saving...
1678:M 21 Apr 2026 11:47:24.102 * Background saving started by pid 2082
2082:C 21 Apr 2026 11:47:24.107 * DB saved on disk
2082:C 21 Apr 2026 11:47:24.107 * Fork CoW for RDB: current 0 MB, peak 0 MB, average 0 MB
1678:M 21 Apr 2026 11:47:24.204 * Background saving terminated with success
1678:M 21 Apr 2026 11:47:40.061 * 1 changes in 15 seconds. Saving...
1678:M 21 Apr 2026 11:47:40.061 * Background saving started by pid 2132
2132:C 21 Apr 2026 11:47:40.068 * DB saved on disk
2132:C 21 Apr 2026 11:47:40.068 * Fork CoW for RDB: current 0 MB, peak 0 MB, average 0 MB
1678:M 21 Apr 2026 11:47:40.163 * Background saving terminated with success
1678:M 21 Apr 2026 11:47:56.076 * 1 changes in 15 seconds. Saving...
1678:M 21 Apr 2026 11:47:56.076 * Background saving started by pid 2144
2144:C 21 Apr 2026 11:47:56.081 * DB saved on disk
2144:C 21 Apr 2026 11:47:56.082 * Fork CoW for RDB: current 0 MB, peak 0 MB, average 0 MB
1678:M 21 Apr 2026 11:47:56.178 * Background saving terminated with success
1678:M 21 Apr 2026 11:48:12.037 * 1 changes in 15 seconds. Saving...
1678:M 21 Apr 2026 11:48:12.037 * Background saving started by pid 2164
2164:C 21 Apr 2026 11:48:12.039 * DB saved on disk
2164:C 21 Apr 2026 11:48:12.040 * Fork CoW for RDB: current 0 MB, peak 0 MB, average 0 MB
1678:M 21 Apr 2026 11:48:12.140 * Background saving terminated with success
1678:M 21 Apr 2026 11:48:28.083 * 1 changes in 15 seconds. Saving...
1678:M 21 Apr 2026 11:48:28.084 * Background saving started by pid 2176
2176:C 21 Apr 2026 11:48:28.089 * DB saved on disk
2176:C 21 Apr 2026 11:48:28.090 * Fork CoW for RDB: current 0 MB, peak 0 MB, average 0 MB
1678:M 21 Apr 2026 11:48:28.186 * Background saving terminated with success
1678:M 21 Apr 2026 11:48:44.002 * 1 changes in 15 seconds. Saving...
1678:M 21 Apr 2026 11:48:44.003 * Background saving started by pid 2192
2192:C 21 Apr 2026 11:48:44.010 * DB saved on disk
2192:C 21 Apr 2026 11:48:44.011 * Fork CoW for RDB: current 0 MB, peak 0 MB, average 0 MB
1678:M 21 Apr 2026 11:48:44.107 * Background saving terminated with success
1678:M 21 Apr 2026 11:49:07.593 * 1 changes in 15 seconds. Saving...
1678:M 21 Apr 2026 11:49:07.594 * Background saving started by pid 2202
2202:C 21 Apr 2026 11:49:07.596 * DB saved on disk
2202:C 21 Apr 2026 11:49:07.596 * Fork CoW for RDB: current 0 MB, peak 0 MB, average 0 MB
1678:M 21 Apr 2026 11:49:07.696 * Background saving terminated with success
1678:M 21 Apr 2026 11:49:23.095 * 1 changes in 15 seconds. Saving...
1678:M 21 Apr 2026 11:49:23.096 * Background saving started by pid 2215
2215:C 21 Apr 2026 11:49:23.100 * DB saved on disk
2215:C 21 Apr 2026 11:49:23.101 * Fork CoW for RDB: current 0 MB, peak 0 MB, average 0 MB
1678:M 21 Apr 2026 11:49:23.200 * Background saving terminated with success
1678:M 21 Apr 2026 11:50:01.920 * 1 changes in 15 seconds. Saving...
1678:M 21 Apr 2026 11:50:01.920 * Background saving started by pid 2244
2244:C 21 Apr 2026 11:50:01.926 * DB saved on disk
2244:C 21 Apr 2026 11:50:01.926 * Fork CoW for RDB: current 0 MB, peak 0 MB, average 0 MB
1678:M 21 Apr 2026 11:50:02.022 * Background saving terminated with success
1678:M 21 Apr 2026 11:50:18.072 * 1 changes in 15 seconds. Saving...
1678:M 21 Apr 2026 11:50:18.073 * Background saving started by pid 2256
2256:C 21 Apr 2026 11:50:18.079 * DB saved on disk
2256:C 21 Apr 2026 11:50:18.079 * Fork CoW for RDB: current 0 MB, peak 0 MB, average 0 MB
1678:M 21 Apr 2026 11:50:18.179 * Background saving terminated with success
1678:M 21 Apr 2026 11:50:34.029 * 1 changes in 15 seconds. Saving...
1678:M 21 Apr 2026 11:50:34.030 * Background saving started by pid 2268
2268:C 21 Apr 2026 11:50:34.035 * DB saved on disk
2268:C 21 Apr 2026 11:50:34.035 * Fork CoW for RDB: current 0 MB, peak 0 MB, average 0 MB
1678:M 21 Apr 2026 11:50:34.131 * Background saving terminated with success
1678:M 21 Apr 2026 11:50:50.039 * 1 changes in 15 seconds. Saving...
1678:M 21 Apr 2026 11:50:50.040 * Background saving started by pid 2278
2278:C 21 Apr 2026 11:50:50.043 * DB saved on disk
2278:C 21 Apr 2026 11:50:50.043 * Fork CoW for RDB: current 0 MB, peak 0 MB, average 0 MB
1678:M 21 Apr 2026 11:50:50.146 * Background saving terminated with success
1678:M 21 Apr 2026 11:51:17.770 * 1 changes in 15 seconds. Saving...
1678:M 21 Apr 2026 11:51:17.770 * Background saving started by pid 2298
2298:C 21 Apr 2026 11:51:17.772 * DB saved on disk
2298:C 21 Apr 2026 11:51:17.772 * Fork CoW for RDB: current 0 MB, peak 0 MB, average 0 MB
1678:M 21 Apr 2026 11:51:17.874 * Background saving terminated with success
1678:M 21 Apr 2026 11:51:33.044 * 1 changes in 15 seconds. Saving...
1678:M 21 Apr 2026 11:51:33.045 * Background saving started by pid 2311
2311:C 21 Apr 2026 11:51:33.051 * DB saved on disk
2311:C 21 Apr 2026 11:51:33.052 * Fork CoW for RDB: current 0 MB, peak 0 MB, average 0 MB
1678:M 21 Apr 2026 11:51:33.148 * Background saving terminated with success
1678:M 21 Apr 2026 11:51:49.035 * 1 changes in 15 seconds. Saving...
1678:M 21 Apr 2026 11:51:49.035 * Background saving started by pid 2321
2321:C 21 Apr 2026 11:51:49.039 * DB saved on disk
2321:C 21 Apr 2026 11:51:49.040 * Fork CoW for RDB: current 0 MB, peak 0 MB, average 0 MB
1678:M 21 Apr 2026 11:51:49.139 * Background saving terminated with success
1678:M 21 Apr 2026 11:52:05.101 * 1 changes in 15 seconds. Saving...
1678:M 21 Apr 2026 11:52:05.102 * Background saving started by pid 2333
2333:C 21 Apr 2026 11:52:05.109 * DB saved on disk
2333:C 21 Apr 2026 11:52:05.109 * Fork CoW for RDB: current 0 MB, peak 0 MB, average 0 MB
1678:M 21 Apr 2026 11:52:05.203 * Background saving terminated with success
1678:M 21 Apr 2026 11:53:27.584 * 1 changes in 15 seconds. Saving...
1678:M 21 Apr 2026 11:53:27.584 * Background saving started by pid 2381
2381:C 21 Apr 2026 11:53:27.586 * DB saved on disk
2381:C 21 Apr 2026 11:53:27.586 * Fork CoW for RDB: current 0 MB, peak 0 MB, average 0 MB
1678:M 21 Apr 2026 11:53:27.690 * Background saving terminated with success
1678:M 21 Apr 2026 11:53:43.027 * 1 changes in 15 seconds. Saving...
1678:M 21 Apr 2026 11:53:43.027 * Background saving started by pid 2395
2395:C 21 Apr 2026 11:53:43.032 * DB saved on disk
2395:C 21 Apr 2026 11:53:43.033 * Fork CoW for RDB: current 0 MB, peak 0 MB, average 0 MB
1678:M 21 Apr 2026 11:53:43.131 * Background saving terminated with success
1678:M 21 Apr 2026 11:53:59.041 * 1 changes in 15 seconds. Saving...
1678:M 21 Apr 2026 11:53:59.042 * Background saving started by pid 2405
2405:C 21 Apr 2026 11:53:59.048 * DB saved on disk
2405:C 21 Apr 2026 11:53:59.048 * Fork CoW for RDB: current 0 MB, peak 0 MB, average 0 MB
1678:M 21 Apr 2026 11:53:59.146 * Background saving terminated with success
1678:M 21 Apr 2026 11:54:15.079 * 1 changes in 15 seconds. Saving...
1678:M 21 Apr 2026 11:54:15.079 * Background saving started by pid 2424
2424:C 21 Apr 2026 11:54:15.080 * DB saved on disk
2424:C 21 Apr 2026 11:54:15.080 * Fork CoW for RDB: current 0 MB, peak 0 MB, average 0 MB
1678:M 21 Apr 2026 11:54:15.182 * Background saving terminated with success
1678:M 21 Apr 2026 11:54:31.053 * 1 changes in 15 seconds. Saving...
1678:M 21 Apr 2026 11:54:31.053 * Background saving started by pid 2436
2436:C 21 Apr 2026 11:54:31.060 * DB saved on disk
2436:C 21 Apr 2026 11:54:31.061 * Fork CoW for RDB: current 0 MB, peak 0 MB, average 0 MB
1678:M 21 Apr 2026 11:54:31.159 * Background saving terminated with success
1678:M 21 Apr 2026 11:55:07.224 * 1 changes in 15 seconds. Saving...
1678:M 21 Apr 2026 11:55:07.225 * Background saving started by pid 2455
2455:C 21 Apr 2026 11:55:07.229 * DB saved on disk
2455:C 21 Apr 2026 11:55:07.230 * Fork CoW for RDB: current 0 MB, peak 0 MB, average 0 MB
1678:M 21 Apr 2026 11:55:07.326 * Background saving terminated with success
1678:M 21 Apr 2026 11:55:23.098 * 1 changes in 15 seconds. Saving...
1678:M 21 Apr 2026 11:55:23.099 * Background saving started by pid 2469
2469:C 21 Apr 2026 11:55:23.104 * DB saved on disk
2469:C 21 Apr 2026 11:55:23.105 * Fork CoW for RDB: current 0 MB, peak 0 MB, average 0 MB
1678:M 21 Apr 2026 11:55:23.201 * Background saving terminated with success
1678:M 21 Apr 2026 11:56:47.457 * 1 changes in 15 seconds. Saving...
1678:M 21 Apr 2026 11:56:47.457 * Background saving started by pid 2527
2527:C 21 Apr 2026 11:56:47.460 * DB saved on disk
2527:C 21 Apr 2026 11:56:47.461 * Fork CoW for RDB: current 0 MB, peak 0 MB, average 0 MB
1678:M 21 Apr 2026 11:56:47.559 * Background saving terminated with success
1678:M 21 Apr 2026 11:57:03.093 * 1 changes in 15 seconds. Saving...
1678:M 21 Apr 2026 11:57:03.093 * Background saving started by pid 2547
2547:C 21 Apr 2026 11:57:03.098 * DB saved on disk
2547:C 21 Apr 2026 11:57:03.098 * Fork CoW for RDB: current 0 MB, peak 0 MB, average 0 MB
1678:M 21 Apr 2026 11:57:03.196 * Background saving terminated with success
1678:M 21 Apr 2026 11:57:19.376 * 1 changes in 15 seconds. Saving...
1678:M 21 Apr 2026 11:57:19.377 * Background saving started by pid 2559
2559:C 21 Apr 2026 11:57:19.379 * DB saved on disk
2559:C 21 Apr 2026 11:57:19.379 * Fork CoW for RDB: current 0 MB, peak 0 MB, average 0 MB
1678:M 21 Apr 2026 11:57:19.478 * Background saving terminated with success
1678:M 21 Apr 2026 11:57:35.068 * 1 changes in 15 seconds. Saving...
1678:M 21 Apr 2026 11:57:35.069 * Background saving started by pid 2577
2577:C 21 Apr 2026 11:57:35.074 * DB saved on disk
2577:C 21 Apr 2026 11:57:35.074 * Fork CoW for RDB: current 0 MB, peak 0 MB, average 0 MB
1678:M 21 Apr 2026 11:57:35.172 * Background saving terminated with success
1678:M 21 Apr 2026 11:57:58.305 * 1 changes in 15 seconds. Saving...
1678:M 21 Apr 2026 11:57:58.306 * Background saving started by pid 2588
2588:C 21 Apr 2026 11:57:58.308 * DB saved on disk
2588:C 21 Apr 2026 11:57:58.308 * Fork CoW for RDB: current 0 MB, peak 0 MB, average 0 MB
1678:M 21 Apr 2026 11:57:58.410 * Background saving terminated with success
1678:M 21 Apr 2026 11:58:27.805 * 1 changes in 15 seconds. Saving...
1678:M 21 Apr 2026 11:58:27.806 * Background saving started by pid 2608
2608:C 21 Apr 2026 11:58:27.808 * DB saved on disk
2608:C 21 Apr 2026 11:58:27.808 * Fork CoW for RDB: current 0 MB, peak 0 MB, average 0 MB
1678:M 21 Apr 2026 11:58:27.911 * Background saving terminated with success
1678:M 21 Apr 2026 11:58:43.068 * 1 changes in 15 seconds. Saving...
1678:M 21 Apr 2026 11:58:43.069 * Background saving started by pid 2618
2618:C 21 Apr 2026 11:58:43.073 * DB saved on disk
2618:C 21 Apr 2026 11:58:43.074 * Fork CoW for RDB: current 0 MB, peak 0 MB, average 0 MB
1678:M 21 Apr 2026 11:58:43.172 * Background saving terminated with success
1678:M 21 Apr 2026 11:58:59.086 * 1 changes in 15 seconds. Saving...
1678:M 21 Apr 2026 11:58:59.086 * Background saving started by pid 2629
2629:C 21 Apr 2026 11:58:59.091 * DB saved on disk
2629:C 21 Apr 2026 11:58:59.092 * Fork CoW for RDB: current 0 MB, peak 0 MB, average 0 MB
1678:M 21 Apr 2026 11:58:59.191 * Background saving terminated with success
1678:M 21 Apr 2026 11:59:53.691 * 1 changes in 15 seconds. Saving...
1678:M 21 Apr 2026 11:59:53.691 * Background saving started by pid 2668
2668:C 21 Apr 2026 11:59:53.694 * DB saved on disk
2668:C 21 Apr 2026 11:59:53.694 * Fork CoW for RDB: current 0 MB, peak 0 MB, average 0 MB
1678:M 21 Apr 2026 11:59:53.793 * Background saving terminated with success
1678:M 21 Apr 2026 12:00:09.024 * 1 changes in 15 seconds. Saving...
1678:M 21 Apr 2026 12:00:09.025 * Background saving started by pid 2684
2684:C 21 Apr 2026 12:00:09.031 * DB saved on disk
2684:C 21 Apr 2026 12:00:09.031 * Fork CoW for RDB: current 0 MB, peak 0 MB, average 0 MB
1678:M 21 Apr 2026 12:00:09.129 * Background saving terminated with success
1678:M 21 Apr 2026 12:00:26.167 * 1 changes in 15 seconds. Saving...
1678:M 21 Apr 2026 12:00:26.167 * Background saving started by pid 2695
2695:C 21 Apr 2026 12:00:26.169 * DB saved on disk
2695:C 21 Apr 2026 12:00:26.170 * Fork CoW for RDB: current 0 MB, peak 0 MB, average 0 MB
1678:M 21 Apr 2026 12:00:26.270 * Background saving terminated with success
1678:M 21 Apr 2026 12:00:42.099 * 1 changes in 15 seconds. Saving...
1678:M 21 Apr 2026 12:00:42.100 * Background saving started by pid 2706
2706:C 21 Apr 2026 12:00:42.106 * DB saved on disk
2706:C 21 Apr 2026 12:00:42.106 * Fork CoW for RDB: current 0 MB, peak 0 MB, average 0 MB
1678:M 21 Apr 2026 12:00:42.205 * Background saving terminated with success
1678:M 21 Apr 2026 12:00:58.039 * 1 changes in 15 seconds. Saving...
1678:M 21 Apr 2026 12:00:58.040 * Background saving started by pid 2716
2716:C 21 Apr 2026 12:00:58.043 * DB saved on disk
2716:C 21 Apr 2026 12:00:58.043 * Fork CoW for RDB: current 0 MB, peak 0 MB, average 0 MB
1678:M 21 Apr 2026 12:00:58.144 * Background saving terminated with success
1678:M 21 Apr 2026 12:01:14.051 * 1 changes in 15 seconds. Saving...
1678:M 21 Apr 2026 12:01:14.052 * Background saving started by pid 2727
2727:C 21 Apr 2026 12:01:14.058 * DB saved on disk
2727:C 21 Apr 2026 12:01:14.059 * Fork CoW for RDB: current 0 MB, peak 0 MB, average 0 MB
1678:M 21 Apr 2026 12:01:14.157 * Background saving terminated with success
1678:M 21 Apr 2026 12:02:26.337 * 1 changes in 15 seconds. Saving...
1678:M 21 Apr 2026 12:02:26.337 * Background saving started by pid 2775
2775:C 21 Apr 2026 12:02:26.340 * DB saved on disk
2775:C 21 Apr 2026 12:02:26.340 * Fork CoW for RDB: current 0 MB, peak 0 MB, average 0 MB
1678:M 21 Apr 2026 12:02:26.441 * Background saving terminated with success
1678:M 21 Apr 2026 12:04:03.842 * 1 changes in 15 seconds. Saving...
1678:M 21 Apr 2026 12:04:03.843 * Background saving started by pid 2833
2833:C 21 Apr 2026 12:04:03.845 * DB saved on disk
2833:C 21 Apr 2026 12:04:03.846 * Fork CoW for RDB: current 0 MB, peak 0 MB, average 0 MB
1678:M 21 Apr 2026 12:04:03.948 * Background saving terminated with success
1678:M 21 Apr 2026 12:04:29.986 * 1 changes in 15 seconds. Saving...
1678:M 21 Apr 2026 12:04:29.986 * Background saving started by pid 2859
2859:C 21 Apr 2026 12:04:29.988 * DB saved on disk
2859:C 21 Apr 2026 12:04:29.988 * Fork CoW for RDB: current 0 MB, peak 0 MB, average 0 MB
1678:M 21 Apr 2026 12:04:30.089 * Background saving terminated with success
1678:M 21 Apr 2026 12:04:47.111 * 1 changes in 15 seconds. Saving...
1678:M 21 Apr 2026 12:04:47.111 * Background saving started by pid 2869
2869:C 21 Apr 2026 12:04:47.113 * DB saved on disk
2869:C 21 Apr 2026 12:04:47.113 * Fork CoW for RDB: current 0 MB, peak 0 MB, average 0 MB
1678:M 21 Apr 2026 12:04:47.212 * Background saving terminated with success
1678:M 21 Apr 2026 12:05:11.860 * 1 changes in 15 seconds. Saving...
1678:M 21 Apr 2026 12:05:11.860 * Background saving started by pid 2888
2888:C 21 Apr 2026 12:05:11.862 * DB saved on disk
2888:C 21 Apr 2026 12:05:11.862 * Fork CoW for RDB: current 0 MB, peak 0 MB, average 0 MB
1678:M 21 Apr 2026 12:05:11.962 * Background saving terminated with success
1678:M 21 Apr 2026 12:05:27.055 * 1 changes in 15 seconds. Saving...
1678:M 21 Apr 2026 12:05:27.056 * Background saving started by pid 2899
2899:C 21 Apr 2026 12:05:27.063 * DB saved on disk
2899:C 21 Apr 2026 12:05:27.064 * Fork CoW for RDB: current 0 MB, peak 0 MB, average 0 MB
1678:M 21 Apr 2026 12:05:27.160 * Background saving terminated with success
1678:M 21 Apr 2026 12:06:13.976 * 1 changes in 15 seconds. Saving...
1678:M 21 Apr 2026 12:06:13.977 * Background saving started by pid 2927
2927:C 21 Apr 2026 12:06:13.979 * DB saved on disk
2927:C 21 Apr 2026 12:06:13.979 * Fork CoW for RDB: current 0 MB, peak 0 MB, average 0 MB
1678:M 21 Apr 2026 12:06:14.078 * Background saving terminated with success
1678:M 21 Apr 2026 12:06:30.100 * 1 changes in 15 seconds. Saving...
1678:M 21 Apr 2026 12:06:30.101 * Background saving started by pid 2942
2942:C 21 Apr 2026 12:06:30.109 * DB saved on disk
2942:C 21 Apr 2026 12:06:30.110 * Fork CoW for RDB: current 0 MB, peak 0 MB, average 0 MB
1678:M 21 Apr 2026 12:06:30.203 * Background saving terminated with success
1678:M 21 Apr 2026 12:07:42.728 * 1 changes in 15 seconds. Saving...
1678:M 21 Apr 2026 12:07:42.729 * Background saving started by pid 2990
2990:C 21 Apr 2026 12:07:42.731 * DB saved on disk
2990:C 21 Apr 2026 12:07:42.732 * Fork CoW for RDB: current 0 MB, peak 0 MB, average 0 MB
1678:M 21 Apr 2026 12:07:42.834 * Background saving terminated with success
1678:M 21 Apr 2026 12:07:58.054 * 1 changes in 15 seconds. Saving...
1678:M 21 Apr 2026 12:07:58.054 * Background saving started by pid 3006
3006:C 21 Apr 2026 12:07:58.057 * DB saved on disk
3006:C 21 Apr 2026 12:07:58.057 * Fork CoW for RDB: current 0 MB, peak 0 MB, average 0 MB
1678:M 21 Apr 2026 12:07:58.157 * Background saving terminated with success
1678:M 21 Apr 2026 12:08:23.240 * 1 changes in 15 seconds. Saving...
1678:M 21 Apr 2026 12:08:23.241 * Background saving started by pid 3027
3027:C 21 Apr 2026 12:08:23.242 * DB saved on disk
3027:C 21 Apr 2026 12:08:23.242 * Fork CoW for RDB: current 0 MB, peak 0 MB, average 0 MB
1678:M 21 Apr 2026 12:08:23.346 * Background saving terminated with success
1678:M 21 Apr 2026 12:08:42.920 * 1 changes in 15 seconds. Saving...
1678:M 21 Apr 2026 12:08:42.920 * Background saving started by pid 3036
3036:C 21 Apr 2026 12:08:42.923 * DB saved on disk
3036:C 21 Apr 2026 12:08:42.924 * Fork CoW for RDB: current 0 MB, peak 0 MB, average 0 MB
1678:M 21 Apr 2026 12:08:43.024 * Background saving terminated with success
1678:M 21 Apr 2026 12:08:59.044 * 1 changes in 15 seconds. Saving...
1678:M 21 Apr 2026 12:08:59.045 * Background saving started by pid 3046
3046:C 21 Apr 2026 12:08:59.051 * DB saved on disk
3046:C 21 Apr 2026 12:08:59.052 * Fork CoW for RDB: current 0 MB, peak 0 MB, average 0 MB
1678:M 21 Apr 2026 12:08:59.147 * Background saving terminated with success
1678:M 21 Apr 2026 12:09:15.063 * 1 changes in 15 seconds. Saving...
1678:M 21 Apr 2026 12:09:15.064 * Background saving started by pid 3056
3056:C 21 Apr 2026 12:09:15.072 * DB saved on disk
3056:C 21 Apr 2026 12:09:15.073 * Fork CoW for RDB: current 0 MB, peak 0 MB, average 0 MB
1678:M 21 Apr 2026 12:09:15.170 * Background saving terminated with success
1678:M 21 Apr 2026 12:09:31.023 * 1 changes in 15 seconds. Saving...
1678:M 21 Apr 2026 12:09:31.024 * Background saving started by pid 3067
3067:C 21 Apr 2026 12:09:31.030 * DB saved on disk
3067:C 21 Apr 2026 12:09:31.030 * Fork CoW for RDB: current 0 MB, peak 0 MB, average 0 MB
1678:M 21 Apr 2026 12:09:31.128 * Background saving terminated with success
1678:M 21 Apr 2026 12:09:47.080 * 1 changes in 15 seconds. Saving...
1678:M 21 Apr 2026 12:09:47.081 * Background saving started by pid 3077
3077:C 21 Apr 2026 12:09:47.087 * DB saved on disk
3077:C 21 Apr 2026 12:09:47.088 * Fork CoW for RDB: current 0 MB, peak 0 MB, average 0 MB
1678:M 21 Apr 2026 12:09:47.187 * Background saving terminated with success
1678:M 21 Apr 2026 12:10:03.053 * 1 changes in 15 seconds. Saving...
1678:M 21 Apr 2026 12:10:03.054 * Background saving started by pid 3087
3087:C 21 Apr 2026 12:10:03.059 * DB saved on disk
3087:C 21 Apr 2026 12:10:03.059 * Fork CoW for RDB: current 0 MB, peak 0 MB, average 0 MB
1678:M 21 Apr 2026 12:10:03.159 * Background saving terminated with success
1678:M 21 Apr 2026 12:10:19.045 * 1 changes in 15 seconds. Saving...
1678:M 21 Apr 2026 12:10:19.046 * Background saving started by pid 3099
3099:C 21 Apr 2026 12:10:19.051 * DB saved on disk
3099:C 21 Apr 2026 12:10:19.051 * Fork CoW for RDB: current 0 MB, peak 0 MB, average 0 MB
1678:M 21 Apr 2026 12:10:19.146 * Background saving terminated with success
1678:M 21 Apr 2026 12:10:52.134 * 1 changes in 15 seconds. Saving...
1678:M 21 Apr 2026 12:10:52.134 * Background saving started by pid 3119
3119:C 21 Apr 2026 12:10:52.136 * DB saved on disk
3119:C 21 Apr 2026 12:10:52.136 * Fork CoW for RDB: current 0 MB, peak 0 MB, average 0 MB
1678:M 21 Apr 2026 12:10:52.237 * Background saving terminated with success
1678:M 21 Apr 2026 12:11:08.050 * 1 changes in 15 seconds. Saving...
1678:M 21 Apr 2026 12:11:08.051 * Background saving started by pid 3129
3129:C 21 Apr 2026 12:11:08.057 * DB saved on disk
3129:C 21 Apr 2026 12:11:08.057 * Fork CoW for RDB: current 0 MB, peak 0 MB, average 0 MB
1678:M 21 Apr 2026 12:11:08.157 * Background saving terminated with success
1678:M 21 Apr 2026 12:11:24.072 * 1 changes in 15 seconds. Saving...
1678:M 21 Apr 2026 12:11:24.072 * Background saving started by pid 3149
3149:C 21 Apr 2026 12:11:24.074 * DB saved on disk
3149:C 21 Apr 2026 12:11:24.074 * Fork CoW for RDB: current 0 MB, peak 0 MB, average 0 MB
1678:M 21 Apr 2026 12:11:24.175 * Background saving terminated with success
1678:M 21 Apr 2026 12:11:40.053 * 1 changes in 15 seconds. Saving...
1678:M 21 Apr 2026 12:11:40.054 * Background saving started by pid 3159
3159:C 21 Apr 2026 12:11:40.060 * DB saved on disk
3159:C 21 Apr 2026 12:11:40.060 * Fork CoW for RDB: current 0 MB, peak 0 MB, average 0 MB
1678:M 21 Apr 2026 12:11:40.155 * Background saving terminated with success
1678:M 21 Apr 2026 12:11:56.036 * 1 changes in 15 seconds. Saving...
1678:M 21 Apr 2026 12:11:56.037 * Background saving started by pid 3169
3169:C 21 Apr 2026 12:11:56.042 * DB saved on disk
3169:C 21 Apr 2026 12:11:56.042 * Fork CoW for RDB: current 0 MB, peak 0 MB, average 0 MB
1678:M 21 Apr 2026 12:11:56.138 * Background saving terminated with success
1678:M 21 Apr 2026 12:12:12.047 * 1 changes in 15 seconds. Saving...
1678:M 21 Apr 2026 12:12:12.048 * Background saving started by pid 3179
3179:C 21 Apr 2026 12:12:12.053 * DB saved on disk
3179:C 21 Apr 2026 12:12:12.054 * Fork CoW for RDB: current 0 MB, peak 0 MB, average 0 MB
1678:M 21 Apr 2026 12:12:12.149 * Background saving terminated with success
1678:M 21 Apr 2026 12:12:28.026 * 1 changes in 15 seconds. Saving...
1678:M 21 Apr 2026 12:12:28.027 * Background saving started by pid 3190
3190:C 21 Apr 2026 12:12:28.033 * DB saved on disk
3190:C 21 Apr 2026 12:12:28.037 * Fork CoW for RDB: current 0 MB, peak 0 MB, average 0 MB
1678:M 21 Apr 2026 12:12:28.129 * Background saving terminated with success
1678:M 21 Apr 2026 12:12:44.047 * 1 changes in 15 seconds. Saving...
1678:M 21 Apr 2026 12:12:44.048 * Background saving started by pid 3211
3211:C 21 Apr 2026 12:12:44.053 * DB saved on disk
3211:C 21 Apr 2026 12:12:44.054 * Fork CoW for RDB: current 0 MB, peak 0 MB, average 0 MB
1678:M 21 Apr 2026 12:12:44.153 * Background saving terminated with success
1678:M 21 Apr 2026 12:13:00.019 * 1 changes in 15 seconds. Saving...
1678:M 21 Apr 2026 12:13:00.019 * Background saving started by pid 3221
3221:C 21 Apr 2026 12:13:00.024 * DB saved on disk
3221:C 21 Apr 2026 12:13:00.025 * Fork CoW for RDB: current 0 MB, peak 0 MB, average 0 MB
1678:M 21 Apr 2026 12:13:00.120 * Background saving terminated with success
1678:M 21 Apr 2026 12:13:17.541 * 1 changes in 15 seconds. Saving...
1678:M 21 Apr 2026 12:13:17.541 * Background saving started by pid 3231
3231:C 21 Apr 2026 12:13:17.543 * DB saved on disk
3231:C 21 Apr 2026 12:13:17.543 * Fork CoW for RDB: current 0 MB, peak 0 MB, average 0 MB
1678:M 21 Apr 2026 12:13:17.644 * Background saving terminated with success
1678:M 21 Apr 2026 12:13:33.048 * 1 changes in 15 seconds. Saving...
1678:M 21 Apr 2026 12:13:33.048 * Background saving started by pid 3242
3242:C 21 Apr 2026 12:13:33.053 * DB saved on disk
3242:C 21 Apr 2026 12:13:33.054 * Fork CoW for RDB: current 0 MB, peak 0 MB, average 0 MB
1678:M 21 Apr 2026 12:13:33.152 * Background saving terminated with success
1678:M 21 Apr 2026 12:13:49.044 * 1 changes in 15 seconds. Saving...
1678:M 21 Apr 2026 12:13:49.045 * Background saving started by pid 3252
3252:C 21 Apr 2026 12:13:49.050 * DB saved on disk
3252:C 21 Apr 2026 12:13:49.050 * Fork CoW for RDB: current 0 MB, peak 0 MB, average 0 MB
1678:M 21 Apr 2026 12:13:49.146 * Background saving terminated with success
1678:M 21 Apr 2026 12:14:05.001 * 1 changes in 15 seconds. Saving...
1678:M 21 Apr 2026 12:14:05.002 * Background saving started by pid 3262
3262:C 21 Apr 2026 12:14:05.009 * DB saved on disk
3262:C 21 Apr 2026 12:14:05.010 * Fork CoW for RDB: current 0 MB, peak 0 MB, average 0 MB
1678:M 21 Apr 2026 12:14:05.103 * Background saving terminated with success
1678:M 21 Apr 2026 12:14:21.042 * 1 changes in 15 seconds. Saving...
1678:M 21 Apr 2026 12:14:21.043 * Background saving started by pid 3276
3276:C 21 Apr 2026 12:14:21.048 * DB saved on disk
3276:C 21 Apr 2026 12:14:21.049 * Fork CoW for RDB: current 0 MB, peak 0 MB, average 0 MB
1678:M 21 Apr 2026 12:14:21.149 * Background saving terminated with success
1678:M 21 Apr 2026 12:14:37.023 * 1 changes in 15 seconds. Saving...
1678:M 21 Apr 2026 12:14:37.023 * Background saving started by pid 3286
3286:C 21 Apr 2026 12:14:37.030 * DB saved on disk
3286:C 21 Apr 2026 12:14:37.030 * Fork CoW for RDB: current 0 MB, peak 0 MB, average 0 MB
1678:M 21 Apr 2026 12:14:37.128 * Background saving terminated with success
1678:M 21 Apr 2026 12:15:51.984 * 1 changes in 15 seconds. Saving...
1678:M 21 Apr 2026 12:15:51.984 * Background saving started by pid 3333
3333:C 21 Apr 2026 12:15:51.987 * DB saved on disk
3333:C 21 Apr 2026 12:15:51.987 * Fork CoW for RDB: current 0 MB, peak 0 MB, average 0 MB
1678:M 21 Apr 2026 12:15:52.085 * Background saving terminated with success
1678:M 21 Apr 2026 12:16:08.001 * 1 changes in 15 seconds. Saving...
1678:M 21 Apr 2026 12:16:08.001 * Background saving started by pid 3347
3347:C 21 Apr 2026 12:16:08.006 * DB saved on disk
3347:C 21 Apr 2026 12:16:08.007 * Fork CoW for RDB: current 0 MB, peak 0 MB, average 0 MB
1678:M 21 Apr 2026 12:16:08.103 * Background saving terminated with success
1678:M 21 Apr 2026 12:16:24.075 * 1 changes in 15 seconds. Saving...
1678:M 21 Apr 2026 12:16:24.075 * Background saving started by pid 3358
3358:C 21 Apr 2026 12:16:24.080 * DB saved on disk
3358:C 21 Apr 2026 12:16:24.080 * Fork CoW for RDB: current 0 MB, peak 0 MB, average 0 MB
1678:M 21 Apr 2026 12:16:24.176 * Background saving terminated with success
1678:M 21 Apr 2026 12:16:40.023 * 1 changes in 15 seconds. Saving...
1678:M 21 Apr 2026 12:16:40.023 * Background saving started by pid 3368
3368:C 21 Apr 2026 12:16:40.030 * DB saved on disk
3368:C 21 Apr 2026 12:16:40.031 * Fork CoW for RDB: current 0 MB, peak 0 MB, average 0 MB
1678:M 21 Apr 2026 12:16:40.127 * Background saving terminated with success
1678:M 21 Apr 2026 12:16:56.043 * 1 changes in 15 seconds. Saving...
1678:M 21 Apr 2026 12:16:56.044 * Background saving started by pid 3378
3378:C 21 Apr 2026 12:16:56.050 * DB saved on disk
3378:C 21 Apr 2026 12:16:56.051 * Fork CoW for RDB: current 0 MB, peak 0 MB, average 0 MB
1678:M 21 Apr 2026 12:16:56.145 * Background saving terminated with success
1678:M 21 Apr 2026 12:17:12.003 * 1 changes in 15 seconds. Saving...
1678:M 21 Apr 2026 12:17:12.004 * Background saving started by pid 3395
3395:C 21 Apr 2026 12:17:12.008 * DB saved on disk
3395:C 21 Apr 2026 12:17:12.008 * Fork CoW for RDB: current 0 MB, peak 0 MB, average 0 MB
1678:M 21 Apr 2026 12:17:12.106 * Background saving terminated with success
1678:M 21 Apr 2026 12:17:28.037 * 1 changes in 15 seconds. Saving...
1678:M 21 Apr 2026 12:17:28.038 * Background saving started by pid 3409
3409:C 21 Apr 2026 12:17:28.044 * DB saved on disk
3409:C 21 Apr 2026 12:17:28.045 * Fork CoW for RDB: current 0 MB, peak 0 MB, average 0 MB
1678:M 21 Apr 2026 12:17:28.144 * Background saving terminated with success
1678:M 21 Apr 2026 12:17:44.055 * 1 changes in 15 seconds. Saving...
1678:M 21 Apr 2026 12:17:44.056 * Background saving started by pid 3419
3419:C 21 Apr 2026 12:17:44.060 * DB saved on disk
3419:C 21 Apr 2026 12:17:44.061 * Fork CoW for RDB: current 0 MB, peak 0 MB, average 0 MB
1678:M 21 Apr 2026 12:17:44.158 * Background saving terminated with success
1678:M 21 Apr 2026 12:18:00.056 * 1 changes in 15 seconds. Saving...
1678:M 21 Apr 2026 12:18:00.057 * Background saving started by pid 3429
3429:C 21 Apr 2026 12:18:00.060 * DB saved on disk
3429:C 21 Apr 2026 12:18:00.061 * Fork CoW for RDB: current 0 MB, peak 0 MB, average 0 MB
1678:M 21 Apr 2026 12:18:00.158 * Background saving terminated with success
1678:M 21 Apr 2026 12:18:35.420 * 1 changes in 15 seconds. Saving...
1678:M 21 Apr 2026 12:18:35.420 * Background saving started by pid 3449
3449:C 21 Apr 2026 12:18:35.422 * DB saved on disk
3449:C 21 Apr 2026 12:18:35.422 * Fork CoW for RDB: current 0 MB, peak 0 MB, average 0 MB
1678:M 21 Apr 2026 12:18:35.525 * Background saving terminated with success
1678:M 21 Apr 2026 12:18:51.025 * 1 changes in 15 seconds. Saving...
1678:M 21 Apr 2026 12:18:51.025 * Background saving started by pid 3459
3459:C 21 Apr 2026 12:18:51.028 * DB saved on disk
3459:C 21 Apr 2026 12:18:51.028 * Fork CoW for RDB: current 0 MB, peak 0 MB, average 0 MB
1678:M 21 Apr 2026 12:18:51.128 * Background saving terminated with success
1678:M 21 Apr 2026 12:19:07.011 * 1 changes in 15 seconds. Saving...
1678:M 21 Apr 2026 12:19:07.013 * Background saving started by pid 3469
3469:C 21 Apr 2026 12:19:07.018 * DB saved on disk
3469:C 21 Apr 2026 12:19:07.019 * Fork CoW for RDB: current 0 MB, peak 0 MB, average 0 MB
1678:M 21 Apr 2026 12:19:07.115 * Background saving terminated with success
1678:M 21 Apr 2026 12:19:23.040 * 1 changes in 15 seconds. Saving...
1678:M 21 Apr 2026 12:19:23.041 * Background saving started by pid 3480
3480:C 21 Apr 2026 12:19:23.043 * DB saved on disk
3480:C 21 Apr 2026 12:19:23.044 * Fork CoW for RDB: current 0 MB, peak 0 MB, average 0 MB
1678:M 21 Apr 2026 12:19:23.147 * Background saving terminated with success
1678:M 21 Apr 2026 12:19:39.009 * 1 changes in 15 seconds. Saving...
1678:M 21 Apr 2026 12:19:39.009 * Background saving started by pid 3490
3490:C 21 Apr 2026 12:19:39.015 * DB saved on disk
3490:C 21 Apr 2026 12:19:39.015 * Fork CoW for RDB: current 0 MB, peak 0 MB, average 0 MB
1678:M 21 Apr 2026 12:19:39.111 * Background saving terminated with success
