1930:C 27 Feb 2026 17:12:46.051 # oO0OoO0OoO0Oo Redis is starting oO0OoO0OoO0Oo
1930:C 27 Feb 2026 17:12:46.051 # Redis version=7.0.15, bits=64, commit=00000000, modified=0, pid=1930, just started
1930:C 27 Feb 2026 17:12:46.051 # Configuration loaded
1930:M 27 Feb 2026 17:12:46.051 * monotonic clock: POSIX clock_gettime
1930:M 27 Feb 2026 17:12:46.052 * Running mode=standalone, port=6379.
1930:M 27 Feb 2026 17:12:46.052 # Server initialized
1930:M 27 Feb 2026 17:12:46.055 * Ready to accept connections
1930:M 27 Feb 2026 17:13:06.356 * 1 changes in 15 seconds. Saving...
1930:M 27 Feb 2026 17:13:06.357 * Background saving started by pid 2325
2325:C 27 Feb 2026 17:13:06.359 * DB saved on disk
2325:C 27 Feb 2026 17:13:06.359 * Fork CoW for RDB: current 0 MB, peak 0 MB, average 0 MB
1930:M 27 Feb 2026 17:13:06.462 * Background saving terminated with success
1930:M 27 Feb 2026 17:13:22.089 * 1 changes in 15 seconds. Saving...
1930:M 27 Feb 2026 17:13:22.089 * Background saving started by pid 2348
2348:C 27 Feb 2026 17:13:22.094 * DB saved on disk
2348:C 27 Feb 2026 17:13:22.094 * Fork CoW for RDB: current 0 MB, peak 0 MB, average 0 MB
1930:M 27 Feb 2026 17:13:22.192 * Background saving terminated with success
1930:M 27 Feb 2026 17:14:18.588 * 1 changes in 15 seconds. Saving...
1930:M 27 Feb 2026 17:14:18.588 * Background saving started by pid 2379
2379:C 27 Feb 2026 17:14:18.591 * DB saved on disk
2379:C 27 Feb 2026 17:14:18.592 * Fork CoW for RDB: current 0 MB, peak 0 MB, average 0 MB
1930:M 27 Feb 2026 17:14:18.691 * Background saving terminated with success
1930:M 27 Feb 2026 17:14:34.083 * 1 changes in 15 seconds. Saving...
1930:M 27 Feb 2026 17:14:34.086 * Background saving started by pid 2419
2419:C 27 Feb 2026 17:14:34.092 * DB saved on disk
2419:C 27 Feb 2026 17:14:34.092 * Fork CoW for RDB: current 0 MB, peak 0 MB, average 0 MB
1930:M 27 Feb 2026 17:14:34.188 * Background saving terminated with success
1930:M 27 Feb 2026 17:14:50.050 * 1 changes in 15 seconds. Saving...
1930:M 27 Feb 2026 17:14:50.051 * Background saving started by pid 2430
2430:C 27 Feb 2026 17:14:50.056 * DB saved on disk
2430:C 27 Feb 2026 17:14:50.056 * Fork CoW for RDB: current 0 MB, peak 0 MB, average 0 MB
1930:M 27 Feb 2026 17:14:50.156 * Background saving terminated with success
1930:M 27 Feb 2026 17:15:06.101 * 1 changes in 15 seconds. Saving...
1930:M 27 Feb 2026 17:15:06.103 * Background saving started by pid 2451
2451:C 27 Feb 2026 17:15:06.109 * DB saved on disk
2451:C 27 Feb 2026 17:15:06.109 * Fork CoW for RDB: current 0 MB, peak 0 MB, average 0 MB
1930:M 27 Feb 2026 17:15:06.205 * Background saving terminated with success
1930:M 27 Feb 2026 17:15:30.109 * 1 changes in 15 seconds. Saving...
1930:M 27 Feb 2026 17:15:30.110 * Background saving started by pid 2462
2462:C 27 Feb 2026 17:15:30.112 * DB saved on disk
2462:C 27 Feb 2026 17:15:30.112 * Fork CoW for RDB: current 0 MB, peak 0 MB, average 0 MB
1930:M 27 Feb 2026 17:15:30.211 * Background saving terminated with success
1930:M 27 Feb 2026 17:15:46.089 * 1 changes in 15 seconds. Saving...
1930:M 27 Feb 2026 17:15:46.089 * Background saving started by pid 2473
2473:C 27 Feb 2026 17:15:46.091 * DB saved on disk
2473:C 27 Feb 2026 17:15:46.091 * Fork CoW for RDB: current 0 MB, peak 0 MB, average 0 MB
1930:M 27 Feb 2026 17:15:46.191 * Background saving terminated with success
1930:M 27 Feb 2026 17:16:02.027 * 1 changes in 15 seconds. Saving...
1930:M 27 Feb 2026 17:16:02.028 * Background saving started by pid 2486
2486:C 27 Feb 2026 17:16:02.032 * DB saved on disk
2486:C 27 Feb 2026 17:16:02.033 * Fork CoW for RDB: current 0 MB, peak 0 MB, average 0 MB
1930:M 27 Feb 2026 17:16:02.133 * Background saving terminated with success
1930:M 27 Feb 2026 17:16:18.056 * 1 changes in 15 seconds. Saving...
1930:M 27 Feb 2026 17:16:18.058 * Background saving started by pid 2496
2496:C 27 Feb 2026 17:16:18.070 * DB saved on disk
2496:C 27 Feb 2026 17:16:18.071 * Fork CoW for RDB: current 0 MB, peak 0 MB, average 0 MB
1930:M 27 Feb 2026 17:16:18.160 * Background saving terminated with success
