1681:C 21 Apr 2026 16:05:59.729 # oO0OoO0OoO0Oo Redis is starting oO0OoO0OoO0Oo
1681:C 21 Apr 2026 16:05:59.729 # Redis version=7.0.15, bits=64, commit=00000000, modified=0, pid=1681, just started
1681:C 21 Apr 2026 16:05:59.729 # Configuration loaded
1681:M 21 Apr 2026 16:05:59.729 * monotonic clock: POSIX clock_gettime
1681:M 21 Apr 2026 16:05:59.731 * Running mode=standalone, port=6379.
1681:M 21 Apr 2026 16:05:59.731 # Server initialized
1681:M 21 Apr 2026 16:05:59.737 * Loading RDB produced by version 7.0.15
1681:M 21 Apr 2026 16:05:59.737 * RDB age 13580 seconds
1681:M 21 Apr 2026 16:05:59.737 * RDB memory usage when created 1.20 Mb
1681:M 21 Apr 2026 16:05:59.737 * Done loading RDB, keys loaded: 11, keys expired: 1.
1681:M 21 Apr 2026 16:05:59.737 * DB loaded from disk: 0.004 seconds
1681:M 21 Apr 2026 16:05:59.738 * Ready to accept connections
1681:M 21 Apr 2026 16:06:15.014 * 1 changes in 15 seconds. Saving...
1681:M 21 Apr 2026 16:06:15.015 * Background saving started by pid 2018
2018:C 21 Apr 2026 16:06:15.022 * DB saved on disk
2018:C 21 Apr 2026 16:06:15.022 * Fork CoW for RDB: current 0 MB, peak 0 MB, average 0 MB
1681:M 21 Apr 2026 16:06:15.119 * Background saving terminated with success
1681:M 21 Apr 2026 16:06:31.011 * 1 changes in 15 seconds. Saving...
1681:M 21 Apr 2026 16:06:31.011 * Background saving started by pid 2078
2078:C 21 Apr 2026 16:06:31.015 * DB saved on disk
2078:C 21 Apr 2026 16:06:31.016 * Fork CoW for RDB: current 0 MB, peak 0 MB, average 0 MB
1681:M 21 Apr 2026 16:06:31.113 * Background saving terminated with success
1681:M 21 Apr 2026 16:06:48.546 * 1 changes in 15 seconds. Saving...
1681:M 21 Apr 2026 16:06:48.547 * Background saving started by pid 2091
2091:C 21 Apr 2026 16:06:48.550 * DB saved on disk
2091:C 21 Apr 2026 16:06:48.551 * Fork CoW for RDB: current 0 MB, peak 0 MB, average 0 MB
1681:M 21 Apr 2026 16:06:48.648 * Background saving terminated with success
1681:M 21 Apr 2026 16:07:04.083 * 1 changes in 15 seconds. Saving...
1681:M 21 Apr 2026 16:07:04.084 * Background saving started by pid 2104
2104:C 21 Apr 2026 16:07:04.090 * DB saved on disk
2104:C 21 Apr 2026 16:07:04.091 * Fork CoW for RDB: current 0 MB, peak 0 MB, average 0 MB
1681:M 21 Apr 2026 16:07:04.189 * Background saving terminated with success
1681:M 21 Apr 2026 16:07:20.011 * 1 changes in 15 seconds. Saving...
1681:M 21 Apr 2026 16:07:20.011 * Background saving started by pid 2115
2115:C 21 Apr 2026 16:07:20.017 * DB saved on disk
2115:C 21 Apr 2026 16:07:20.018 * Fork CoW for RDB: current 0 MB, peak 0 MB, average 0 MB
1681:M 21 Apr 2026 16:07:20.113 * Background saving terminated with success
1681:M 21 Apr 2026 16:07:36.009 * 1 changes in 15 seconds. Saving...
1681:M 21 Apr 2026 16:07:36.010 * Background saving started by pid 2127
2127:C 21 Apr 2026 16:07:36.015 * DB saved on disk
2127:C 21 Apr 2026 16:07:36.016 * Fork CoW for RDB: current 0 MB, peak 0 MB, average 0 MB
1681:M 21 Apr 2026 16:07:36.112 * Background saving terminated with success
1681:M 21 Apr 2026 16:07:52.097 * 1 changes in 15 seconds. Saving...
1681:M 21 Apr 2026 16:07:52.098 * Background saving started by pid 2137
2137:C 21 Apr 2026 16:07:52.104 * DB saved on disk
2137:C 21 Apr 2026 16:07:52.105 * Fork CoW for RDB: current 0 MB, peak 0 MB, average 0 MB
1681:M 21 Apr 2026 16:07:52.204 * Background saving terminated with success
1681:M 21 Apr 2026 16:08:08.031 * 1 changes in 15 seconds. Saving...
1681:M 21 Apr 2026 16:08:08.032 * Background saving started by pid 2154
2154:C 21 Apr 2026 16:08:08.036 * DB saved on disk
2154:C 21 Apr 2026 16:08:08.037 * Fork CoW for RDB: current 0 MB, peak 0 MB, average 0 MB
1681:M 21 Apr 2026 16:08:08.133 * Background saving terminated with success
1681:M 21 Apr 2026 16:08:30.784 * 1 changes in 15 seconds. Saving...
1681:M 21 Apr 2026 16:08:30.784 * Background saving started by pid 2173
2173:C 21 Apr 2026 16:08:30.789 * DB saved on disk
2173:C 21 Apr 2026 16:08:30.790 * Fork CoW for RDB: current 0 MB, peak 0 MB, average 0 MB
1681:M 21 Apr 2026 16:08:30.887 * Background saving terminated with success
1681:M 21 Apr 2026 16:09:05.532 * 1 changes in 15 seconds. Saving...
1681:M 21 Apr 2026 16:09:05.532 * Background saving started by pid 2193
2193:C 21 Apr 2026 16:09:05.535 * DB saved on disk
2193:C 21 Apr 2026 16:09:05.536 * Fork CoW for RDB: current 0 MB, peak 0 MB, average 0 MB
1681:M 21 Apr 2026 16:09:05.633 * Background saving terminated with success
1681:M 21 Apr 2026 16:09:21.058 * 1 changes in 15 seconds. Saving...
1681:M 21 Apr 2026 16:09:21.058 * Background saving started by pid 2203
2203:C 21 Apr 2026 16:09:21.064 * DB saved on disk
2203:C 21 Apr 2026 16:09:21.064 * Fork CoW for RDB: current 0 MB, peak 0 MB, average 0 MB
1681:M 21 Apr 2026 16:09:21.165 * Background saving terminated with success
1681:M 21 Apr 2026 16:09:51.285 * 1 changes in 15 seconds. Saving...
1681:M 21 Apr 2026 16:09:51.286 * Background saving started by pid 2223
2223:C 21 Apr 2026 16:09:51.287 * DB saved on disk
2223:C 21 Apr 2026 16:09:51.288 * Fork CoW for RDB: current 0 MB, peak 0 MB, average 0 MB
1681:M 21 Apr 2026 16:09:51.386 * Background saving terminated with success
1681:M 21 Apr 2026 16:10:09.854 * 1 changes in 15 seconds. Saving...
1681:M 21 Apr 2026 16:10:09.854 * Background saving started by pid 2248
2248:C 21 Apr 2026 16:10:09.856 * DB saved on disk
2248:C 21 Apr 2026 16:10:09.857 * Fork CoW for RDB: current 0 MB, peak 0 MB, average 0 MB
1681:M 21 Apr 2026 16:10:09.959 * Background saving terminated with success
1681:M 21 Apr 2026 16:13:10.646 * 1 changes in 15 seconds. Saving...
1681:M 21 Apr 2026 16:13:10.646 * Background saving started by pid 2362
2362:C 21 Apr 2026 16:13:10.649 * DB saved on disk
2362:C 21 Apr 2026 16:13:10.649 * Fork CoW for RDB: current 0 MB, peak 0 MB, average 0 MB
1681:M 21 Apr 2026 16:13:10.747 * Background saving terminated with success
1681:M 21 Apr 2026 16:17:33.821 * 1 changes in 15 seconds. Saving...
1681:M 21 Apr 2026 16:17:33.821 * Background saving started by pid 2528
2528:C 21 Apr 2026 16:17:33.823 * DB saved on disk
2528:C 21 Apr 2026 16:17:33.823 * Fork CoW for RDB: current 0 MB, peak 0 MB, average 0 MB
1681:M 21 Apr 2026 16:17:33.923 * Background saving terminated with success
1681:M 21 Apr 2026 16:17:49.018 * 1 changes in 15 seconds. Saving...
1681:M 21 Apr 2026 16:17:49.018 * Background saving started by pid 2543
2543:C 21 Apr 2026 16:17:49.023 * DB saved on disk
2543:C 21 Apr 2026 16:17:49.024 * Fork CoW for RDB: current 0 MB, peak 0 MB, average 0 MB
1681:M 21 Apr 2026 16:17:49.120 * Background saving terminated with success
1681:M 21 Apr 2026 16:18:05.032 * 1 changes in 15 seconds. Saving...
1681:M 21 Apr 2026 16:18:05.033 * Background saving started by pid 2568
2568:C 21 Apr 2026 16:18:05.037 * DB saved on disk
2568:C 21 Apr 2026 16:18:05.038 * Fork CoW for RDB: current 0 MB, peak 0 MB, average 0 MB
1681:M 21 Apr 2026 16:18:05.135 * Background saving terminated with success
1681:M 21 Apr 2026 16:18:21.092 * 1 changes in 15 seconds. Saving...
1681:M 21 Apr 2026 16:18:21.093 * Background saving started by pid 2579
2579:C 21 Apr 2026 16:18:21.098 * DB saved on disk
2579:C 21 Apr 2026 16:18:21.099 * Fork CoW for RDB: current 0 MB, peak 0 MB, average 0 MB
1681:M 21 Apr 2026 16:18:21.195 * Background saving terminated with success
1681:M 21 Apr 2026 16:18:47.462 * 1 changes in 15 seconds. Saving...
1681:M 21 Apr 2026 16:18:47.462 * Background saving started by pid 2599
2599:C 21 Apr 2026 16:18:47.465 * DB saved on disk
2599:C 21 Apr 2026 16:18:47.465 * Fork CoW for RDB: current 0 MB, peak 0 MB, average 0 MB
1681:M 21 Apr 2026 16:18:47.565 * Background saving terminated with success
1681:M 21 Apr 2026 16:19:03.029 * 1 changes in 15 seconds. Saving...
1681:M 21 Apr 2026 16:19:03.029 * Background saving started by pid 2610
2610:C 21 Apr 2026 16:19:03.031 * DB saved on disk
2610:C 21 Apr 2026 16:19:03.032 * Fork CoW for RDB: current 0 MB, peak 0 MB, average 0 MB
1681:M 21 Apr 2026 16:19:03.135 * Background saving terminated with success
1681:M 21 Apr 2026 16:19:19.095 * 1 changes in 15 seconds. Saving...
1681:M 21 Apr 2026 16:19:19.095 * Background saving started by pid 2620
2620:C 21 Apr 2026 16:19:19.098 * DB saved on disk
2620:C 21 Apr 2026 16:19:19.099 * Fork CoW for RDB: current 0 MB, peak 0 MB, average 0 MB
1681:M 21 Apr 2026 16:19:19.201 * Background saving terminated with success
1719:C 22 Apr 2026 15:00:02.706 # oO0OoO0OoO0Oo Redis is starting oO0OoO0OoO0Oo
1719:C 22 Apr 2026 15:00:02.706 # Redis version=7.0.15, bits=64, commit=00000000, modified=0, pid=1719, just started
1719:C 22 Apr 2026 15:00:02.706 # Configuration loaded
1719:M 22 Apr 2026 15:00:02.707 * monotonic clock: POSIX clock_gettime
1719:M 22 Apr 2026 15:00:02.708 * Running mode=standalone, port=6379.
1719:M 22 Apr 2026 15:00:02.708 # Server initialized
1719:M 22 Apr 2026 15:00:02.716 * Loading RDB produced by version 7.0.15
1719:M 22 Apr 2026 15:00:02.716 * RDB age 81643 seconds
1719:M 22 Apr 2026 15:00:02.716 * RDB memory usage when created 1.13 Mb
1719:M 22 Apr 2026 15:00:02.716 * Done loading RDB, keys loaded: 9, keys expired: 3.
1719:M 22 Apr 2026 15:00:02.716 * DB loaded from disk: 0.005 seconds
1719:M 22 Apr 2026 15:00:02.717 * Ready to accept connections
1719:M 22 Apr 2026 15:00:20.902 * 1 changes in 15 seconds. Saving...
1719:M 22 Apr 2026 15:00:20.902 * Background saving started by pid 2057
2057:C 22 Apr 2026 15:00:20.904 * DB saved on disk
2057:C 22 Apr 2026 15:00:20.904 * Fork CoW for RDB: current 0 MB, peak 0 MB, average 0 MB
1719:M 22 Apr 2026 15:00:21.003 * Background saving terminated with success
1719:M 22 Apr 2026 15:00:37.013 * 1 changes in 15 seconds. Saving...
1719:M 22 Apr 2026 15:00:37.014 * Background saving started by pid 2072
2072:C 22 Apr 2026 15:00:37.018 * DB saved on disk
2072:C 22 Apr 2026 15:00:37.019 * Fork CoW for RDB: current 0 MB, peak 0 MB, average 0 MB
1719:M 22 Apr 2026 15:00:37.115 * Background saving terminated with success
