1683:C 11 Mar 2026 15:48:30.716 # oO0OoO0OoO0Oo Redis is starting oO0OoO0OoO0Oo
1683:C 11 Mar 2026 15:48:30.716 # Redis version=7.0.15, bits=64, commit=00000000, modified=0, pid=1683, just started
1683:C 11 Mar 2026 15:48:30.717 # Configuration loaded
1683:M 11 Mar 2026 15:48:30.717 * monotonic clock: POSIX clock_gettime
1683:M 11 Mar 2026 15:48:30.718 * Running mode=standalone, port=6379.
1683:M 11 Mar 2026 15:48:30.718 # Server initialized
1683:M 11 Mar 2026 15:48:30.726 * Loading RDB produced by version 7.0.15
1683:M 11 Mar 2026 15:48:30.726 * RDB age 171308 seconds
1683:M 11 Mar 2026 15:48:30.726 * RDB memory usage when created 1.15 Mb
1683:M 11 Mar 2026 15:48:30.726 * Done loading RDB, keys loaded: 8, keys expired: 3.
1683:M 11 Mar 2026 15:48:30.726 * DB loaded from disk: 0.005 seconds
1683:M 11 Mar 2026 15:48:30.726 * Ready to accept connections
1683:M 11 Mar 2026 15:48:49.487 * 1 changes in 15 seconds. Saving...
1683:M 11 Mar 2026 15:48:49.488 * Background saving started by pid 2028
2028:C 11 Mar 2026 15:48:49.489 * DB saved on disk
2028:C 11 Mar 2026 15:48:49.489 * Fork CoW for RDB: current 0 MB, peak 0 MB, average 0 MB
1683:M 11 Mar 2026 15:48:49.590 * Background saving terminated with success
1683:M 11 Mar 2026 15:49:05.035 * 1 changes in 15 seconds. Saving...
1683:M 11 Mar 2026 15:49:05.035 * Background saving started by pid 2049
2049:C 11 Mar 2026 15:49:05.041 * DB saved on disk
2049:C 11 Mar 2026 15:49:05.041 * Fork CoW for RDB: current 0 MB, peak 0 MB, average 0 MB
1683:M 11 Mar 2026 15:49:05.136 * Background saving terminated with success
1683:M 11 Mar 2026 15:49:21.027 * 1 changes in 15 seconds. Saving...
1683:M 11 Mar 2026 15:49:21.027 * Background saving started by pid 2100
2100:C 11 Mar 2026 15:49:21.033 * DB saved on disk
2100:C 11 Mar 2026 15:49:21.033 * Fork CoW for RDB: current 0 MB, peak 0 MB, average 0 MB
1683:M 11 Mar 2026 15:49:21.130 * Background saving terminated with success
1683:M 11 Mar 2026 15:50:39.458 * 1 changes in 15 seconds. Saving...
1683:M 11 Mar 2026 15:50:39.459 * Background saving started by pid 2159
2159:C 11 Mar 2026 15:50:39.464 * DB saved on disk
2159:C 11 Mar 2026 15:50:39.464 * Fork CoW for RDB: current 0 MB, peak 0 MB, average 0 MB
1683:M 11 Mar 2026 15:50:39.561 * Background saving terminated with success
1683:M 11 Mar 2026 15:50:55.106 * 1 changes in 15 seconds. Saving...
1683:M 11 Mar 2026 15:50:55.106 * Background saving started by pid 2171
2171:C 11 Mar 2026 15:50:55.112 * DB saved on disk
2171:C 11 Mar 2026 15:50:55.113 * Fork CoW for RDB: current 0 MB, peak 0 MB, average 0 MB
1683:M 11 Mar 2026 15:50:55.209 * Background saving terminated with success
1683:M 11 Mar 2026 15:53:06.776 * 1 changes in 15 seconds. Saving...
1683:M 11 Mar 2026 15:53:06.776 * Background saving started by pid 2193
2193:C 11 Mar 2026 15:53:06.778 * DB saved on disk
2193:C 11 Mar 2026 15:53:06.778 * Fork CoW for RDB: current 0 MB, peak 0 MB, average 0 MB
1683:M 11 Mar 2026 15:53:06.879 * Background saving terminated with success
1683:M 11 Mar 2026 15:53:22.060 * 1 changes in 15 seconds. Saving...
1683:M 11 Mar 2026 15:53:22.062 * Background saving started by pid 2215
2215:C 11 Mar 2026 15:53:22.070 * DB saved on disk
2215:C 11 Mar 2026 15:53:22.071 * Fork CoW for RDB: current 0 MB, peak 0 MB, average 0 MB
1683:M 11 Mar 2026 15:53:22.164 * Background saving terminated with success
1683:M 11 Mar 2026 15:53:38.048 * 1 changes in 15 seconds. Saving...
1683:M 11 Mar 2026 15:53:38.049 * Background saving started by pid 2232
2232:C 11 Mar 2026 15:53:38.054 * DB saved on disk
2232:C 11 Mar 2026 15:53:38.054 * Fork CoW for RDB: current 0 MB, peak 0 MB, average 0 MB
1683:M 11 Mar 2026 15:53:38.150 * Background saving terminated with success
1683:M 11 Mar 2026 16:16:03.016 * 1 changes in 15 seconds. Saving...
1683:M 11 Mar 2026 16:16:03.016 * Background saving started by pid 2879
2879:C 11 Mar 2026 16:16:03.020 * DB saved on disk
2879:C 11 Mar 2026 16:16:03.021 * Fork CoW for RDB: current 0 MB, peak 0 MB, average 0 MB
1683:M 11 Mar 2026 16:16:03.119 * Background saving terminated with success
