1681:C 03 Mar 2026 01:04:32.605 # oO0OoO0OoO0Oo Redis is starting oO0OoO0OoO0Oo
1681:C 03 Mar 2026 01:04:32.605 # Redis version=7.0.15, bits=64, commit=00000000, modified=0, pid=1681, just started
1681:C 03 Mar 2026 01:04:32.605 # Configuration loaded
1681:M 03 Mar 2026 01:04:32.605 * monotonic clock: POSIX clock_gettime
1681:M 03 Mar 2026 01:04:32.607 * Running mode=standalone, port=6379.
1681:M 03 Mar 2026 01:04:32.607 # Server initialized
1681:M 03 Mar 2026 01:04:32.614 * Loading RDB produced by version 7.0.15
1681:M 03 Mar 2026 01:04:32.614 * RDB age 286266 seconds
1681:M 03 Mar 2026 01:04:32.614 * RDB memory usage when created 1.08 Mb
1681:M 03 Mar 2026 01:04:32.615 * Done loading RDB, keys loaded: 8, keys expired: 3.
1681:M 03 Mar 2026 01:04:32.615 * DB loaded from disk: 0.003 seconds
1681:M 03 Mar 2026 01:04:32.615 * Ready to accept connections
1681:M 03 Mar 2026 01:04:51.501 * 1 changes in 15 seconds. Saving...
1681:M 03 Mar 2026 01:04:51.501 * Background saving started by pid 2028
2028:C 03 Mar 2026 01:04:51.504 * DB saved on disk
2028:C 03 Mar 2026 01:04:51.505 * Fork CoW for RDB: current 0 MB, peak 0 MB, average 0 MB
1681:M 03 Mar 2026 01:04:51.603 * Background saving terminated with success
1681:M 03 Mar 2026 01:05:07.092 * 1 changes in 15 seconds. Saving...
1681:M 03 Mar 2026 01:05:07.093 * Background saving started by pid 2042
2042:C 03 Mar 2026 01:05:07.098 * DB saved on disk
2042:C 03 Mar 2026 01:05:07.098 * Fork CoW for RDB: current 0 MB, peak 0 MB, average 0 MB
1681:M 03 Mar 2026 01:05:07.196 * Background saving terminated with success
1681:M 03 Mar 2026 01:05:46.727 * 1 changes in 15 seconds. Saving...
1681:M 03 Mar 2026 01:05:46.728 * Background saving started by pid 2081
2081:C 03 Mar 2026 01:05:46.730 * DB saved on disk
2081:C 03 Mar 2026 01:05:46.730 * Fork CoW for RDB: current 0 MB, peak 0 MB, average 0 MB
1681:M 03 Mar 2026 01:05:46.831 * Background saving terminated with success
1681:M 03 Mar 2026 01:06:02.060 * 1 changes in 15 seconds. Saving...
1681:M 03 Mar 2026 01:06:02.061 * Background saving started by pid 2121
2121:C 03 Mar 2026 01:06:02.065 * DB saved on disk
2121:C 03 Mar 2026 01:06:02.066 * Fork CoW for RDB: current 0 MB, peak 0 MB, average 0 MB
1681:M 03 Mar 2026 01:06:02.162 * Background saving terminated with success
1681:M 03 Mar 2026 01:06:25.477 * 1 changes in 15 seconds. Saving...
1681:M 03 Mar 2026 01:06:25.477 * Background saving started by pid 2132
2132:C 03 Mar 2026 01:06:25.479 * DB saved on disk
2132:C 03 Mar 2026 01:06:25.479 * Fork CoW for RDB: current 0 MB, peak 0 MB, average 0 MB
1681:M 03 Mar 2026 01:06:25.579 * Background saving terminated with success
1681:M 03 Mar 2026 01:06:41.099 * 1 changes in 15 seconds. Saving...
1681:M 03 Mar 2026 01:06:41.100 * Background saving started by pid 2151
2151:C 03 Mar 2026 01:06:41.103 * DB saved on disk
2151:C 03 Mar 2026 01:06:41.104 * Fork CoW for RDB: current 0 MB, peak 0 MB, average 0 MB
1681:M 03 Mar 2026 01:06:41.200 * Background saving terminated with success
1681:M 03 Mar 2026 01:06:57.011 * 1 changes in 15 seconds. Saving...
1681:M 03 Mar 2026 01:06:57.012 * Background saving started by pid 2165
2165:C 03 Mar 2026 01:06:57.017 * DB saved on disk
2165:C 03 Mar 2026 01:06:57.018 * Fork CoW for RDB: current 0 MB, peak 0 MB, average 0 MB
1681:M 03 Mar 2026 01:06:57.117 * Background saving terminated with success
1704:C 06 Mar 2026 01:20:44.781 # oO0OoO0OoO0Oo Redis is starting oO0OoO0OoO0Oo
1704:C 06 Mar 2026 01:20:44.781 # Redis version=7.0.15, bits=64, commit=00000000, modified=0, pid=1704, just started
1704:C 06 Mar 2026 01:20:44.781 # Configuration loaded
1704:M 06 Mar 2026 01:20:44.781 * monotonic clock: POSIX clock_gettime
1704:M 06 Mar 2026 01:20:44.782 * Running mode=standalone, port=6379.
1704:M 06 Mar 2026 01:20:44.782 # Server initialized
1704:M 06 Mar 2026 01:20:44.788 * Loading RDB produced by version 7.0.15
1704:M 06 Mar 2026 01:20:44.788 * RDB age 260027 seconds
1704:M 06 Mar 2026 01:20:44.788 * RDB memory usage when created 1.13 Mb
1704:M 06 Mar 2026 01:20:44.788 * Done loading RDB, keys loaded: 8, keys expired: 3.
1704:M 06 Mar 2026 01:20:44.788 * DB loaded from disk: 0.002 seconds
1704:M 06 Mar 2026 01:20:44.788 * Ready to accept connections
1704:M 06 Mar 2026 01:21:03.959 * 1 changes in 15 seconds. Saving...
1704:M 06 Mar 2026 01:21:03.960 * Background saving started by pid 2046
2046:C 06 Mar 2026 01:21:03.962 * DB saved on disk
2046:C 06 Mar 2026 01:21:03.962 * Fork CoW for RDB: current 0 MB, peak 0 MB, average 0 MB
1704:M 06 Mar 2026 01:21:04.061 * Background saving terminated with success
1703:C 08 Mar 2026 19:44:15.562 # oO0OoO0OoO0Oo Redis is starting oO0OoO0OoO0Oo
1703:C 08 Mar 2026 19:44:15.562 # Redis version=7.0.15, bits=64, commit=00000000, modified=0, pid=1703, just started
1703:C 08 Mar 2026 19:44:15.562 # Configuration loaded
1703:M 08 Mar 2026 19:44:15.562 * monotonic clock: POSIX clock_gettime
1703:M 08 Mar 2026 19:44:15.575 * Running mode=standalone, port=6379.
1703:M 08 Mar 2026 19:44:15.575 # Server initialized
1703:M 08 Mar 2026 19:44:15.590 * Loading RDB produced by version 7.0.15
1703:M 08 Mar 2026 19:44:15.590 * RDB age 238992 seconds
1703:M 08 Mar 2026 19:44:15.590 * RDB memory usage when created 1.03 Mb
1703:M 08 Mar 2026 19:44:15.590 * Done loading RDB, keys loaded: 8, keys expired: 1.
1703:M 08 Mar 2026 19:44:15.590 * DB loaded from disk: 0.007 seconds
1703:M 08 Mar 2026 19:44:15.591 * Ready to accept connections
1703:M 08 Mar 2026 19:44:31.052 * 1 changes in 15 seconds. Saving...
1703:M 08 Mar 2026 19:44:31.053 * Background saving started by pid 2053
2053:C 08 Mar 2026 19:44:31.059 * DB saved on disk
2053:C 08 Mar 2026 19:44:31.060 * Fork CoW for RDB: current 0 MB, peak 0 MB, average 0 MB
1703:M 08 Mar 2026 19:44:31.154 * Background saving terminated with success
1703:M 08 Mar 2026 19:44:47.027 * 1 changes in 15 seconds. Saving...
1703:M 08 Mar 2026 19:44:47.027 * Background saving started by pid 2116
2116:C 08 Mar 2026 19:44:47.030 * DB saved on disk
2116:C 08 Mar 2026 19:44:47.031 * Fork CoW for RDB: current 0 MB, peak 0 MB, average 0 MB
1703:M 08 Mar 2026 19:44:47.130 * Background saving terminated with success
1703:M 08 Mar 2026 19:45:03.046 * 1 changes in 15 seconds. Saving...
1703:M 08 Mar 2026 19:45:03.047 * Background saving started by pid 2131
2131:C 08 Mar 2026 19:45:03.051 * DB saved on disk
2131:C 08 Mar 2026 19:45:03.052 * Fork CoW for RDB: current 0 MB, peak 0 MB, average 0 MB
1703:M 08 Mar 2026 19:45:03.152 * Background saving terminated with success
1703:M 08 Mar 2026 19:45:33.974 * 1 changes in 15 seconds. Saving...
1703:M 08 Mar 2026 19:45:33.975 * Background saving started by pid 2151
2151:C 08 Mar 2026 19:45:33.977 * DB saved on disk
2151:C 08 Mar 2026 19:45:33.977 * Fork CoW for RDB: current 0 MB, peak 0 MB, average 0 MB
1703:M 08 Mar 2026 19:45:34.075 * Background saving terminated with success
1703:M 08 Mar 2026 19:45:50.055 * 1 changes in 15 seconds. Saving...
1703:M 08 Mar 2026 19:45:50.055 * Background saving started by pid 2162
2162:C 08 Mar 2026 19:45:50.061 * DB saved on disk
2162:C 08 Mar 2026 19:45:50.062 * Fork CoW for RDB: current 0 MB, peak 0 MB, average 0 MB
1703:M 08 Mar 2026 19:45:50.156 * Background saving terminated with success
1703:M 08 Mar 2026 19:46:06.056 * 1 changes in 15 seconds. Saving...
1703:M 08 Mar 2026 19:46:06.057 * Background saving started by pid 2173
2173:C 08 Mar 2026 19:46:06.062 * DB saved on disk
2173:C 08 Mar 2026 19:46:06.063 * Fork CoW for RDB: current 0 MB, peak 0 MB, average 0 MB
1703:M 08 Mar 2026 19:46:06.163 * Background saving terminated with success
1703:M 08 Mar 2026 19:46:23.776 * 1 changes in 15 seconds. Saving...
1703:M 08 Mar 2026 19:46:23.777 * Background saving started by pid 2195
2195:C 08 Mar 2026 19:46:23.779 * DB saved on disk
2195:C 08 Mar 2026 19:46:23.780 * Fork CoW for RDB: current 0 MB, peak 0 MB, average 0 MB
1703:M 08 Mar 2026 19:46:23.878 * Background saving terminated with success
1703:M 08 Mar 2026 19:46:39.045 * 1 changes in 15 seconds. Saving...
1703:M 08 Mar 2026 19:46:39.046 * Background saving started by pid 2207
2207:C 08 Mar 2026 19:46:39.053 * DB saved on disk
2207:C 08 Mar 2026 19:46:39.053 * Fork CoW for RDB: current 0 MB, peak 0 MB, average 0 MB
1703:M 08 Mar 2026 19:46:39.146 * Background saving terminated with success
1703:M 08 Mar 2026 19:46:56.901 * 1 changes in 15 seconds. Saving...
1703:M 08 Mar 2026 19:46:56.901 * Background saving started by pid 2217
2217:C 08 Mar 2026 19:46:56.903 * DB saved on disk
2217:C 08 Mar 2026 19:46:56.903 * Fork CoW for RDB: current 0 MB, peak 0 MB, average 0 MB
1703:M 08 Mar 2026 19:46:57.002 * Background saving terminated with success
1703:M 08 Mar 2026 19:47:26.881 * 1 changes in 15 seconds. Saving...
1703:M 08 Mar 2026 19:47:26.881 * Background saving started by pid 2238
2238:C 08 Mar 2026 19:47:26.883 * DB saved on disk
2238:C 08 Mar 2026 19:47:26.884 * Fork CoW for RDB: current 0 MB, peak 0 MB, average 0 MB
1703:M 08 Mar 2026 19:47:26.985 * Background saving terminated with success
1703:M 08 Mar 2026 19:48:28.512 * 1 changes in 15 seconds. Saving...
1703:M 08 Mar 2026 19:48:28.513 * Background saving started by pid 2281
2281:C 08 Mar 2026 19:48:28.514 * DB saved on disk
2281:C 08 Mar 2026 19:48:28.515 * Fork CoW for RDB: current 0 MB, peak 0 MB, average 0 MB
1703:M 08 Mar 2026 19:48:28.614 * Background saving terminated with success
1703:M 08 Mar 2026 19:48:44.099 * 1 changes in 15 seconds. Saving...
1703:M 08 Mar 2026 19:48:44.099 * Background saving started by pid 2292
2292:C 08 Mar 2026 19:48:44.103 * DB saved on disk
2292:C 08 Mar 2026 19:48:44.104 * Fork CoW for RDB: current 0 MB, peak 0 MB, average 0 MB
1703:M 08 Mar 2026 19:48:44.202 * Background saving terminated with success
1703:M 08 Mar 2026 19:49:00.051 * 1 changes in 15 seconds. Saving...
1703:M 08 Mar 2026 19:49:00.052 * Background saving started by pid 2303
2303:C 08 Mar 2026 19:49:00.057 * DB saved on disk
2303:C 08 Mar 2026 19:49:00.058 * Fork CoW for RDB: current 0 MB, peak 0 MB, average 0 MB
1703:M 08 Mar 2026 19:49:00.156 * Background saving terminated with success
1703:M 08 Mar 2026 19:49:16.054 * 1 changes in 15 seconds. Saving...
1703:M 08 Mar 2026 19:49:16.055 * Background saving started by pid 2319
2319:C 08 Mar 2026 19:49:16.060 * DB saved on disk
2319:C 08 Mar 2026 19:49:16.060 * Fork CoW for RDB: current 0 MB, peak 0 MB, average 0 MB
1703:M 08 Mar 2026 19:49:16.157 * Background saving terminated with success
1703:M 08 Mar 2026 19:49:40.672 * 1 changes in 15 seconds. Saving...
1703:M 08 Mar 2026 19:49:40.673 * Background saving started by pid 2338
2338:C 08 Mar 2026 19:49:40.675 * DB saved on disk
2338:C 08 Mar 2026 19:49:40.675 * Fork CoW for RDB: current 0 MB, peak 0 MB, average 0 MB
1703:M 08 Mar 2026 19:49:40.775 * Background saving terminated with success
1703:M 08 Mar 2026 19:49:59.959 * 1 changes in 15 seconds. Saving...
1703:M 08 Mar 2026 19:49:59.959 * Background saving started by pid 2349
2349:C 08 Mar 2026 19:49:59.962 * DB saved on disk
2349:C 08 Mar 2026 19:49:59.962 * Fork CoW for RDB: current 0 MB, peak 0 MB, average 0 MB
1703:M 08 Mar 2026 19:50:00.060 * Background saving terminated with success
1703:M 08 Mar 2026 19:50:16.012 * 1 changes in 15 seconds. Saving...
1703:M 08 Mar 2026 19:50:16.013 * Background saving started by pid 2360
2360:C 08 Mar 2026 19:50:16.015 * DB saved on disk
2360:C 08 Mar 2026 19:50:16.015 * Fork CoW for RDB: current 0 MB, peak 0 MB, average 0 MB
1703:M 08 Mar 2026 19:50:16.117 * Background saving terminated with success
1703:M 08 Mar 2026 19:50:32.055 * 1 changes in 15 seconds. Saving...
1703:M 08 Mar 2026 19:50:32.056 * Background saving started by pid 2370
2370:C 08 Mar 2026 19:50:32.062 * DB saved on disk
2370:C 08 Mar 2026 19:50:32.062 * Fork CoW for RDB: current 0 MB, peak 0 MB, average 0 MB
1703:M 08 Mar 2026 19:50:32.158 * Background saving terminated with success
