1678:C 22 Apr 2026 15:57:49.346 # oO0OoO0OoO0Oo Redis is starting oO0OoO0OoO0Oo
1678:C 22 Apr 2026 15:57:49.346 # Redis version=7.0.15, bits=64, commit=00000000, modified=0, pid=1678, just started
1678:C 22 Apr 2026 15:57:49.346 # Configuration loaded
1678:M 22 Apr 2026 15:57:49.346 * monotonic clock: POSIX clock_gettime
1678:M 22 Apr 2026 15:57:49.348 * Running mode=standalone, port=6379.
1678:M 22 Apr 2026 15:57:49.348 # Server initialized
1678:M 22 Apr 2026 15:57:49.352 * Loading RDB produced by version 7.0.15
1678:M 22 Apr 2026 15:57:49.352 * RDB age 3432 seconds
1678:M 22 Apr 2026 15:57:49.352 * RDB memory usage when created 1.03 Mb
1678:M 22 Apr 2026 15:57:49.353 * Done loading RDB, keys loaded: 8, keys expired: 1.
1678:M 22 Apr 2026 15:57:49.353 * DB loaded from disk: 0.002 seconds
1678:M 22 Apr 2026 15:57:49.353 * Ready to accept connections
1678:M 22 Apr 2026 15:58:05.016 * 1 changes in 15 seconds. Saving...
1678:M 22 Apr 2026 15:58:05.017 * Background saving started by pid 2030
2030:C 22 Apr 2026 15:58:05.022 * DB saved on disk
2030:C 22 Apr 2026 15:58:05.022 * Fork CoW for RDB: current 0 MB, peak 0 MB, average 0 MB
1678:M 22 Apr 2026 15:58:05.120 * Background saving terminated with success
1678:M 22 Apr 2026 15:58:21.004 * 1 changes in 15 seconds. Saving...
1678:M 22 Apr 2026 15:58:21.005 * Background saving started by pid 2051
2051:C 22 Apr 2026 15:58:21.009 * DB saved on disk
2051:C 22 Apr 2026 15:58:21.009 * Fork CoW for RDB: current 0 MB, peak 0 MB, average 0 MB
1678:M 22 Apr 2026 15:58:21.107 * Background saving terminated with success
1678:M 22 Apr 2026 15:59:36.362 * 1 changes in 15 seconds. Saving...
1678:M 22 Apr 2026 15:59:36.362 * Background saving started by pid 2105
2105:C 22 Apr 2026 15:59:36.364 * DB saved on disk
2105:C 22 Apr 2026 15:59:36.365 * Fork CoW for RDB: current 0 MB, peak 0 MB, average 0 MB
1678:M 22 Apr 2026 15:59:36.463 * Background saving terminated with success
1678:M 22 Apr 2026 15:59:52.010 * 1 changes in 15 seconds. Saving...
1678:M 22 Apr 2026 15:59:52.010 * Background saving started by pid 2155
2155:C 22 Apr 2026 15:59:52.015 * DB saved on disk
2155:C 22 Apr 2026 15:59:52.015 * Fork CoW for RDB: current 0 MB, peak 0 MB, average 0 MB
1678:M 22 Apr 2026 15:59:52.114 * Background saving terminated with success
1678:M 22 Apr 2026 16:00:08.080 * 1 changes in 15 seconds. Saving...
1678:M 22 Apr 2026 16:00:08.081 * Background saving started by pid 2165
2165:C 22 Apr 2026 16:00:08.088 * DB saved on disk
2165:C 22 Apr 2026 16:00:08.089 * Fork CoW for RDB: current 0 MB, peak 0 MB, average 0 MB
1678:M 22 Apr 2026 16:00:08.187 * Background saving terminated with success
1678:M 22 Apr 2026 16:00:24.026 * 1 changes in 15 seconds. Saving...
1678:M 22 Apr 2026 16:00:24.027 * Background saving started by pid 2177
2177:C 22 Apr 2026 16:00:24.032 * DB saved on disk
2177:C 22 Apr 2026 16:00:24.032 * Fork CoW for RDB: current 0 MB, peak 0 MB, average 0 MB
1678:M 22 Apr 2026 16:00:24.128 * Background saving terminated with success
1678:M 22 Apr 2026 16:00:40.062 * 1 changes in 15 seconds. Saving...
1678:M 22 Apr 2026 16:00:40.063 * Background saving started by pid 2187
2187:C 22 Apr 2026 16:00:40.067 * DB saved on disk
2187:C 22 Apr 2026 16:00:40.067 * Fork CoW for RDB: current 0 MB, peak 0 MB, average 0 MB
1678:M 22 Apr 2026 16:00:40.166 * Background saving terminated with success
1678:M 22 Apr 2026 16:00:56.099 * 1 changes in 15 seconds. Saving...
1678:M 22 Apr 2026 16:00:56.099 * Background saving started by pid 2206
2206:C 22 Apr 2026 16:00:56.103 * DB saved on disk
2206:C 22 Apr 2026 16:00:56.103 * Fork CoW for RDB: current 0 MB, peak 0 MB, average 0 MB
1678:M 22 Apr 2026 16:00:56.202 * Background saving terminated with success
1678:M 22 Apr 2026 16:20:11.543 * 1 changes in 15 seconds. Saving...
1678:M 22 Apr 2026 16:20:11.544 * Background saving started by pid 2924
2924:C 22 Apr 2026 16:20:11.549 * DB saved on disk
2924:C 22 Apr 2026 16:20:11.549 * Fork CoW for RDB: current 0 MB, peak 0 MB, average 0 MB
1678:M 22 Apr 2026 16:20:11.646 * Background saving terminated with success
1678:M 22 Apr 2026 16:20:27.096 * 1 changes in 15 seconds. Saving...
1678:M 22 Apr 2026 16:20:27.096 * Background saving started by pid 2940
2940:C 22 Apr 2026 16:20:27.102 * DB saved on disk
2940:C 22 Apr 2026 16:20:27.102 * Fork CoW for RDB: current 0 MB, peak 0 MB, average 0 MB
1678:M 22 Apr 2026 16:20:27.202 * Background saving terminated with success
1678:M 22 Apr 2026 16:21:32.423 * 1 changes in 15 seconds. Saving...
1678:M 22 Apr 2026 16:21:32.423 * Background saving started by pid 2979
2979:C 22 Apr 2026 16:21:32.425 * DB saved on disk
2979:C 22 Apr 2026 16:21:32.426 * Fork CoW for RDB: current 0 MB, peak 0 MB, average 0 MB
1678:M 22 Apr 2026 16:21:32.524 * Background saving terminated with success
1678:M 22 Apr 2026 16:21:48.036 * 1 changes in 15 seconds. Saving...
1678:M 22 Apr 2026 16:21:48.036 * Background saving started by pid 2993
2993:C 22 Apr 2026 16:21:48.042 * DB saved on disk
2993:C 22 Apr 2026 16:21:48.043 * Fork CoW for RDB: current 0 MB, peak 0 MB, average 0 MB
1678:M 22 Apr 2026 16:21:48.139 * Background saving terminated with success
