1678:C 24 Apr 2026 16:03:52.978 # oO0OoO0OoO0Oo Redis is starting oO0OoO0OoO0Oo
1678:C 24 Apr 2026 16:03:52.978 # Redis version=7.0.15, bits=64, commit=00000000, modified=0, pid=1678, just started
1678:C 24 Apr 2026 16:03:52.978 # Configuration loaded
1678:M 24 Apr 2026 16:03:52.978 * monotonic clock: POSIX clock_gettime
1678:M 24 Apr 2026 16:03:52.981 * Running mode=standalone, port=6379.
1678:M 24 Apr 2026 16:03:52.981 # Server initialized
1678:M 24 Apr 2026 16:03:52.992 * Loading RDB produced by version 7.0.15
1678:M 24 Apr 2026 16:03:52.992 * RDB age 171724 seconds
1678:M 24 Apr 2026 16:03:52.992 * RDB memory usage when created 1.13 Mb
1678:M 24 Apr 2026 16:03:52.992 * Done loading RDB, keys loaded: 9, keys expired: 3.
1678:M 24 Apr 2026 16:03:52.992 * DB loaded from disk: 0.004 seconds
1678:M 24 Apr 2026 16:03:52.993 * Ready to accept connections
1678:M 24 Apr 2026 16:04:12.467 * 1 changes in 15 seconds. Saving...
1678:M 24 Apr 2026 16:04:12.467 * Background saving started by pid 2026
2026:C 24 Apr 2026 16:04:12.471 * DB saved on disk
2026:C 24 Apr 2026 16:04:12.472 * Fork CoW for RDB: current 0 MB, peak 0 MB, average 0 MB
1678:M 24 Apr 2026 16:04:12.569 * Background saving terminated with success
1678:M 24 Apr 2026 16:04:28.020 * 1 changes in 15 seconds. Saving...
1678:M 24 Apr 2026 16:04:28.021 * Background saving started by pid 2039
2039:C 24 Apr 2026 16:04:28.026 * DB saved on disk
2039:C 24 Apr 2026 16:04:28.026 * Fork CoW for RDB: current 0 MB, peak 0 MB, average 0 MB
1678:M 24 Apr 2026 16:04:28.122 * Background saving terminated with success
1678:M 24 Apr 2026 16:04:44.022 * 1 changes in 15 seconds. Saving...
1678:M 24 Apr 2026 16:04:44.023 * Background saving started by pid 2057
2057:C 24 Apr 2026 16:04:44.030 * DB saved on disk
2057:C 24 Apr 2026 16:04:44.030 * Fork CoW for RDB: current 0 MB, peak 0 MB, average 0 MB
1678:M 24 Apr 2026 16:04:44.129 * Background saving terminated with success
1678:M 24 Apr 2026 16:06:02.470 * 1 changes in 15 seconds. Saving...
1678:M 24 Apr 2026 16:06:02.471 * Background saving started by pid 2116
2116:C 24 Apr 2026 16:06:02.475 * DB saved on disk
2116:C 24 Apr 2026 16:06:02.475 * Fork CoW for RDB: current 0 MB, peak 0 MB, average 0 MB
1678:M 24 Apr 2026 16:06:02.571 * Background saving terminated with success
1678:M 24 Apr 2026 16:06:18.052 * 1 changes in 15 seconds. Saving...
1678:M 24 Apr 2026 16:06:18.052 * Background saving started by pid 2132
2132:C 24 Apr 2026 16:06:18.058 * DB saved on disk
2132:C 24 Apr 2026 16:06:18.058 * Fork CoW for RDB: current 0 MB, peak 0 MB, average 0 MB
1678:M 24 Apr 2026 16:06:18.153 * Background saving terminated with success
1678:M 24 Apr 2026 16:06:34.030 * 1 changes in 15 seconds. Saving...
1678:M 24 Apr 2026 16:06:34.031 * Background saving started by pid 2172
2172:C 24 Apr 2026 16:06:34.036 * DB saved on disk
2172:C 24 Apr 2026 16:06:34.037 * Fork CoW for RDB: current 0 MB, peak 0 MB, average 0 MB
1678:M 24 Apr 2026 16:06:34.132 * Background saving terminated with success
1678:M 24 Apr 2026 16:06:50.017 * 1 changes in 15 seconds. Saving...
1678:M 24 Apr 2026 16:06:50.019 * Background saving started by pid 2192
2192:C 24 Apr 2026 16:06:50.026 * DB saved on disk
2192:C 24 Apr 2026 16:06:50.027 * Fork CoW for RDB: current 0 MB, peak 0 MB, average 0 MB
1678:M 24 Apr 2026 16:06:50.121 * Background saving terminated with success
1678:M 24 Apr 2026 16:07:10.145 * 1 changes in 15 seconds. Saving...
1678:M 24 Apr 2026 16:07:10.146 * Background saving started by pid 2205
2205:C 24 Apr 2026 16:07:10.163 * DB saved on disk
2205:C 24 Apr 2026 16:07:10.164 * Fork CoW for RDB: current 0 MB, peak 0 MB, average 0 MB
1678:M 24 Apr 2026 16:07:10.247 * Background saving terminated with success
1678:M 24 Apr 2026 16:07:26.099 * 1 changes in 15 seconds. Saving...
1678:M 24 Apr 2026 16:07:26.101 * Background saving started by pid 2215
2215:C 24 Apr 2026 16:07:26.108 * DB saved on disk
2215:C 24 Apr 2026 16:07:26.108 * Fork CoW for RDB: current 0 MB, peak 0 MB, average 0 MB
1678:M 24 Apr 2026 16:07:26.202 * Background saving terminated with success
1678:M 24 Apr 2026 16:07:59.320 * 1 changes in 15 seconds. Saving...
1678:M 24 Apr 2026 16:07:59.321 * Background saving started by pid 2236
2236:C 24 Apr 2026 16:07:59.324 * DB saved on disk
2236:C 24 Apr 2026 16:07:59.324 * Fork CoW for RDB: current 0 MB, peak 0 MB, average 0 MB
1678:M 24 Apr 2026 16:07:59.423 * Background saving terminated with success
1678:M 24 Apr 2026 16:08:15.064 * 1 changes in 15 seconds. Saving...
1678:M 24 Apr 2026 16:08:15.066 * Background saving started by pid 2247
2247:C 24 Apr 2026 16:08:15.072 * DB saved on disk
2247:C 24 Apr 2026 16:08:15.073 * Fork CoW for RDB: current 0 MB, peak 0 MB, average 0 MB
1678:M 24 Apr 2026 16:08:15.169 * Background saving terminated with success
1678:M 24 Apr 2026 16:08:36.245 * 1 changes in 15 seconds. Saving...
1678:M 24 Apr 2026 16:08:36.246 * Background saving started by pid 2266
2266:C 24 Apr 2026 16:08:36.248 * DB saved on disk
2266:C 24 Apr 2026 16:08:36.248 * Fork CoW for RDB: current 0 MB, peak 0 MB, average 0 MB
1678:M 24 Apr 2026 16:08:36.347 * Background saving terminated with success
1678:M 24 Apr 2026 16:08:52.100 * 1 changes in 15 seconds. Saving...
1678:M 24 Apr 2026 16:08:52.100 * Background saving started by pid 2277
2277:C 24 Apr 2026 16:08:52.107 * DB saved on disk
2277:C 24 Apr 2026 16:08:52.107 * Fork CoW for RDB: current 0 MB, peak 0 MB, average 0 MB
1678:M 24 Apr 2026 16:08:52.205 * Background saving terminated with success
