2026-03-25 16:37:03,090 CRIT Supervisor is running as root.  Privileges were not dropped because no user is specified in the config file.  If you intend to run as root, you can set user=root in the config file to avoid this message.
2026-03-25 16:37:03,091 INFO Included extra file "/tmp/appsmith/supervisor-conf.d/backend.conf" during parsing
2026-03-25 16:37:03,091 INFO Included extra file "/tmp/appsmith/supervisor-conf.d/editor.conf" during parsing
2026-03-25 16:37:03,091 INFO Included extra file "/tmp/appsmith/supervisor-conf.d/mongodb.conf" during parsing
2026-03-25 16:37:03,091 INFO Included extra file "/tmp/appsmith/supervisor-conf.d/postgres.conf" during parsing
2026-03-25 16:37:03,091 INFO Included extra file "/tmp/appsmith/supervisor-conf.d/redis.conf" during parsing
2026-03-25 16:37:03,091 INFO Included extra file "/tmp/appsmith/supervisor-conf.d/rts.conf" during parsing
2026-03-25 16:37:03,099 INFO RPC interface 'supervisor' initialized
2026-03-25 16:37:03,099 INFO RPC interface 'supervisor' initialized
2026-03-25 16:37:03,099 CRIT Server 'unix_http_server' running without any HTTP authentication checking
2026-03-25 16:37:03,099 INFO supervisord started with pid 1
2026-03-25 16:37:03,405 INFO spawned: 'stdout' with pid 1675
2026-03-25 16:37:03,409 INFO spawned: 'redis' with pid 1676
2026-03-25 16:37:03,419 INFO spawned: 'mongodb' with pid 1677
2026-03-25 16:37:03,424 INFO spawned: 'rts' with pid 1678
2026-03-25 16:37:03,430 INFO spawned: 'backend' with pid 1679
2026-03-25 16:37:03,438 INFO spawned: 'editor' with pid 1681
2026-03-25 16:37:03,449 INFO spawned: 'postgres' with pid 1687
2026-03-25 16:37:03,468 INFO success: redis entered RUNNING state, process has stayed up for > than 0 seconds (startsecs)
2026-03-25 16:37:03,468 INFO success: rts entered RUNNING state, process has stayed up for > than 0 seconds (startsecs)
2026-03-25 16:37:03,469 INFO success: editor entered RUNNING state, process has stayed up for > than 0 seconds (startsecs)
2026-03-25 16:37:04,056 INFO reaped unknown pid 73 (exit status 0)
2026-03-25 16:37:04,770 INFO success: stdout entered RUNNING state, process has stayed up for > than 1 seconds (startsecs)
2026-03-25 16:37:04,773 INFO success: postgres entered RUNNING state, process has stayed up for > than 1 seconds (startsecs)
2026-03-25 16:37:07,901 INFO reaped unknown pid 102 (exit status 0)
2026-03-25 16:37:13,733 INFO success: mongodb entered RUNNING state, process has stayed up for > than 10 seconds (startsecs)
2026-03-25 16:37:23,964 INFO success: backend entered RUNNING state, process has stayed up for > than 20 seconds (startsecs)
2026-03-25 16:50:45,151 WARN received SIGTERM indicating exit request
2026-03-25 16:50:45,151 INFO waiting for stdout, redis, mongodb, rts, backend, editor, postgres to die
2026-03-25 16:50:45,161 INFO stopped: postgres (exit status 0)
2026-03-25 16:50:45,162 WARN stopped: editor (exit status 2)
