2026-02-27 17:12:45,376 CRIT Supervisor is running as root.  Privileges were not dropped because no user is specified in the config file.  If you intend to run as root, you can set user=root in the config file to avoid this message.
2026-02-27 17:12:45,376 INFO Included extra file "/tmp/appsmith/supervisor-conf.d/backend.conf" during parsing
2026-02-27 17:12:45,376 INFO Included extra file "/tmp/appsmith/supervisor-conf.d/editor.conf" during parsing
2026-02-27 17:12:45,376 INFO Included extra file "/tmp/appsmith/supervisor-conf.d/mongodb.conf" during parsing
2026-02-27 17:12:45,376 INFO Included extra file "/tmp/appsmith/supervisor-conf.d/postgres.conf" during parsing
2026-02-27 17:12:45,376 INFO Included extra file "/tmp/appsmith/supervisor-conf.d/redis.conf" during parsing
2026-02-27 17:12:45,376 INFO Included extra file "/tmp/appsmith/supervisor-conf.d/rts.conf" during parsing
2026-02-27 17:12:45,378 INFO RPC interface 'supervisor' initialized
2026-02-27 17:12:45,378 INFO RPC interface 'supervisor' initialized
2026-02-27 17:12:45,378 CRIT Server 'unix_http_server' running without any HTTP authentication checking
2026-02-27 17:12:45,378 INFO supervisord started with pid 1
2026-02-27 17:12:46,047 INFO spawned: 'stdout' with pid 1929
2026-02-27 17:12:46,047 INFO spawned: 'redis' with pid 1930
2026-02-27 17:12:46,048 INFO spawned: 'mongodb' with pid 1931
2026-02-27 17:12:46,049 INFO spawned: 'rts' with pid 1932
2026-02-27 17:12:46,050 INFO spawned: 'backend' with pid 1933
2026-02-27 17:12:46,052 INFO spawned: 'editor' with pid 1935
2026-02-27 17:12:46,054 INFO spawned: 'postgres' with pid 1940
2026-02-27 17:12:46,059 INFO success: redis entered RUNNING state, process has stayed up for > than 0 seconds (startsecs)
2026-02-27 17:12:46,059 INFO success: rts entered RUNNING state, process has stayed up for > than 0 seconds (startsecs)
2026-02-27 17:12:46,059 INFO success: editor entered RUNNING state, process has stayed up for > than 0 seconds (startsecs)
2026-02-27 17:12:46,172 INFO reaped unknown pid 89 (exit status 0)
2026-02-27 17:12:47,085 INFO success: stdout entered RUNNING state, process has stayed up for > than 1 seconds (startsecs)
2026-02-27 17:12:47,085 INFO success: postgres entered RUNNING state, process has stayed up for > than 1 seconds (startsecs)
2026-02-27 17:12:47,606 INFO reaped unknown pid 119 (exit status 0)
2026-02-27 17:12:56,161 INFO success: mongodb entered RUNNING state, process has stayed up for > than 10 seconds (startsecs)
2026-02-27 17:13:06,289 INFO success: backend entered RUNNING state, process has stayed up for > than 20 seconds (startsecs)
2026-02-27 17:32:07,408 WARN received SIGTERM indicating exit request
2026-02-27 17:32:07,409 INFO waiting for stdout, redis, mongodb, rts, backend, editor, postgres to die
2026-02-27 17:32:07,419 INFO stopped: postgres (exit status 0)
2026-02-27 17:32:07,421 WARN stopped: editor (exit status 2)
