2026-04-22 15:57:48,378 CRIT Supervisor is running as root.  Privileges were not dropped because no user is specified in the config file.  If you intend to run as root, you can set user=root in the config file to avoid this message.
2026-04-22 15:57:48,378 INFO Included extra file "/tmp/appsmith/supervisor-conf.d/backend.conf" during parsing
2026-04-22 15:57:48,378 INFO Included extra file "/tmp/appsmith/supervisor-conf.d/editor.conf" during parsing
2026-04-22 15:57:48,378 INFO Included extra file "/tmp/appsmith/supervisor-conf.d/mongodb.conf" during parsing
2026-04-22 15:57:48,378 INFO Included extra file "/tmp/appsmith/supervisor-conf.d/postgres.conf" during parsing
2026-04-22 15:57:48,378 INFO Included extra file "/tmp/appsmith/supervisor-conf.d/redis.conf" during parsing
2026-04-22 15:57:48,378 INFO Included extra file "/tmp/appsmith/supervisor-conf.d/rts.conf" during parsing
2026-04-22 15:57:48,383 INFO RPC interface 'supervisor' initialized
2026-04-22 15:57:48,383 INFO RPC interface 'supervisor' initialized
2026-04-22 15:57:48,383 CRIT Server 'unix_http_server' running without any HTTP authentication checking
2026-04-22 15:57:48,383 INFO supervisord started with pid 1
2026-04-22 15:57:49,324 INFO spawned: 'stdout' with pid 1677
2026-04-22 15:57:49,326 INFO spawned: 'redis' with pid 1678
2026-04-22 15:57:49,328 INFO spawned: 'mongodb' with pid 1679
2026-04-22 15:57:49,329 INFO spawned: 'rts' with pid 1680
2026-04-22 15:57:49,331 INFO spawned: 'backend' with pid 1681
2026-04-22 15:57:49,332 INFO spawned: 'editor' with pid 1682
2026-04-22 15:57:49,334 INFO spawned: 'postgres' with pid 1686
2026-04-22 15:57:49,338 INFO success: redis entered RUNNING state, process has stayed up for > than 0 seconds (startsecs)
2026-04-22 15:57:49,338 INFO success: rts entered RUNNING state, process has stayed up for > than 0 seconds (startsecs)
2026-04-22 15:57:49,339 INFO success: editor entered RUNNING state, process has stayed up for > than 0 seconds (startsecs)
2026-04-22 15:57:49,478 INFO reaped unknown pid 75 (exit status 0)
2026-04-22 15:57:50,385 INFO success: stdout entered RUNNING state, process has stayed up for > than 1 seconds (startsecs)
2026-04-22 15:57:50,385 INFO success: postgres entered RUNNING state, process has stayed up for > than 1 seconds (startsecs)
2026-04-22 15:57:51,260 INFO reaped unknown pid 104 (exit status 0)
2026-04-22 15:57:59,527 INFO success: mongodb entered RUNNING state, process has stayed up for > than 10 seconds (startsecs)
2026-04-22 15:58:09,612 INFO success: backend entered RUNNING state, process has stayed up for > than 20 seconds (startsecs)
2026-04-22 17:40:23,714 WARN received SIGTERM indicating exit request
2026-04-22 17:40:23,714 INFO waiting for stdout, redis, mongodb, rts, backend, editor, postgres to die
2026-04-22 17:40:23,726 INFO stopped: postgres (exit status 0)
2026-04-22 17:40:23,728 WARN stopped: editor (exit status 2)
