2026-04-24 16:03:52,046 CRIT Supervisor is running as root.  Privileges were not dropped because no user is specified in the config file.  If you intend to run as root, you can set user=root in the config file to avoid this message.
2026-04-24 16:03:52,046 INFO Included extra file "/tmp/appsmith/supervisor-conf.d/backend.conf" during parsing
2026-04-24 16:03:52,046 INFO Included extra file "/tmp/appsmith/supervisor-conf.d/editor.conf" during parsing
2026-04-24 16:03:52,046 INFO Included extra file "/tmp/appsmith/supervisor-conf.d/mongodb.conf" during parsing
2026-04-24 16:03:52,046 INFO Included extra file "/tmp/appsmith/supervisor-conf.d/postgres.conf" during parsing
2026-04-24 16:03:52,046 INFO Included extra file "/tmp/appsmith/supervisor-conf.d/redis.conf" during parsing
2026-04-24 16:03:52,046 INFO Included extra file "/tmp/appsmith/supervisor-conf.d/rts.conf" during parsing
2026-04-24 16:03:52,052 INFO RPC interface 'supervisor' initialized
2026-04-24 16:03:52,052 INFO RPC interface 'supervisor' initialized
2026-04-24 16:03:52,052 CRIT Server 'unix_http_server' running without any HTTP authentication checking
2026-04-24 16:03:52,052 INFO supervisord started with pid 1
2026-04-24 16:03:52,951 INFO spawned: 'stdout' with pid 1677
2026-04-24 16:03:52,954 INFO spawned: 'redis' with pid 1678
2026-04-24 16:03:52,956 INFO spawned: 'mongodb' with pid 1679
2026-04-24 16:03:52,958 INFO spawned: 'rts' with pid 1680
2026-04-24 16:03:52,961 INFO spawned: 'backend' with pid 1681
2026-04-24 16:03:52,964 INFO spawned: 'editor' with pid 1684
2026-04-24 16:03:52,973 INFO spawned: 'postgres' with pid 1690
2026-04-24 16:03:52,978 INFO success: redis entered RUNNING state, process has stayed up for > than 0 seconds (startsecs)
2026-04-24 16:03:52,979 INFO success: rts entered RUNNING state, process has stayed up for > than 0 seconds (startsecs)
2026-04-24 16:03:52,979 INFO success: editor entered RUNNING state, process has stayed up for > than 0 seconds (startsecs)
2026-04-24 16:03:53,176 INFO reaped unknown pid 75 (exit status 0)
2026-04-24 16:03:53,999 INFO success: stdout entered RUNNING state, process has stayed up for > than 1 seconds (startsecs)
2026-04-24 16:03:53,999 INFO success: postgres entered RUNNING state, process has stayed up for > than 1 seconds (startsecs)
2026-04-24 16:03:55,063 INFO reaped unknown pid 104 (exit status 0)
2026-04-24 16:04:03,330 INFO success: mongodb entered RUNNING state, process has stayed up for > than 10 seconds (startsecs)
2026-04-24 16:04:13,056 INFO success: backend entered RUNNING state, process has stayed up for > than 20 seconds (startsecs)
2026-04-24 16:41:52,422 WARN received SIGTERM indicating exit request
2026-04-24 16:41:52,422 INFO waiting for stdout, redis, mongodb, rts, backend, editor, postgres to die
2026-04-24 16:41:52,433 INFO stopped: postgres (exit status 0)
2026-04-24 16:41:52,435 WARN stopped: editor (exit status 2)
